<html>
<body>
<pre>
<h1>µVision Build Log</h1>
<h2>Tool Versions:</h2>
IDE-Version: ¦ÌVision V5.15
Copyright (C) 2015 ARM Ltd and ARM Germany GmbH. All rights reserved.
License Information: Z work, Z, LIC=IK1BF-62ERZ-12WLE-54WVP-ELB2M-G4C9E
 
Tool Versions:
Toolchain:       MDK-ARM Standard  Version: 5.15.0
Toolchain Path:  D:\Keil_v5\ARM\ARMCC\Bin
C Compiler:      Armcc.exe V5.05 update 2 (build 169)
Assembler:       Armasm.exe V5.05 update 2 (build 169)
Linker/Locator:  ArmLink.exe V5.05 update 2 (build 169)
Library Manager: ArmAr.exe V5.05 update 2 (build 169)
Hex Converter:   FromElf.exe V5.05 update 2 (build 169)
CPU DLL:         SARMCM3.DLL V5.15.0
Dialog DLL:      DCM.DLL V1.13.2.0
Target DLL:      UL2CM3.DLL V1.155.8.0
Dialog DLL:      TCM.DLL V1.14.5.0
 
<h2>Project:</h2>
F:\project\Maxeye\check_1F\USI216_cap_issue\ble\application\Keil_5\app_216.uvprojx
Project File Date:  05/24/2023

<h2>Output:</h2>
*** Using Compiler 'V5.05 update 2 (build 169)', folder: 'D:\Keil_v5\ARM\ARMCC\Bin'
Build target 'GR5515_SK'
compiling maxeye_notify.c...
compiling user_log.c...
linking...
Program Size: Code=135232 RO-data=18276 RW-data=2400 ZI-data=52368  
FromELF: creating hex file...
After Build - User command #1: fromelf.exe --bin --output ..\..\..\image\application\ble\oppo_pencil.bin Objects\oppo_pencil.axf
After Build - User command #2: ..\..\..\image\application\make_image_216.bat
generate merge image : oppo_pencil_3in1_1.1.1F_Build230525.bin
QPainter::setFont: Painter not active
generate goodix image : oppo_pencil_3in1_1.1.1F_Build230525_goodix.bin
generate success.
generate goodix image : oppo_pencil_3in1_1.1.1F_Build230525_sign.bin
1
2
3
4
5
6
const n: 0x932c9bed
hash:
2543cb728e82830300ce91cbd0a0c63f87a92a8d29758c12b6f41dfe2cef3847
buf: 0x68,0x83,0x28,0x34,0xdf,0x44,0x75,0xe7,0x4a,0x3e,0x22,0x58,0x11,0x73,0x1e,0x94, 
buf: 0x1b,0xb4,0x15,0x83,0x82,0x0b,0x89,0xce,0xa8,0x92,0x25,0xdf,0x3a,0x15,0x48,0x13,0x94,0x1e,0x73,0x11,0x58,0x22,0x3e,0x4a,0xe7,0x75,0x44,0xdf,0x34,0x28,0x83,0x68,0x25,0x43,0xcb,0x72,0x8e,0x82,0x83,0x03,0x00,0xce,0x91,0xcb,0xd0,0xa0,0xc6,0x3f,0x87,0xa9,0x2a,0x8d, 
buf: 0xbb,0x63,0xd8,0x3e,0xe7,0xe7,0xfb,0x9e,0xae,0x29,0x84,0x93,0xdd,0xb3,0xa7,0xc8,0x8a,0x74,0x00,0x85,0xa7,0x31,0xce,0xb1,0x69,0x08,0x53,0x0f,0x43,0x75,0xa5,0x9c, 
buf: 0x69,0xe3,0x19,0x41,0xc6,0x75,0xd5,0xe4,0x72,0x99,0xcc,0xc3,0x1d,0xbe,0x99,0x98,0x26,0x2c,0xe9,0xa5,0x59,0x6f,0xeb,0x80,0x31,0xd8,0xaf,0xc0,0x68,0xf1,0xe9,0xfb, 
".\Objects\oppo_pencil.axf" - 0 Error(s), 0 Warning(s).

<h2>Collection of Component include folders:</h2>
  F:\project\Maxeye\check_1F\USI216_cap_issue\ble\application\Keil_5\RTE
  D:\Keil_v5\ARM\PACK\ARM\CMSIS\5.6.0\Device\ARM\ARMCM4\Include

<h2>Collection of Component Files used:</h2>
</pre>
</body>
</html>
