Component: ARM Compiler 5.05 update 2 (build 169) Tool: armlink [4d0f33]

==============================================================================

Section Cross References

    startup_gr55xx.o(RESET) refers to startup_gr55xx.o(.text) for Reset_Handler
    startup_gr55xx.o(RESET) refers to interrupt_gr55xx.o(RAM_CODE) for HardFault_Handler
    startup_gr55xx.o(RESET) refers to interrupt_gr55xx.o(RAM_CODE) for MemManage_Handler
    startup_gr55xx.o(RESET) refers to interrupt_gr55xx.o(i.SysTick_Handler) for SysTick_Handler
    startup_gr55xx.o(.text) refers to system_gr55xx.o(i.set_msp) for set_msp
    startup_gr55xx.o(.text) refers to system_gr55xx.o(i.SystemInit) for SystemInit
    startup_gr55xx.o(.text) refers to system_gr55xx.o(i.main_init) for main_init
    interrupt_gr55xx.o(RAM_CODE) refers to user_periph_setup.o(i.cortex_backtrace_fault_handler) for cortex_backtrace_fault_handler
    system_gr55xx.o(i.SystemCoreSetClock) refers to system_gr55xx.o(.constdata) for .constdata
    system_gr55xx.o(i.SystemCoreSetClock) refers to system_gr55xx.o(.data) for .data
    system_gr55xx.o(i.SystemCoreUpdateClock) refers to system_gr55xx.o(.constdata) for .constdata
    system_gr55xx.o(i.SystemCoreUpdateClock) refers to system_gr55xx.o(.data) for .data
    system_gr55xx.o(i.SystemInit) refers to sdk_ram_init_patch.o(i.sdk_init) for sdk_init
    system_gr55xx.o(i.main_init) refers to platform_sdk.o(i.pwr_mgmt_warm_boot) for pwr_mgmt_warm_boot
    system_gr55xx.o(i.main_init) refers to entry.o(.ARM.Collect$$$$00000000) for __main
    system_gr55xx.o(i.system_platform_init) refers to hal_flash_patch.o(i.hal_flash_init) for hal_flash_init
    system_gr55xx.o(i.system_platform_init) refers to platform_exflash.o(i.platform_flash_enable_quad) for platform_flash_enable_quad
    system_gr55xx.o(i.system_platform_init) refers to platform_exflash.o(i.platform_flash_protection) for platform_flash_protection
    system_gr55xx.o(i.system_platform_init) refers to platform_gr55xx.o(i.platform_init) for platform_init
    system_gr55xx.o(i.system_platform_init) refers to system_gr55xx.o(.data) for .data
    platform_gr55xx.o(i.$Sub$$main) refers to system_gr55xx.o(i.system_platform_init) for system_platform_init
    platform_gr55xx.o(i.$Sub$$main) refers to main.o(i.main) for $Super$$main
    platform_gr55xx.o(i.ble_sdk_env_init) refers to ke_task_patch.o(i.reg_msg_patch_tab) for reg_msg_patch_tab
    platform_gr55xx.o(i.ble_sdk_env_init) refers to llm_hci_patch.o(i.reg_hci_cmd_patch_tab) for reg_hci_cmd_patch_tab
    platform_gr55xx.o(i.ble_sdk_env_init) refers to gapm_task_patch.o(i.reg_gapm_hci_evt_patch_tab) for reg_gapm_hci_evt_patch_tab
    platform_gr55xx.o(i.ble_sdk_env_init) refers to cold_patch.o(i.ble_con_env_init) for ble_con_env_init
    platform_gr55xx.o(i.ble_sdk_env_init) refers to cold_patch.o(i.ble_scan_env_init) for ble_scan_env_init
    platform_gr55xx.o(i.ble_sdk_env_init) refers to cold_patch.o(i.ble_adv_env_init) for ble_adv_env_init
    platform_gr55xx.o(i.ble_sdk_env_init) refers to platform_gr55xx.o(.data) for .data
    platform_gr55xx.o(i.exflash_io_pull_config) refers to platform_gr55xx.o(i.ll_gpio_set_pin_pull) for ll_gpio_set_pin_pull
    platform_gr55xx.o(i.nvds_setup) refers to hal_flash_patch.o(i.hal_flash_erase) for hal_flash_erase
    platform_gr55xx.o(i.platform_init) refers to warm_boot_patch.o(i.warm_boot_set_exflash_readid_delay) for warm_boot_set_exflash_readid_delay
    platform_gr55xx.o(i.platform_init) refers to platform_sdk.o(i.ble_wakeup_osc_time_get) for ble_wakeup_osc_time_get
    platform_gr55xx.o(i.platform_init) refers to platform_sdk.o(i.ble_wakeup_osc_time_set) for ble_wakeup_osc_time_set
    platform_gr55xx.o(i.platform_init) refers to platform_sdk.o(i.platform_init_push) for platform_init_push
    platform_gr55xx.o(i.platform_init) refers to platform_sram.o(i.mem_pwr_mgmt_init) for mem_pwr_mgmt_init
    platform_gr55xx.o(i.platform_init) refers to platform_gr55xx.o(i.nvds_setup) for nvds_setup
    platform_gr55xx.o(i.platform_init) refers to platform_clock.o(i.platform_set_rtc_crystal_delay) for platform_set_rtc_crystal_delay
    platform_gr55xx.o(i.platform_init) refers to platform_clock.o(i.platform_clock_init) for platform_clock_init
    platform_gr55xx.o(i.platform_init) refers to platform_sdk.o(i.platform_sdk_init) for platform_sdk_init
    platform_gr55xx.o(i.platform_init) refers to pmu_calibration.o(i.system_pmu_calibration_init) for system_pmu_calibration_init
    platform_gr55xx.o(i.platform_init) refers to platform_sdk.o(i.system_pmu_deinit) for system_pmu_deinit
    platform_gr55xx.o(i.platform_init) refers to system_gr55xx.o(i.SystemCoreSetClock) for SystemCoreSetClock
    platform_gr55xx.o(i.platform_init) refers to platform_sdk.o(i.system_pmu_init) for system_pmu_init
    platform_gr55xx.o(i.platform_init) refers to platform_sdk.o(i.pmu_calibration_handler) for pmu_calibration_handler
[...]
    sys_adc_trim_get                         0x010100c1   Thumb Code   170  system_sdk_patch.o(i.sys_adc_trim_get)
    sys_device_lp_gain_offset_2m_get         0x01010191   Thumb Code    28  system_sdk_patch.o(i.sys_device_lp_gain_offset_2m_get)
    sys_device_package_get                   0x010101b1   Thumb Code    32  system_sdk_patch.o(i.sys_device_package_get)
    sys_device_sram_get                      0x010101d5   Thumb Code    30  system_sdk_patch.o(i.sys_device_sram_get)
    sys_device_uid_get                       0x010101f9   Thumb Code    36  system_sdk_patch.o(i.sys_device_uid_get)
    sys_efuse_info_sync                      0x01010221   Thumb Code   208  system_sdk_patch.o(i.sys_efuse_info_sync)
    sys_firmware_jump                        0x010102fd   Thumb Code   180  system_sdk_patch.o(i.sys_firmware_jump)
    sys_get_efuse_io_ldo                     0x010103b9   Thumb Code   108  system_sdk_patch.o(i.sys_get_efuse_io_ldo)
    sys_is_use_ext_flash                     0x0101042d   Thumb Code    60  platform_sdk.o(i.sys_is_use_ext_flash)
    sys_is_use_internal_3p3_ioldo            0x0101046d   Thumb Code    36  platform_sdk.o(i.sys_is_use_internal_3p3_ioldo)
    sys_pmu_trim_get                         0x01010495   Thumb Code   128  system_sdk_patch.o(i.sys_pmu_trim_get)
    sys_trim_sum_get                         0x01010519   Thumb Code    28  system_sdk_patch.o(i.sys_trim_sum_get)
    system_conf_correction                   0x01010571   Thumb Code     4  cold_patch.o(i.system_conf_correction)
    system_low_power_set                     0x01010575   Thumb Code   210  platform_sdk.o(i.system_low_power_set)
    system_platform_init                     0x01010665   Thumb Code    34  system_gr55xx.o(i.system_platform_init)
    system_pmu_calibration_init              0x01010691   Thumb Code    42  pmu_calibration.o(i.system_pmu_calibration_init)
    system_pmu_deinit                        0x010106c5   Thumb Code    10  platform_sdk.o(i.system_pmu_deinit)
    system_pmu_init                          0x010106d1   Thumb Code   208  platform_sdk.o(i.system_pmu_init)
    system_priority_init                     0x010107b1   Thumb Code   158  platform_sdk.o(i.system_priority_init)
    system_sdk_replace                       0x01010861   Thumb Code     8  system_sdk_patch.o(i.system_sdk_replace)
    ton_value_set                            0x01010acd   Thumb Code    50  platform_sdk.o(i.ton_value_set)
    update_io_ldo_to_prevent_leakage         0x01010b09   Thumb Code    52  platform_sdk.o(i.update_io_ldo_to_prevent_leakage)
    update_lp_clk                            0x01010b41   Thumb Code    12  platform_clock.o(i.update_lp_clk)
    user_boot                                0x01010b51   Thumb Code    74  user_boot.o(i.user_boot)
    user_dfu_init                            0x01010be9   Thumb Code    20  user_dfu.o(i.user_dfu_init)
    warm_boot_cfg_patch                      0x01010cbd   Thumb Code    26  boot_patch.o(i.warm_boot_cfg_patch)
    warm_boot_set_exflash_readid_delay       0x01010cdd   Thumb Code     6  warm_boot_patch.o(i.warm_boot_set_exflash_readid_delay)
    mcu_clk_2_qspi_clk                       0x01011044   Data          24  system_gr55xx.o(.constdata)
    app_gap_callbacks                        0x01011118   Data         100  user_gap_callback.o(.constdata)
    app_gatt_common_callback                 0x0101117c   Data           8  user_gatt_common_callback.o(.constdata)
    msgkey                                   0x010112dc   Data           3  maxeye_ble_cli.o(.constdata)
    atts_handlers_patch                      0x010114d4   Data         104  atts_patch.o(.constdata)
    RF_25OHM_LP_TX_PW_CONV_TBL_PATCH         0x01011556   Data         116  rf_gdx_patch.o(.constdata)
    Region$$Table$$Base                      0x01011e64   Number         0  anon$$obj.o(Region$$Table)
    Image$$FLASH_CODE$$Limit                 0x01011eb4   Number         0  anon$$obj.o ABSOLUTE
    Region$$Table$$Limit                     0x01011eb4   Number         0  anon$$obj.o(Region$$Table)
    ble_is_ready                             0x300035cd   Thumb Code    26  system_sdk_patch.o(TINY_RAM_SPACE)
    pwr_mgmt_ble_wakeup                      0x3000361d   Thumb Code   112  sdk_pwr_mgmt_patch.o(TINY_RAM_SPACE)
    pwr_mgmt_switch_dig_core_mode            0x3000368d   Thumb Code    30  sdk_pwr_mgmt_patch.o(TINY_RAM_SPACE)
    pwr_mgmt_check_ext_timer                 0x300036ab   Thumb Code   300  sdk_pwr_mgmt_patch.o(TINY_RAM_SPACE)
    pwr_mgmt_ultra_sleep                     0x300038c1   Thumb Code   244  sdk_pwr_mgmt_patch.o(TINY_RAM_SPACE)
    pwr_mgmt_schedule                        0x300039b5   Thumb Code   184  sdk_pwr_mgmt_patch.o(TINY_RAM_SPACE)
    Long Thumb to Thumb Veneer to fpb_save_state 0x30003a6d   Thumb Code    10  anon$$obj.o(Veneer$$Code)
    Long Thumb to Thumb Veneer to ble_sdk_schedule 0x30003a77   Thumb Code    10  anon$$obj.o(Veneer$$Code)
    Long Thumb to Thumb Veneer to fpb_load_state 0x30003a81   Thumb Code    10  anon$$obj.o(Veneer$$Code)
    Long Thumb to Thumb Veneer to BLESLP_IRQHandler 0x30003a8b   Thumb Code    10  anon$$obj.o(Veneer$$Code)
    Long Thumb to Thumb Veneer to hal_pwr_get_timer_current_value 0x30003a95   Thumb Code    10  anon$$obj.o(Veneer$$Code)
    Long Thumb to Thumb Veneer to sys_lpcycles_2_hus 0x30003a9f   Thumb Code    10  anon$$obj.o(Veneer$$Code)
    Long Thumb to Thumb Veneer to get_remain_sleep_dur 0x30003aa9   Thumb Code    10  anon$$obj.o(Veneer$$Code)
    Long Thumb to Thumb Veneer to pwr_mgmt_set_wakeup_flag 0x30003ab3   Thumb Code    10  anon$$obj.o(Veneer$$Code)
    Long Thumb to Thumb Veneer to ble_core_power_off 0x30003abd   Thumb Code    10  anon$$obj.o(Veneer$$Code)
    Long Thumb to Thumb Veneer to work_digldo_dcdc_set 0x30003ac7   Thumb Code    10  anon$$obj.o(Veneer$$Code)
    Long Thumb to Thumb Veneer to work_xo_bias_set 0x30003ad1   Thumb Code    10  anon$$obj.o(Veneer$$Code)
    Long Thumb to Thumb Veneer to ble_core_power_on 0x30003adb   Thumb Code    10  anon$$obj.o(Veneer$$Code)
    Long Thumb to Thumb Veneer to hal_exflash_deepsleep_patch 0x30003ae5   Thumb Code    10  anon$$obj.o(Veneer$$Code)
    Long Thumb to Thumb Veneer to hal_pwr_enter_chip_deepsleep 0x30003aef   Thumb Code    10  anon$$obj.o(Veneer$$Code)
    Long Thumb to Thumb Veneer to hal_exflash_wakeup_patch 0x30003af9   Thumb Code    10  anon$$obj.o(Veneer$$Code)
    Long Thumb to Thumb Veneer to pwr_mgmt_locker 0x30003b0d   Thumb Code    10  anon$$obj.o(Veneer$$Code)
    Long Thumb to Thumb Veneer to sys_us_2_lpcycles 0x30003b2b   Thumb Code    10  anon$$obj.o(Veneer$$Code)
    Long Thumb to Thumb Veneer to pwr_mgmt_save_ctx_lvl_two 0x30003b35   Thumb Code    10  anon$$obj.o(Veneer$$Code)
    Long Thumb to Thumb Veneer to mem_pwr_mgmt_check_processs 0x30003b3f   Thumb Code    10  anon$$obj.o(Veneer$$Code)
    Long Thumb to Thumb Veneer to pwr_mgmt_mode_get 0x30003b49   Thumb Code    10  anon$$obj.o(Veneer$$Code)
    Long Thumb to Thumb Veneer to pwr_mgmt_unlocker 0x30003b53   Thumb Code    10  anon$$obj.o(Veneer$$Code)
    Long Thumb to Thumb Veneer to pwr_mgmt_dev_suspend 0x30003b5d   Thumb Code    10  anon$$obj.o(Veneer$$Code)
    Long Thumb to Thumb Veneer to save_context_and_enter_sleep 0x30003b67   Thumb Code    10  anon$$obj.o(Veneer$$Code)
    patch_value                              0x30004000   Data          32  platform_patch.o(FPB)



==============================================================================

Memory Map of the image

  Image Entry point : 0x010040c9

  Load Region LR_FLASH (Base: 0x01004000, Size: 0x00012d8c, Max: 0x00800000, ABSOLUTE, COMPRESSED[0x00012b00])

    Execution Region RAM_RW (Base: 0x00804020, Size: 0x00000580, Max: 0x00030000, ABSOLUTE, COMPRESSED[0x000002f4])

    Base Addr    Size         Type   Attr      Idx    E Section Name        Object

    0x00804020   0x00000008   Data   RW          332    .data               system_gr55xx.o
    0x00804028   0x00000138   Data   RW          413    .data               platform_gr55xx.o
    0x00804160   0x00000004   Data   RW          572    .data               gr55xx_hal_gpio.o
    0x00804164   0x00000020   Data   RW          617    .data               gr55xx_hal_uart.o
    0x00804184   0x00000028   Data   RW         1026    .data               dfu_port.o
    0x008041ac   0x00000008   Data   RW         1081    .data               pmu_calibration.o
    0x008041b4   0x00000010   Data   RW         1129    .data               app_log.o
    0x008041c4   0x00000004   Data   RW         1130    .data               app_log.o
    0x008041c8   0x00000002   Data   RW         1218    .data               otas.o
    0x008041ca   0x00000002   PAD
    0x008041cc   0x0000000c   Data   RW         1219    .data               otas.o
    0x008041d8   0x00000014   Data   RW         1220    .data               otas.o
    0x008041ec   0x00000044   Data   RW         1480    .data               main.o
    0x00804230   0x00000004   Data   RW         1526    .data               user_app.o
    0x00804234   0x0000000c   Data   RW         1578    .data               user_dfu.o
    0x00804240   0x00000008   Data   RW         1632    .data               user_boot.o
    0x00804248   0x00000010   Data   RW         1724    .data               sign_verify.o
    0x00804258   0x00000008   Data   RW         1725    .data               sign_verify.o
    0x00804260   0x00000018   Data   RW         1726    .data               sign_verify.o
    0x00804278   0x00000001   Data   RW         1766    .data               maxeye_ble_cli.o
    0x00804279   0x00000001   Data   RW         1949    .data               maxeye_services.o
    0x0080427a   0x00000002   PAD
    0x0080427c   0x0000000c   Data   RW         1950    .data               maxeye_services.o
    0x00804288   0x00000014   Data   RW         1951    .data               maxeye_services.o
    0x0080429c   0x00000004   Data   RW         2017    .data               ble_sdk.lib(fpb_patch_init.o)
    0x008042a0   0x00000008   Data   RW         2042    .data               ble_sdk.lib(llm_hci_patch.o)
    0x008042a8   0x00000004   Data   RW         2082    .data               ble_sdk.lib(llc_llcp_patch.o)
    0x008042ac   0x00000008   Data   RW         2227    .data               ble_sdk.lib(gapm_task_patch.o)
    0x008042b4   0x00000008   Data   RW         2240    .data               ble_sdk.lib(ke_task_patch.o)
    0x008042bc   0x00000004   Data   RW         2252    .data               ble_sdk.lib(llc_dl_upd_patch.o)
    0x008042c0   0x00000004   Data   RW         2264    .data               ble_sdk.lib(gr55xx_hal_patch.o)
    0x008042c4   0x0000000c   Data   RW         2427    .data               ble_sdk.lib(ble_sdk_gapm_patch.o)
    0x008042d0   0x00000008   Data   RW         2455    .data               ble_sdk.lib(sdk_pwr_mgmt_patch.o)
    0x008042d8   0x00000008   Data   RW         2472    .data               ble_sdk.lib(warm_boot_patch.o)
    0x008042e0   0x00000018   Data   RW         2492    .data               ble_sdk.lib(hal_flash_patch.o)
    0x008042f8   0x00000004   Data   RW         2542    .data               ble_sdk.lib(sdk_nvds_patch.o)
    0x008042fc   0x00000148   Data   RW         2741    .data               ble_sdk.lib(platform_sdk.o)
    0x00804444   0x00000004   Data   RW         2742    .data               ble_sdk.lib(platform_sdk.o)
    0x00804448   0x00000004   Data   RW         2743    .data               ble_sdk.lib(platform_sdk.o)
    0x0080444c   0x00000004   Data   RW         2744    .data               ble_sdk.lib(platform_sdk.o)
    0x00804450   0x0000000c   Data   RW         2813    .data               ble_sdk.lib(platform_clock.o)
    0x0080445c   0x00000010   Data   RW         2912    .data               ble_sdk.lib(sch_prog_patch.o)
    0x0080446c   0x00000002   Data   RW         2933    .data               ble_sdk.lib(lld_scan_patch.o)
    0x0080446e   0x00000001   Data   RW         2960    .data               ble_sdk.lib(hci_patch.o)
    0x0080446f   0x00000001   Data   RW         2984    .data               ble_sdk.lib(lld_con_patch.o)
    0x00804470   0x00000001   Data   RW         3016    .data               ble_sdk.lib(l2cm_patch.o)
    0x00804471   0x00000001   Data   RW         3033    .data               ble_sdk.lib(gr55xx_hal_aon_gpio_patch.o)
    0x00804472   0x00000001   Data   RW         3053    .data               ble_sdk.lib(gr55xx_hal_comp_patch.o)
    0x00804473   0x00000001   PAD
    0x00804474   0x00000004   Data   RW         3067    .data               ble_sdk.lib(gr55xx_hal_exflash_patch.o)
    0x00804478   0x00000018   Data   RW         3103    .data               ble_sdk.lib(rwip_sleep_common.o)
    0x00804490   0x0000000c   Data   RW         3126    .data               ble_sdk.lib(rwip_sleep_patch.o)
    0x0080449c   0x00000014   Data   RW         3156    .data               ble_sdk.lib(rf_gdx_patch.o)
    0x008044b0   0x000000c8   Data   RW         3229    .data               ble_sdk.lib(platform_sys_context.o)
    0x00804578   0x00000004   Data   RW         3260    .data               ble_sdk.lib(platform_adc.o)
    0x0080457c   0x00000008   Data   RW         3286    .data               ble_sdk.lib(rwble_patch.o)
    0x00804584   0x00000004   Data   RW         3485    .data               mc_w.l(rand.o)
    0x00804588   0x00000004   Data   RW         3844    .data               mc_w.l(mvars.o)
    0x0080458c   0x00000004   Data   RW         3845    .data               mc_w.l(mvars.o)
    0x00804590   0x00000010   Data   RW          414    SVC_TABLE           platform_gr55xx.o


    Execution Region RAM_CODE (Base: 0x008045a0, Size: 0x00004394, Max: 0x00010000, ABSOLUTE)

    Base Addr    Size         Type   Attr      Idx    E Section Name        Object

    0x008045a0   0x00000034   Code   RO           12    RAM_CODE            interrupt_gr55xx.o
    0x008045d4   0x0000000c   Code   RO           13    RAM_CODE            interrupt_gr55xx.o
    0x008045e0   0x00000008   Code   RO          755    RAM_CODE            gr55xx_hal_exflash.o
    0x008045e8   0x00000318   Code   RO          922    RAM_CODE            app_timer.o
    0x00804900   0x00000074   Code   RO         1615    RAM_CODE            user_boot.o
    0x00804974   0x000000e8   Code   RO         2274    RAM_CODE            ble_sdk.lib(gr55xx_hal_pwr_patch.o)
    0x00804a5c   0x00000050   Code   RO         2292    RAM_CODE            ble_sdk.lib(gr55xx_hal_cortex_patch.o)
    0x00804aac   0x00000498   Code   RO         2300    RAM_CODE            ble_sdk.lib(gr55xx_hal_xqspi_patch.o)
    0x00804f44   0x0000003c   Code   RO         2451    RAM_CODE            ble_sdk.lib(sdk_pwr_mgmt_patch.o)
    0x00804f80   0x000001d8   Code   RO         2469    RAM_CODE            ble_sdk.lib(warm_boot_patch.o)
    0x00805158   0x000003e4   Code   RO         2696    RAM_CODE            ble_sdk.lib(platform_sdk.o)
    0x0080553c   0x00000044   Code   RO         2795    RAM_CODE            ble_sdk.lib(platform_clock.o)
    0x00805580   0x00000300   Code   RO         2837    RAM_CODE            ble_sdk.lib(platform_exflash.o)
    0x00805880   0x000000f0   Code   RO         2849    RAM_CODE            ble_sdk.lib(platform_sram.o)
    0x00805970   0x000002b4   Code   RO         2902    RAM_CODE            ble_sdk.lib(sch_prog_patch.o)
    0x00805c24   0x00000c80   Code   RO         2926    RAM_CODE            ble_sdk.lib(lld_scan_patch.o)
    0x008068a4   0x00000900   Code   RO         2968    RAM_CODE            ble_sdk.lib(lld_con_patch.o)
    0x008071a4   0x00000754   Code   RO         3066    RAM_CODE            ble_sdk.lib(gr55xx_hal_exflash_patch.o)
    0x008078f8   0x000002b0   Code   RO         3085    RAM_CODE            ble_sdk.lib(gr55xx_ll_xqspi_patch.o)
    0x00807ba8   0x0000022c   Code   RO         3093    RAM_CODE            ble_sdk.lib(rwip_sleep_common.o)
    0x00807dd4   0x00000428   Code   RO         3120    RAM_CODE            ble_sdk.lib(rwip_sleep_patch.o)
    0x008081fc   0x00000084   Code   RO         3138    RAM_CODE            ble_sdk.lib(rf_gdx_patch.o)
    0x00808280   0x00000098   Code   RO         3227    RAM_CODE            ble_sdk.lib(platform_sys_context.o)
    0x00808318   0x000002c4   Code   RO         3271    RAM_CODE            ble_sdk.lib(sch_arb_patch.o)
    0x008085dc   0x00000150   Code   RO         3281    RAM_CODE            ble_sdk.lib(rwble_patch.o)
    0x0080872c   0x00000150   Code   RO         3318    RAM_CODE            ble_sdk.lib(lld_init_patch.o)
    0x0080887c   0x00000004   Ven    RO         3865    Veneer$$Code        anon$$obj.o
    0x00808880   0x00000004   Ven    RO         3866    Veneer$$Code        anon$$obj.o
    0x00808884   0x00000004   Ven    RO         3867    Veneer$$Code        anon$$obj.o
    0x00808888   0x00000004   Ven    RO         3868    Veneer$$Code        anon$$obj.o
    0x0080888c   0x00000004   Ven    RO         3869    Veneer$$Code        anon$$obj.o
    0x00808890   0x00000004   Ven    RO         3870    Veneer$$Code        anon$$obj.o
    0x00808894   0x00000004   Ven    RO         3871    Veneer$$Code        anon$$obj.o
    0x00808898   0x00000004   Ven    RO         3872    Veneer$$Code        anon$$obj.o
    0x0080889c   0x00000004   Ven    RO         3873    Veneer$$Code        anon$$obj.o
    0x008088a0   0x00000004   Ven    RO         3874    Veneer$$Code        anon$$obj.o
    0x008088a4   0x00000004   Ven    RO         3875    Veneer$$Code        anon$$obj.o
    0x008088a8   0x00000004   Ven    RO         3876    Veneer$$Code        anon$$obj.o
    0x008088ac   0x00000004   Ven    RO         3877    Veneer$$Code        anon$$obj.o
    0x008088b0   0x00000004   Ven    RO         3878    Veneer$$Code        anon$$obj.o
    0x008088b4   0x00000004   Ven    RO         3879    Veneer$$Code        anon$$obj.o
    0x008088b8   0x00000004   Ven    RO         3880    Veneer$$Code        anon$$obj.o
    0x008088bc   0x00000004   Ven    RO         3881    Veneer$$Code        anon$$obj.o
    0x008088c0   0x00000004   Ven    RO         3882    Veneer$$Code        anon$$obj.o
    0x008088c4   0x00000004   Ven    RO         3883    Veneer$$Code        anon$$obj.o
    0x008088c8   0x00000004   Ven    RO         3884    Veneer$$Code        anon$$obj.o
    0x008088cc   0x00000004   Ven    RO         3885    Veneer$$Code        anon$$obj.o
    0x008088d0   0x00000004   Ven    RO         3886    Veneer$$Code        anon$$obj.o
    0x008088d4   0x00000004   Ven    RO         3887    Veneer$$Code        anon$$obj.o
    0x008088d8   0x00000004   Ven    RO         3888    Veneer$$Code        anon$$obj.o
    0x008088dc   0x00000004   Ven    RO         3889    Veneer$$Code        anon$$obj.o
    0x008088e0   0x00000004   Ven    RO         3890    Veneer$$Code        anon$$obj.o
    0x008088e4   0x00000004   Ven    RO         3891    Veneer$$Code        anon$$obj.o
    0x008088e8   0x00000004   Ven    RO         3892    Veneer$$Code        anon$$obj.o
    0x008088ec   0x00000004   Ven    RO         3893    Veneer$$Code        anon$$obj.o
    0x008088f0   0x00000004   Ven    RO         3894    Veneer$$Code        anon$$obj.o
    0x008088f4   0x00000004   Ven    RO         3895    Veneer$$Code        anon$$obj.o
    0x008088f8   0x00000004   Ven    RO         3896    Veneer$$Code        anon$$obj.o
    0x008088fc   0x00000004   Ven    RO         3897    Veneer$$Code        anon$$obj.o
    0x00808900   0x00000004   Ven    RO         3898    Veneer$$Code        anon$$obj.o
    0x00808904   0x00000004   Ven    RO         3899    Veneer$$Code        anon$$obj.o
    0x00808908   0x00000004   Ven    RO         3900    Veneer$$Code        anon$$obj.o
    0x0080890c   0x00000004   Ven    RO         3902    Veneer$$Code        anon$$obj.o
    0x00808910   0x00000004   Ven    RO         3903    Veneer$$Code        anon$$obj.o
    0x00808914   0x00000004   Ven    RO         3904    Veneer$$Code        anon$$obj.o
    0x00808918   0x00000004   Ven    RO         3905    Veneer$$Code        anon$$obj.o
    0x0080891c   0x00000004   Ven    RO         3906    Veneer$$Code        anon$$obj.o
    0x00808920   0x0000000a   Ven    RO         3933    Veneer$$Code        anon$$obj.o
    0x0080892a   0x0000000a   Ven    RO         3934    Veneer$$Code        anon$$obj.o


    Execution Region RAM_RESERVE (Base: 0x00808940, Size: 0x00000000, Max: 0x00000064, ABSOLUTE, UNINIT)

    **** No section assigned to this execution region ****


    Execution Region RAM_ZI (Base: 0x00808940, Size: 0x00008900, Max: 0x00030000, ABSOLUTE)

    Base Addr    Size         Type   Attr      Idx    E Section Name        Object

    0x00808940   0x00000340   Zero   RW          934    .bss                app_timer.o
    0x00808c80   0x00000800   Zero   RW         1025    .bss                dfu_port.o
    0x00809480   0x00000124   Zero   RW         1127    .bss                app_log.o
    0x008095a4   0x0000001c   Zero   RW         1216    .bss                otas.o
    0x008095c0   0x00000060   Zero   RW         1417    .bss                user_periph_setup.o
    0x00809620   0x0000039c   Zero   RW         1472    .bss                main.o
    0x008099bc   0x00000004   PAD
    0x008099c0   0x00000024   Zero   RW         1473    .bss                main.o
    0x008099e4   0x0000001c   PAD
    0x00809a00   0x00000e8c   Zero   RW         1474    .bss                main.o
    0x0080a88c   0x00000014   PAD
    0x0080a8a0   0x000021c4   Zero   RW         1475    .bss                main.o
    0x0080ca64   0x0000001c   PAD
    0x0080ca80   0x0000040c   Zero   RW         1476    .bss                main.o
    0x0080ce8c   0x00000014   PAD
    0x0080cea0   0x00002a70   Zero   RW         1477    .bss                main.o
    0x0080f910   0x00000010   PAD
    0x0080f920   0x0000029c   Zero   RW         1478    .bss                main.o
    0x0080fbbc   0x00000012   Zero   RW         1524    .bss                user_app.o
    0x0080fbce   0x00000002   PAD
    0x0080fbd0   0x00001068   Zero   RW         1630    .bss                user_boot.o
    0x00810c38   0x00000018   Zero   RW         1722    .bss                sign_verify.o
    0x00810c50   0x00000030   Zero   RW         1947    .bss                maxeye_services.o
    0x00810c80   0x000001a4   Zero   RW         2081    .bss                ble_sdk.lib(llc_llcp_patch.o)
    0x00810e24   0x0000016a   Zero   RW         2426    .bss                ble_sdk.lib(ble_sdk_gapm_patch.o)
    0x00810f8e   0x0000000c   Zero   RW         2891    .bss                ble_sdk.lib(llc_encrypt_patch.o)
    0x00810f9a   0x00000002   PAD
    0x00810f9c   0x0000000c   Zero   RW         2909    .bss                ble_sdk.lib(sch_prog_patch.o)
    0x00810fa8   0x00000090   Zero   RW         2982    .bss                ble_sdk.lib(lld_con_patch.o)
    0x00811038   0x00000140   Zero   RW         3154    .bss                ble_sdk.lib(rf_gdx_patch.o)
    0x00811178   0x000000c8   Zero   RW         3228    .bss                ble_sdk.lib(platform_sys_context.o)


    Execution Region ARM_LIB_STACKHEAP (Base: 0x0083c000, Size: 0x00004000, Max: 0x00004000, ABSOLUTE)

    Base Addr    Size         Type   Attr      Idx    E Section Name        Object

    0x0083c000   0x00004000   Zero   RW            1    ARM_LIB_STACKHEAP.bss  anon$$obj.o


    Execution Region FLASH_CODE (Base: 0x01004000, Size: 0x0000deb4, Max: 0x00800000, ABSOLUTE)

    Base Addr    Size         Type   Attr      Idx    E Section Name        Object

    0x01004000   0x000000c8   Data   RO            2    RESET               startup_gr55xx.o
    0x010040c8   0x00000000   Code   RO         3479  * .ARM.Collect$$$$00000000  mc_w.l(entry.o)
    0x010040c8   0x00000004   Code   RO         3822    .ARM.Collect$$$$00000002  mc_w.l(entry3.o)
    0x010040cc   0x00000004   Code   RO         3825    .ARM.Collect$$$$00000004  mc_w.l(entry5.o)
    0x010040d0   0x00000000   Code   RO         3827    .ARM.Collect$$$$00000008  mc_w.l(entry7b.o)
    0x010040d0   0x00000000   Code   RO         3829    .ARM.Collect$$$$0000000A  mc_w.l(entry8b.o)
    0x010040d0   0x00000008   Code   RO         3830    .ARM.Collect$$$$0000000B  mc_w.l(entry9a.o)
    0x010040d8   0x00000000   Code   RO         3832    .ARM.Collect$$$$0000000D  mc_w.l(entry10a.o)
    0x010040d8   0x00000000   Code   RO         3834    .ARM.Collect$$$$0000000F  mc_w.l(entry11a.o)
    0x010040d8   0x00000004   Code   RO         3823    .ARM.Collect$$$$00002713  mc_w.l(entry3.o)
    0x010040dc   0x00000028   Code   RO            3    .text               startup_gr55xx.o
    0x01004104   0x00000062   Code   RO         3482    .text               mc_w.l(uldiv.o)
    0x01004166   0x00000002   PAD
    0x01004168   0x00000024   Code   RO         3484    .text               mc_w.l(rand.o)
    0x0100418c   0x00000024   Code   RO         3487    .text               mc_w.l(memcpya.o)
    0x010041b0   0x00000024   Code   RO         3489    .text               mc_w.l(memseta.o)
    0x010041d4   0x0000000e   Code   RO         3491    .text               mc_w.l(strlen.o)
    0x010041e2   0x0000001a   Code   RO         3493    .text               mc_w.l(memcmp.o)
    0x010041fc   0x00000000   Code   RO         3846    .text               mc_w.l(iusefp.o)
    0x010041fc   0x00000002   Code   RO           14    i.SysTick_Handler   interrupt_gr55xx.o
    0x010041fe   0x00000002   Code   RO         3858    i.__scatterload_null  mc_w.l(handlers.o)
    0x01004200   0x00000040   Data   RO          412    .ARM.__AT_0x01004200  platform_gr55xx.o
    0x01004240   0x0000000a   Ven    RO         3901    Veneer$$Code        anon$$obj.o
    0x0100424a   0x000000b0   Code   RO         3786    .text               mf_w.l(fadd.o)
    0x010042fa   0x00000064   Code   RO         3788    .text               mf_w.l(fmul.o)
    0x0100435e   0x0000007c   Code   RO         3790    .text               mf_w.l(fdiv.o)
    0x010043da   0x0000014e   Code   RO         3792    .text               mf_w.l(dadd.o)
    0x01004528   0x000000e4   Code   RO         3794    .text               mf_w.l(dmul.o)
    0x0100460c   0x000000de   Code   RO         3796    .text               mf_w.l(ddiv.o)
    0x010046ea   0x0000000a   Code   RO         3800    .text               mf_w.l(ffltui.o)
    0x010046f4   0x0000001a   Code   RO         3802    .text               mf_w.l(dfltui.o)
    0x0100470e   0x00000018   Code   RO         3804    .text               mf_w.l(dfltul.o)
    0x01004726   0x00000028   Code   RO         3806    .text               mf_w.l(ffixui.o)
    0x0100474e   0x0000003e   Code   RO         3808    .text               mf_w.l(dfixi.o)
    0x0100478c   0x00000032   Code   RO         3810    .text               mf_w.l(dfixui.o)
    0x010047be   0x00000030   Code   RO         3812    .text               mf_w.l(dfixul.o)
    0x010047ee   0x00000002   PAD
    0x010047f0   0x00000030   Code   RO         3816    .text               mf_w.l(cdcmple.o)
    0x01004820   0x00000030   Code   RO         3818    .text               mf_w.l(cdrcmple.o)
    0x01004850   0x0000002c   Code   RO         3836    .text               mc_w.l(uidiv.o)
    0x0100487c   0x0000001e   Code   RO         3838    .text               mc_w.l(llshl.o)
    0x0100489a   0x00000020   Code   RO         3840    .text               mc_w.l(llushr.o)
    0x010048ba   0x00000024   Code   RO         3842    .text               mc_w.l(llsshr.o)
    0x010048de   0x0000006e   Code   RO         3847    .text               mf_w.l(fepilogue.o)
    0x0100494c   0x000000ba   Code   RO         3849    .text               mf_w.l(depilogue.o)
    0x01004a06   0x00000002   PAD
    0x01004a08   0x00000088   Code   RO         3851    .text               mf_w.l(drnd.o)
    0x01004a90   0x00000024   Code   RO         3853    .text               mc_w.l(init.o)
    0x01004ab4   0x00000056   Code   RO         3863    .text               mc_w.l(__dczerorl2.o)
    0x01004b0a   0x0000000e   Code   RO          401    i.$Sub$$main        platform_gr55xx.o
    0x01004b18   0x000000e8   Code   RO         3094    i.BLESLP_Handler_without_stack_init  ble_sdk.lib(rwip_sleep_common.o)
    0x01004c00   0x00000030   Code   RO         3095    i.BLE_IRQ_Handler_without_stack_init  ble_sdk.lib(rwip_sleep_common.o)
    0x01004c30   0x00000018   Code   RO         3096    i.BLE_SDK_IRQ_Handler_without_stack_init  ble_sdk.lib(rwip_sleep_common.o)
    0x01004c48   0x00000010   Code   RO          324    i.SystemCoreGetClock  system_gr55xx.o
    0x01004c58   0x00000064   Code   RO          325    i.SystemCoreSetClock  system_gr55xx.o
    0x01004cbc   0x00000020   Code   RO          326    i.SystemCoreUpdateClock  system_gr55xx.o
    0x01004cdc   0x00000018   Code   RO          327    i.SystemInit        system_gr55xx.o
    0x01004cf4   0x00000020   Code   RO         3730    i.__0printf         mc_w.l(printfa.o)
    0x01004d14   0x00000028   Code   RO         3731    i.__0snprintf       mc_w.l(printfa.o)
    0x01004d3c   0x00000028   Code   RO         3732    i.__0sprintf        mc_w.l(printfa.o)
    0x01004d64   0x00000024   Code   RO         3735    i.__0vsnprintf      mc_w.l(printfa.o)
    0x01004d88   0x0000001a   Code   RO          923    i.__NVIC_ClearPendingIRQ  app_timer.o
    0x01004da2   0x0000001c   Code   RO          924    i.__NVIC_GetPriority  app_timer.o
    0x01004dbe   0x0000001c   Code   RO         1117    i.__NVIC_GetPriority  app_log.o
    0x01004dda   0x00000002   PAD
    0x01004ddc   0x00000010   Code   RO          925    i.__NVIC_GetPriorityGrouping  app_timer.o
    0x01004dec   0x00000050   Code   RO         3758    i.__free$1region    mc_w.l(malloc1.o)
    0x01004e3c   0x0000006c   Code   RO         3759    i.__malloc$1region  mc_w.l(malloc1.o)
    0x01004ea8   0x0000000e   Code   RO         3857    i.__scatterload_copy  mc_w.l(handlers.o)
    0x01004eb6   0x0000000e   Code   RO         3859    i.__scatterload_zeroinit  mc_w.l(handlers.o)
    0x01004ec4   0x00000164   Code   RO         3737    i._fp_digits        mc_w.l(printfa.o)
    0x01005028   0x000006dc   Code   RO         3738    i._printf_core      mc_w.l(printfa.o)
    0x01005704   0x00000024   Code   RO         3739    i._printf_post_padding  mc_w.l(printfa.o)
    0x01005728   0x0000002e   Code   RO         3740    i._printf_pre_padding  mc_w.l(printfa.o)
    0x01005756   0x00000016   Code   RO         3741    i._snputc           mc_w.l(printfa.o)
    0x0100576c   0x0000000a   Code   RO         3742    i._sputc            mc_w.l(printfa.o)
    0x01005776   0x00000002   PAD
    0x01005778   0x000001a0   Code   RO         3256    i.adc_conversion    ble_sdk.lib(platform_adc.o)
    0x01005918   0x000000cc   Code   RO         3196    i.add_ltk_item      ble_sdk.lib(ble_bondmgr_patch.o)
    0x010059e4   0x0000006c   Code   RO         2697    i.aon_voltage_set   ble_sdk.lib(platform_sdk.o)
    0x01005a50   0x00000050   Code   RO         1519    i.app_connected_handler  user_app.o
    0x01005aa0   0x0000006c   Code   RO         1520    i.app_disconnected_handler  user_app.o
    0x01005b0c   0x0000000c   Code   RO         1348    i.app_gap_connect_cb  user_gap_callback.o
    0x01005b18   0x0000000c   Code   RO         1349    i.app_gap_disconnect_cb  user_gap_callback.o
    0x01005b24   0x0000000c   Code   RO         1385    i.app_gatt_mtu_exchange_cb  user_gatt_common_callback.o
    0x01005b30   0x000000a4   Code   RO         1758    i.app_img_info_erase  maxeye_ble_cli.o
    0x01005bd4   0x00000018   Code   RO         1118    i.app_log_data_trans  app_log.o
    0x01005bec   0x00000040   Code   RO         1121    i.app_log_init      app_log.o
    0x01005c2c   0x00000018   Code   RO         1122    i.app_log_is_fmt_set  app_log.o
    0x01005c44   0x000001b0   Code   RO         1123    i.app_log_output    app_log.o
    0x01005df4   0x00000026   Code   RO         1125    i.app_log_strcpy    app_log.o
    0x01005e1a   0x00000002   PAD
    0x01005e1c   0x00000040   Code   RO         1411    i.app_periph_init   user_periph_setup.o
    0x01005e5c   0x00000074   Code   RO          926    i.app_timer_create  app_timer.o
    0x01005ed0   0x00000090   Code   RO          927    i.app_timer_delete  app_timer.o
    0x01005f60   0x00000008   Code   RO          928    i.app_timer_drv_stop  app_timer.o
    0x01005f68   0x00000028   Code   RO          930    i.app_timer_get_valid_node  app_timer.o
    0x01005f90   0x00000010   Code   RO          931    i.app_timer_set_var  app_timer.o
    0x01005fa0   0x000000f8   Code   RO         2509    i.append_item       ble_sdk.lib(sdk_nvds_patch.o)
    0x01006098   0x00000066   Code   RO         2409    i.attm_update_max_len  ble_sdk.lib(ble_sdk_gapm_patch.o)
    0x010060fe   0x00000002   PAD
    0x01006100   0x000000e4   Code   RO         2946    i.atts_l2cc_pdu_recv_handler_patch  ble_sdk.lib(atts_patch.o)
    0x010061e4   0x00000014   Code   RO         2947    i.atts_pdu_handler_table_replace  ble_sdk.lib(atts_patch.o)
    0x010061f8   0x000001cc   Code   RO         2948    i.atts_read_mult_req_patch  ble_sdk.lib(atts_patch.o)
    0x010063c4   0x0000004c   Code   RO         2903    i.bb_watch_timer_cbk_patch  ble_sdk.lib(sch_prog_patch.o)
    0x01006410   0x000000b4   Code   RO         1720    i.bl_check_fw_security  sign_verify.o
    0x010064c4   0x0000000e   Code   RO         2869    i.ble_adv_env_init  ble_sdk.lib(cold_patch.o)
    0x010064d2   0x00000002   PAD
    0x010064d4   0x000000ac   Code   RO         3197    i.ble_bm_set_sec_info_patch  ble_sdk.lib(ble_bondmgr_patch.o)
    0x01006580   0x0000002a   Code   RO         2870    i.ble_common_env_init  ble_sdk.lib(cold_patch.o)
    0x010065aa   0x00000004   Code   RO         3139    i.ble_communication_core_init  ble_sdk.lib(rf_gdx_patch.o)
    0x010065ae   0x0000002a   Code   RO         2871    i.ble_con_env_init  ble_sdk.lib(cold_patch.o)
    0x010065d8   0x00000024   Code   RO         3097    i.ble_core_init_without_stack_init  ble_sdk.lib(rwip_sleep_common.o)
    0x010065fc   0x00000018   Code   RO         2598    i.ble_gatt_mtu_exch_allow  ble_sdk.lib(ble_sdk_gatt_task_patch.o)
    0x01006614   0x0000001e   Code   RO         2616    i.ble_gattc_indicate_cfm  ble_sdk.lib(ble_sdk_gattc_patch.o)
    0x01006632   0x0000001c   Code   RO         2642    i.ble_gatts_noti_ind  ble_sdk.lib(ble_sdk_gattc_patch.o)
    0x0100664e   0x0000001e   Code   RO         2644    i.ble_gatts_read_cfm  ble_sdk.lib(ble_sdk_gattc_patch.o)
    0x0100666c   0x0000001c   Code   RO         2645    i.ble_gatts_write_cfm  ble_sdk.lib(ble_sdk_gattc_patch.o)
    0x01006688   0x00000020   Code   RO         1521    i.ble_init_cmp_callback  user_app.o
    0x010066a8   0x00000020   Code   RO         3098    i.ble_is_prevent_sleep_without_stack_init  ble_sdk.lib(rwip_sleep_common.o)
    0x010066c8   0x0000000c   Code   RO         2510    i.ble_nvds_del      ble_sdk.lib(sdk_nvds_patch.o)
    0x010066d4   0x0000000c   Code   RO         2513    i.ble_nvds_put      ble_sdk.lib(sdk_nvds_patch.o)
    0x010066e0   0x00000024   Code   RO         2514    i.ble_nvds_set_entry  ble_sdk.lib(sdk_nvds_patch.o)
    0x01006704   0x00000016   Code   RO         2872    i.ble_scan_env_init  ble_sdk.lib(cold_patch.o)
    0x0100671a   0x00000002   PAD
    0x0100671c   0x00000034   Code   RO          406    i.ble_sdk_env_init  platform_gr55xx.o
    0x01006750   0x00000020   Code   RO         2418    i.ble_sdk_gapm_replace  ble_sdk.lib(ble_sdk_gapm_patch.o)
    0x01006770   0x00000048   Code   RO         2599    i.ble_sdk_gatt_mtu_changed_ind_handler_patch  ble_sdk.lib(ble_sdk_gatt_task_patch.o)
    0x010067b8   0x00000068   Code   RO         2600    i.ble_sdk_gattc_event_ind_handler_patch  ble_sdk.lib(ble_sdk_gatt_task_patch.o)
    0x01006820   0x00000070   Code   RO         2601    i.ble_sdk_gatts_svc_changed_cfg_ind_handler_patch  ble_sdk.lib(ble_sdk_gatt_task_patch.o)
    0x01006890   0x00000016   Code   RO         3421    i.ble_sdk_init_patch  ble_sdk.lib(ble_sdk_patch.o)
    0x010068a6   0x00000002   PAD
    0x010068a8   0x00000010   Code   RO         3422    i.ble_sdk_replace   ble_sdk.lib(ble_sdk_patch.o)
    0x010068b8   0x00000060   Code   RO         2319    i.ble_sdk_rwip_init  ble_sdk.lib(system_sdk_patch.o)
    0x01006918   0x0000000a   Code   RO         1020    i.ble_send_data     dfu_port.o
    0x01006922   0x00000002   PAD
    0x01006924   0x00000078   Code   RO         3099    i.ble_sleep_successfully_without_stack_init  ble_sdk.lib(rwip_sleep_common.o)
    0x0100699c   0x00000058   Code   RO         3100    i.ble_sleep_without_stack_init  ble_sdk.lib(rwip_sleep_common.o)
    0x010069f4   0x00000104   Code   RO         2320    i.ble_stack_init    ble_sdk.lib(system_sdk_patch.o)
    0x01006af8   0x00000014   Code   RO         2703    i.ble_wakeup_osc_time_get  ble_sdk.lib(platform_sdk.o)
    0x01006b0c   0x00000014   Code   RO         2704    i.ble_wakeup_osc_time_set  ble_sdk.lib(platform_sdk.o)
    0x01006b20   0x00000198   Code   RO         1616    i.boot_fw_valid_check  user_boot.o
    0x01006cb8   0x0000009c   Code   RO         1759    i.boot_info_erase   maxeye_ble_cli.o
    0x01006d54   0x0000001c   Code   RO         1617    i.bootloader_info_get  user_boot.o
    0x01006d70   0x00000002   Code   RO         1412    i.bootloader_wdt_init  user_periph_setup.o
    0x01006d72   0x00000002   Code   RO         1413    i.bootloader_wdt_refresh  user_periph_setup.o
    0x01006d74   0x00000064   Code   RO         1414    i.bsp_uart_init     user_periph_setup.o
    0x01006dd8   0x00000014   Code   RO         1415    i.bsp_uart_send     user_periph_setup.o
    0x01006dec   0x0000007c   Code   RO         2705    i.clk_period_1V_set  ble_sdk.lib(platform_sdk.o)
    0x01006e68   0x0000001a   Code   RO         2873    i.cold_patch_apply  ble_sdk.lib(cold_patch.o)
    0x01006e82   0x00000002   PAD
    0x01006e84   0x0000023c   Code   RO         2515    i.compact_nvds      ble_sdk.lib(sdk_nvds_patch.o)
    0x010070c0   0x00000028   Code   RO         2104    i.compute_pref_period  ble_sdk.lib(llc_con_upd_patch.o)
    0x010070e8   0x00000006   Code   RO         1416    i.cortex_backtrace_fault_handler  user_periph_setup.o
    0x010070ee   0x0000001e   Code   RO         2516    i.cp_hdr_incr       ble_sdk.lib(sdk_nvds_patch.o)
    0x0100710c   0x0000001c   Code   RO         2706    i.cpll_calibration  ble_sdk.lib(platform_sdk.o)
    0x01007128   0x0000009c   Code   RO         2707    i.cpll_calibration_init  ble_sdk.lib(platform_sdk.o)
    0x010071c4   0x000000d0   Code   RO         2708    i.cpll_lock_check_recover  ble_sdk.lib(platform_sdk.o)
    0x01007294   0x000001bc   Code   RO         2709    i.cpll_renew_vco_base  ble_sdk.lib(platform_sdk.o)
    0x01007450   0x00000050   Code   RO         2710    i.current_shape_set  ble_sdk.lib(platform_sdk.o)
    0x010074a0   0x00000034   Code   RO         2517    i.dec_flash_read    ble_sdk.lib(sdk_nvds_patch.o)
    0x010074d4   0x00000034   Code   RO         2518    i.dec_flash_write   ble_sdk.lib(sdk_nvds_patch.o)
    0x01007508   0x00000010   Code   RO         3384    i.dfu_cmd_handler_replace  ble_sdk.lib(dfu_cmd_handler_patch.o)
    0x01007518   0x000000a4   Code   RO         1760    i.dfu_img_info_erase  maxeye_ble_cli.o
    0x010075bc   0x00000030   Code   RO         1021    i.dfu_port_init     dfu_port.o
    0x010075ec   0x00000050   Code   RO         1573    i.dfu_program_end_callback  user_dfu.o
    0x0100763c   0x0000004c   Code   RO         1574    i.dfu_program_start_callback  user_dfu.o
    0x01007688   0x00000054   Code   RO         1575    i.dfu_programing_callback  user_dfu.o
    0x010076dc   0x00000020   Code   RO         1022    i.dfu_service_init  dfu_port.o
    0x010076fc   0x00000048   Code   RO          408    i.exflash_io_pull_config  platform_gr55xx.o
    0x01007744   0x000000fc   Code   RO         3140    i.ext_hp_gain_calibration  ble_sdk.lib(rf_gdx_patch.o)
    0x01007840   0x00000094   Code   RO         2519    i.find_item         ble_sdk.lib(sdk_nvds_patch.o)
    0x010078d4   0x00000030   Code   RO         2390    i.find_ltk_again    ble_sdk.lib(ble_sdk_sec_patch.o)
    0x01007904   0x0000002c   Code   RO         2224    i.find_new_gapm_hci_evt_handler  ble_sdk.lib(gapm_task_patch.o)
    0x01007930   0x0000002c   Code   RO         2028    i.find_new_hci_cmd_handler  ble_sdk.lib(llm_hci_patch.o)
    0x0100795c   0x0000002c   Code   RO         2237    i.find_new_msg_handler  ble_sdk.lib(ke_task_patch.o)
    0x01007988   0x00000014   Code   RO         2887    i.finish_encryt_check_by_llcp  ble_sdk.lib(llc_encrypt_patch.o)
    0x0100799c   0x00000034   Code   RO         3238    i.fpb_enable        ble_sdk.lib(platform_patch.o)
    0x010079d0   0x00000068   Code   RO         2015    i.fpb_patch_enable  ble_sdk.lib(fpb_patch_init.o)
    0x01007a38   0x0000000e   Code   RO         1126    i.fputc             app_log.o
    0x01007a46   0x00000002   PAD
    0x01007a48   0x00000058   Code   RO         3239    i.fun_replace_by_svc  ble_sdk.lib(platform_patch.o)
    0x01007aa0   0x00000040   Code   RO         1618    i.fw_img_info_get   user_boot.o
    0x01007ae0   0x00000168   Code   RO         2419    i.gap_activity_stopped_ind_handler_patch  ble_sdk.lib(ble_sdk_gapm_patch.o)
    0x01007c48   0x000001c4   Code   RO         2582    i.gap_cmp_evt_handler_patch  ble_sdk.lib(ble_sdk_gapc_patch.o)
    0x01007e0c   0x00000184   Code   RO         2583    i.gap_connection_req_ind_handler_patch  ble_sdk.lib(ble_sdk_gapc_patch.o)
    0x01007f90   0x00000080   Code   RO         2420    i.gap_dev_bdaddr_ind_handler_patch  ble_sdk.lib(ble_sdk_gapm_patch.o)
    0x01008010   0x0000015c   Code   RO         2421    i.gap_device_config_params_init_patch  ble_sdk.lib(ble_sdk_gapm_patch.o)
    0x0100816c   0x000000ac   Code   RO         2584    i.gap_disconnect_ind_handler_patch  ble_sdk.lib(ble_sdk_gapc_patch.o)
    0x01008218   0x0000024c   Code   RO         2422    i.gap_init_fsm_next_func_patch  ble_sdk.lib(ble_sdk_gapm_patch.o)
    0x01008464   0x0000008c   Code   RO         1523    i.gap_params_init   user_app.o
    0x010084f0   0x00000080   Code   RO         2308    i.gapc_hci_handler_patch  ble_sdk.lib(gapc_hci_patch.o)
    0x01008570   0x000000bc   Code   RO         2216    i.gapm_activity_create_cmd_handler_patch  ble_sdk.lib(gapm_actv_patch.o)
    0x0100862c   0x0000025c   Code   RO         3347    i.gapm_adv_check_param_func_patch  ble_sdk.lib(gapm_adv_patch.o)
    0x01008888   0x00000010   Code   RO         3348    i.gapm_adv_replace  ble_sdk.lib(gapm_adv_patch.o)
    0x01008898   0x00000114   Code   RO         2423    i.gapm_cmp_evt_handler_patch  ble_sdk.lib(ble_sdk_gapm_patch.o)
    0x010089ac   0x00000074   Code   RO         2225    i.gapm_hci_handler_patch  ble_sdk.lib(gapm_task_patch.o)
    0x01008a20   0x0000012c   Code   RO         2196    i.gapm_init_connection_ind_func_patch  ble_sdk.lib(gapm_init_patch.o)
    0x01008b4c   0x00000080   Code   RO         2197    i.gapm_init_create_patch  ble_sdk.lib(gapm_init_patch.o)
    0x01008bcc   0x00000010   Code   RO         2198    i.gapm_init_replace  ble_sdk.lib(gapm_init_patch.o)
    0x01008bdc   0x00000088   Code   RO         2199    i.gapm_init_start_patch  ble_sdk.lib(gapm_init_patch.o)
    0x01008c64   0x0000002c   Code   RO         2200    i.gapm_init_stop_patch  ble_sdk.lib(gapm_init_patch.o)
    0x01008c90   0x00000064   Code   RO         3179    i.gatt_find_item_patch  ble_sdk.lib(ble_sdk_gatts_patch.o)
    0x01008cf4   0x00000100   Code   RO         3180    i.gatt_on_connection_func_patch  ble_sdk.lib(ble_sdk_gatts_patch.o)
    0x01008df4   0x000000ac   Code   RO         3181    i.gatt_on_disconnection_func_patch  ble_sdk.lib(ble_sdk_gatts_patch.o)
    0x01008ea0   0x00000010   Code   RO         3182    i.gatt_on_disconnection_replace  ble_sdk.lib(ble_sdk_gatts_patch.o)
    0x01008eb0   0x00000058   Code   RO         3183    i.gatt_remove_item_patch  ble_sdk.lib(ble_sdk_gatts_patch.o)
    0x01008f08   0x000000ec   Code   RO         3438    i.gattc_write_req_ind_handler_patch  ble_sdk.lib(ble_sdk_prf_patch.o)
    0x01008ff4   0x0000000e   Code   RO         2520    i.gen_hdr_checksum  ble_sdk.lib(sdk_nvds_patch.o)
    0x01009002   0x0000001e   Code   RO         2521    i.gen_value_checksum  ble_sdk.lib(sdk_nvds_patch.o)
    0x01009020   0x00000028   Code   RO         3141    i.get_F_value_patch  ble_sdk.lib(rf_gdx_patch.o)
    0x01009048   0x00000030   Code   RO         3013    i.get_conn_idx_by_id  ble_sdk.lib(l2cm_patch.o)
    0x01009078   0x000000e0   Code   RO         3257    i.get_data_from_adc  ble_sdk.lib(platform_adc.o)
    0x01009158   0x00000028   Code   RO         2186    i.get_id_by_conn_idx  ble_sdk.lib(l2cc_task_patch.o)
    0x01009180   0x00000050   Code   RO         3388    i.get_info          ble_sdk.lib(dfu_cmd_handler_patch.o)
    0x010091d0   0x0000008c   Code   RO          933    i.get_next_timer    app_timer.o
    0x0100925c   0x00000004   Code   RO         3240    i.get_ori_cmd       ble_sdk.lib(platform_patch.o)
    0x01009260   0x00000006   Code   RO         3242    i.get_svc_cmd       ble_sdk.lib(platform_patch.o)
    0x01009266   0x00000002   PAD
    0x01009268   0x00000108   Code   RO         2712    i.get_ton_value_for_1p5uH  ble_sdk.lib(platform_sdk.o)
    0x01009370   0x00000158   Code   RO         2713    i.get_ton_value_for_2p2uH  ble_sdk.lib(platform_sdk.o)
    0x010094c8   0x0000001a   Code   RO         1761    i.get_xorcheck      maxeye_ble_cli.o
    0x010094e2   0x00000002   PAD
    0x010094e4   0x00000020   Code   RO         2714    i.hal_adc_is_using  ble_sdk.lib(platform_sdk.o)
    0x01009504   0x00000040   Code   RO         2261    i.hal_dwt_disable   ble_sdk.lib(gr55xx_hal_patch.o)
    0x01009544   0x00000038   Code   RO         2262    i.hal_dwt_enable    ble_sdk.lib(gr55xx_hal_patch.o)
    0x0100957c   0x0000008c   Code   RO         3075    i.hal_efuse_deinit_ext  ble_sdk.lib(gr55xx_hal_efuse_patch.o)
    0x01009608   0x000000ac   Code   RO         3076    i.hal_efuse_init_ext  ble_sdk.lib(gr55xx_hal_efuse_patch.o)
    0x010096b4   0x0000001c   Code   RO         2483    i.hal_flash_erase   ble_sdk.lib(hal_flash_patch.o)
    0x010096d0   0x0000001c   Code   RO         2484    i.hal_flash_erase_chip  ble_sdk.lib(hal_flash_patch.o)
    0x010096ec   0x00000064   Code   RO         2485    i.hal_flash_init    ble_sdk.lib(hal_flash_patch.o)
    0x01009750   0x00000020   Code   RO         2486    i.hal_flash_read    ble_sdk.lib(hal_flash_patch.o)
    0x01009770   0x00000020   Code   RO         1619    i.hal_flash_read_judge_security  user_boot.o
    0x01009790   0x00000020   Code   RO         2489    i.hal_flash_write   ble_sdk.lib(hal_flash_patch.o)
    0x010097b0   0x00000074   Code   RO         2491    i.hal_flash_write_r  ble_sdk.lib(hal_flash_patch.o)
    0x01009824   0x00000002   Code   RO          570    i.hal_gpio_exti_callback  gr55xx_hal_gpio.o
    0x01009826   0x00000002   PAD
    0x01009828   0x00000028   Code   RO          571    i.hal_gpio_init     gr55xx_hal_gpio.o
    0x01009850   0x0000001c   Code   RO          687    i.hal_pwr_config_timer_wakeup  gr55xx_hal_pwr.o
    0x0100986c   0x00000098   Code   RO         3465    i.hal_rng_deinit_ext  ble_sdk.lib(gr55xx_hal_rng_patch.o)
    0x01009904   0x00000138   Code   RO         3466    i.hal_rng_generate_random_number  ble_sdk.lib(gr55xx_hal_rng_patch.o)
    0x01009a3c   0x00000090   Code   RO         3468    i.hal_rng_init_ext  ble_sdk.lib(gr55xx_hal_rng_patch.o)
    0x01009acc   0x00000002   Code   RO          607    i.hal_uart_abort_cplt_callback  gr55xx_hal_uart.o
    0x01009ace   0x00000002   Code   RO          608    i.hal_uart_abort_rx_cplt_callback  gr55xx_hal_uart.o
    0x01009ad0   0x00000002   Code   RO          609    i.hal_uart_abort_tx_cplt_callback  gr55xx_hal_uart.o
    0x01009ad2   0x00000002   PAD
    0x01009ad4   0x00000024   Code   RO          610    i.hal_uart_deinit   gr55xx_hal_uart.o
    0x01009af8   0x00000002   Code   RO          611    i.hal_uart_error_callback  gr55xx_hal_uart.o
    0x01009afa   0x00000002   PAD
    0x01009afc   0x00000024   Code   RO          612    i.hal_uart_init     gr55xx_hal_uart.o
    0x01009b20   0x00000002   Code   RO          613    i.hal_uart_msp_deinit  gr55xx_hal_uart.o
    0x01009b22   0x00000002   Code   RO          614    i.hal_uart_msp_init  gr55xx_hal_uart.o
    0x01009b24   0x00000002   Code   RO          615    i.hal_uart_rx_cplt_callback  gr55xx_hal_uart.o
    0x01009b26   0x00000002   Code   RO          616    i.hal_uart_tx_cplt_callback  gr55xx_hal_uart.o
    0x01009b28   0x000000a4   Code   RO         2031    i.hci_le_add_dev_to_wlst_cmd_handler_patch  ble_sdk.lib(llm_hci_patch.o)
    0x01009bcc   0x0000005c   Code   RO         2032    i.hci_le_clear_wlst_cmd_handler_patch  ble_sdk.lib(llm_hci_patch.o)
    0x01009c28   0x00000042   Code   RO         2201    i.hci_le_cmd_cmp_evt_init_handler_patch  ble_sdk.lib(gapm_init_patch.o)
    0x01009c6a   0x00000002   PAD
    0x01009c6c   0x00000148   Code   RO         2105    i.hci_le_con_upd_cmd_handler_patch  ble_sdk.lib(llc_con_upd_patch.o)
    0x01009db4   0x00000384   Code   RO         2033    i.hci_le_ext_create_con_cmd_handler_patch  ble_sdk.lib(llm_hci_patch.o)
    0x0100a138   0x000000b8   Code   RO         2309    i.hci_le_ltk_request_evt_handler_patch  ble_sdk.lib(gapc_hci_patch.o)
    0x0100a1f0   0x0000006c   Code   RO         2034    i.hci_le_rmv_dev_from_wlst_cmd_handler_patch  ble_sdk.lib(llm_hci_patch.o)
    0x0100a25c   0x00000224   Code   RO         2066    i.hci_le_set_ext_scan_en_cmd_handler_patch  ble_sdk.lib(llm_scan_patch.o)
    0x0100a480   0x000000ec   Code   RO         2067    i.hci_le_set_ext_scan_param_cmd_handler_patch  ble_sdk.lib(llm_scan_patch.o)
    0x0100a56c   0x000000b4   Code   RO         2187    i.hci_nb_cmp_pkts_evt_handler_patch  ble_sdk.lib(l2cc_task_patch.o)
    0x0100a620   0x0000012c   Code   RO         2959    i.hci_send_2_controller_patch  ble_sdk.lib(hci_patch.o)
    0x0100a74c   0x00000080   Code   RO         2688    i.host_to_sdk_msg_handler_patch  ble_sdk.lib(ble_sdk_task_patch.o)
    0x0100a7cc   0x00000054   Code   RO         2715    i.i0nd_ioldo_3v_get  ble_sdk.lib(platform_sdk.o)
    0x0100a820   0x000000ec   Code   RO         1620    i.incplt_dfu_task_continue  user_boot.o
    0x0100a90c   0x00000038   Code   RO         2202    i.init_hci_le_cmd_cmp_evt_starting_handler_patch  ble_sdk.lib(gapm_init_patch.o)
    0x0100a944   0x00000138   Code   RO         2424    i.init_ltk_list     ble_sdk.lib(ble_sdk_gapm_patch.o)
    0x0100aa7c   0x00000080   Code   RO         2716    i.internal_3p3_ioldo_update  ble_sdk.lib(platform_sdk.o)
    0x0100aafc   0x000000fc   Code   RO         1621    i.is_fw_need_copy   user_boot.o
    0x0100abf8   0x00000030   Code   RO         2524    i.is_item_same      ble_sdk.lib(sdk_nvds_patch.o)
    0x0100ac28   0x00000174   Code   RO         1622    i.is_jump_user_fw   user_boot.o
    0x0100ad9c   0x0000005c   Code   RO         1623    i.jump_user_fw      user_boot.o
    0x0100adf8   0x0000013c   Code   RO         2238    i.ke_task_schedule_patch  ble_sdk.lib(ke_task_patch.o)
    0x0100af34   0x000000c8   Code   RO         2131    i.l2cc_pdu_recv_ind_handler_patch  ble_sdk.lib(gattc_task_patch.o)
    0x0100affc   0x000000a4   Code   RO         3014    i.l2cm_l2cap_tx_handler_patch  ble_sdk.lib(l2cm_patch.o)
    0x0100b0a0   0x0000000c   Code   RO         3015    i.l2cm_l2cap_tx_handler_replace  ble_sdk.lib(l2cm_patch.o)
    0x0100b0ac   0x00000134   Code   RO         2717    i.ldo_voltage_set   ble_sdk.lib(platform_sdk.o)
    0x0100b1e0   0x0000000a   Code   RO          814    i.le16toh           utility.o
    0x0100b1ea   0x00000016   Code   RO          815    i.le32toh           utility.o
    0x0100b200   0x00000020   Code   RO         3258    i.ll_adc_disable_clock  ble_sdk.lib(platform_adc.o)
    0x0100b220   0x00000014   Code   RO         2718    i.ll_aon_gpio_is_enabled_it  ble_sdk.lib(platform_sdk.o)
    0x0100b234   0x0000001c   Code   RO         2321    i.ll_aon_wdt_get_counter  ble_sdk.lib(system_sdk_patch.o)
    0x0100b250   0x0000001c   Code   RO         2322    i.ll_calendar_clear_flag_alarm  ble_sdk.lib(system_sdk_patch.o)
    0x0100b26c   0x00000024   Code   RO         2323    i.ll_calendar_get_counter  ble_sdk.lib(system_sdk_patch.o)
    0x0100b290   0x00000018   Code   RO         2324    i.ll_calendar_reload_counter  ble_sdk.lib(system_sdk_patch.o)
    0x0100b2a8   0x00000014   Code   RO         2325    i.ll_calendar_set_clock_div  ble_sdk.lib(system_sdk_patch.o)
    0x0100b2bc   0x0000009c   Code   RO         2166    i.ll_channel_map_ind_handler_patch  ble_sdk.lib(llc_chmap_upd_patch.o)
    0x0100b358   0x000000e4   Code   RO         2106    i.ll_connection_param_req_handler_patch  ble_sdk.lib(llc_con_upd_patch.o)
    0x0100b43c   0x00000154   Code   RO         2107    i.ll_connection_update_ind_handler_patch  ble_sdk.lib(llc_con_upd_patch.o)
    0x0100b590   0x00000044   Code   RO          409    i.ll_gpio_set_pin_pull  platform_gr55xx.o
    0x0100b5d4   0x000000bc   Code   RO         2154    i.ll_phy_req_handler_patch  ble_sdk.lib(llc_phy_upd_patch.o)
    0x0100b690   0x0000003c   Code   RO         2176    i.llc_auth_payl_nearly_to_handler_patch  ble_sdk.lib(llc_le_ping_patch.o)
    0x0100b6cc   0x0000003c   Code   RO         2177    i.llc_auth_payl_real_to_handler_patch  ble_sdk.lib(llc_le_ping_patch.o)
    0x0100b708   0x00000020   Code   RO         2108    i.llc_con_upd_replace  ble_sdk.lib(llc_con_upd_patch.o)
    0x0100b728   0x00000010   Code   RO         2888    i.llc_encrypt_replace  ble_sdk.lib(llc_encrypt_patch.o)
    0x0100b738   0x0000004c   Code   RO         2094    i.llc_hci_command_handler_patch  ble_sdk.lib(llc_hci_patch.o)
    0x0100b784   0x00000014   Code   RO         2095    i.llc_hci_new_handler_find  ble_sdk.lib(llc_hci_patch.o)
    0x0100b798   0x00000048   Code   RO         2140    i.llc_llcp_rsp_to   ble_sdk.lib(llc_task_patch.o)
    0x0100b7e0   0x00000010   Code   RO         2109    i.llc_loc_con_upd_proc_stop  ble_sdk.lib(llc_con_upd_patch.o)
    0x0100b7f0   0x0000000c   Code   RO         2141    i.llc_loc_llcp_rsp_to_handler_patch  ble_sdk.lib(llc_task_patch.o)
    0x0100b7fc   0x00000010   Code   RO         2155    i.llc_loc_phy_upd_proc_stop  ble_sdk.lib(llc_phy_upd_patch.o)
    0x0100b80c   0x00000018   Code   RO         2251    i.llc_op_dl_upd_ind_handler_patch  ble_sdk.lib(llc_dl_upd_patch.o)
    0x0100b824   0x00000130   Code   RO         2110    i.llc_pref_param_compute_func_patch  ble_sdk.lib(llc_con_upd_patch.o)
    0x0100b954   0x00000046   Code   RO         3005    i.llc_proc_collision_check_slave  ble_sdk.lib(llc_patch.o)
    0x0100b99a   0x00000002   PAD
    0x0100b99c   0x000001f4   Code   RO         2111    i.llc_rem_con_upd_proc_continue_patch  ble_sdk.lib(llc_con_upd_patch.o)
    0x0100bb90   0x000002c8   Code   RO         2889    i.llc_rem_encrypt_proc_continue_patch  ble_sdk.lib(llc_encrypt_patch.o)
    0x0100be58   0x000000b0   Code   RO         2890    i.llc_rem_encrypt_proc_finish  ble_sdk.lib(llc_encrypt_patch.o)
    0x0100bf08   0x0000000c   Code   RO         2142    i.llc_rem_llcp_rsp_to_handler_patch  ble_sdk.lib(llc_task_patch.o)
    0x0100bf14   0x00000044   Code   RO         2078    i.llcp_pdu_handler_tab_replace  ble_sdk.lib(llc_llcp_patch.o)
    0x0100bf58   0x00000032   Code   RO         2143    i.lld_acl_rx_ind_handler_patch  ble_sdk.lib(llc_task_patch.o)
    0x0100bf8a   0x00000002   PAD
    0x0100bf8c   0x0000004c   Code   RO         3331    i.lld_adv_frm_cbk_func_patch  ble_sdk.lib(lld_adv_patch.o)
    0x0100bfd8   0x00000394   Code   RO         3332    i.lld_adv_frm_isr_patch  ble_sdk.lib(lld_adv_patch.o)
    0x0100c36c   0x00000010   Code   RO         3333    i.lld_adv_replace   ble_sdk.lib(lld_adv_patch.o)
    0x0100c37c   0x00000048   Code   RO         2928    i.lld_adv_start_func_patch  ble_sdk.lib(lld_scan_patch.o)
    0x0100c3c4   0x00000050   Code   RO         2167    i.lld_ch_map_upd_cfm_handler_patch  ble_sdk.lib(llc_chmap_upd_patch.o)
    0x0100c414   0x00000018   Code   RO         2970    i.lld_con_env_is_free  ble_sdk.lib(lld_con_patch.o)
    0x0100c42c   0x00000014   Code   RO         2971    i.lld_con_instant_proc_type_reset  ble_sdk.lib(lld_con_patch.o)
    0x0100c440   0x00000050   Code   RO         2112    i.lld_con_offset_upd_ind_handler_patch  ble_sdk.lib(llc_con_upd_patch.o)
    0x0100c490   0x0000002a   Code   RO         2113    i.lld_con_param_upd_cfm_handler_patch  ble_sdk.lib(llc_con_upd_patch.o)
    0x0100c4ba   0x00000002   PAD
    0x0100c4bc   0x00000044   Code   RO         2973    i.lld_con_replace   ble_sdk.lib(lld_con_patch.o)
    0x0100c500   0x0000003c   Code   RO         2974    i.lld_con_start_patch  ble_sdk.lib(lld_con_patch.o)
    0x0100c53c   0x00000298   Code   RO         2975    i.lld_con_tx_prog_patch  ble_sdk.lib(lld_con_patch.o)
    0x0100c7d4   0x00000028   Code   RO         2977    i.lld_con_ultra_link_update  ble_sdk.lib(lld_con_patch.o)
    0x0100c7fc   0x00000012   Code   RO         3298    i.lld_init_patch    ble_sdk.lib(lld_patch.o)
    0x0100c80e   0x00000002   PAD
    0x0100c810   0x00000010   Code   RO         3299    i.lld_init_replace  ble_sdk.lib(lld_patch.o)
    0x0100c820   0x0000081c   Code   RO         3319    i.lld_init_start_patch  ble_sdk.lib(lld_init_patch.o)
    0x0100d03c   0x00000010   Code   RO         3320    i.lld_init_start_replace  ble_sdk.lib(lld_init_patch.o)
    0x0100d04c   0x000000e4   Code   RO         2079    i.lld_llcp_rx_ind_handler_patch  ble_sdk.lib(llc_llcp_patch.o)
    0x0100d130   0x0000002a   Code   RO         2080    i.lld_llcp_tx_cfm_handler_patch  ble_sdk.lib(llc_llcp_patch.o)
    0x0100d15a   0x00000002   PAD
    0x0100d15c   0x00000050   Code   RO         2156    i.lld_phy_upd_cfm_handler_patch  ble_sdk.lib(llc_phy_upd_patch.o)
    0x0100d1ac   0x0000004c   Code   RO         2929    i.lld_scan_discard_last_rx_buff  ble_sdk.lib(lld_scan_patch.o)
    0x0100d1f8   0x0000002c   Code   RO         2930    i.lld_scan_frm_cbk_replace  ble_sdk.lib(lld_scan_patch.o)
    0x0100d224   0x0000005c   Code   RO         2931    i.lld_scan_start_func_patch  ble_sdk.lib(lld_scan_patch.o)
    0x0100d280   0x00000040   Code   RO         3334    i.lld_try_to_free_old_buffer  ble_sdk.lib(lld_adv_patch.o)
    0x0100d2c0   0x00000040   Code   RO         2036    i.llm_hci_command_handler_patch  ble_sdk.lib(llm_hci_patch.o)
    0x0100d300   0x00000054   Code   RO         2037    i.llm_is_wl_accessible_patch  ble_sdk.lib(llm_hci_patch.o)
    0x0100d354   0x00000002   Code   RO         1624    i.log_boot_info     user_boot.o
    0x0100d356   0x00000002   PAD
    0x0100d358   0x00000124   Code   RO         1471    i.main              main.o
    0x0100d47c   0x00000020   Code   RO          328    i.main_init         system_gr55xx.o
    0x0100d49c   0x00000044   Code   RO         1841    i.maxeye_authorize_check  maxeye_nvds.o
    0x0100d4e0   0x00000058   Code   RO         1762    i.maxeye_ble_cli_ack  maxeye_ble_cli.o
    0x0100d538   0x00000044   Code   RO         1763    i.maxeye_ble_log    maxeye_ble_cli.o
    0x0100d57c   0x000003e0   Code   RO         1764    i.maxeye_cli_cb     maxeye_ble_cli.o
    0x0100d95c   0x00000078   Code   RO         1842    i.maxeye_get_authorize_key  maxeye_nvds.o
    0x0100d9d4   0x0000000c   Code   RO         1843    i.maxeye_nvds_init  maxeye_nvds.o
    0x0100d9e0   0x0000001c   Code   RO         1844    i.maxeye_read_device_hash  maxeye_nvds.o
    0x0100d9fc   0x0000001c   Code   RO         1845    i.maxeye_read_device_key  maxeye_nvds.o
    0x0100da18   0x00000020   Code   RO         1846    i.maxeye_read_device_mac  maxeye_nvds.o
    0x0100da38   0x0000001c   Code   RO         1847    i.maxeye_read_device_sn  maxeye_nvds.o
    0x0100da54   0x0000001e   Code   RO         1848    i.maxeye_read_nvds_tag  maxeye_nvds.o
    0x0100da72   0x00000002   PAD
    0x0100da74   0x00000074   Code   RO         1937    i.maxeye_service_init  maxeye_services.o
    0x0100dae8   0x00000084   Code   RO         1938    i.maxeye_srvc_cccd_set_cb  maxeye_services.o
    0x0100db6c   0x0000004c   Code   RO         1939    i.maxeye_srvc_char1_notify  maxeye_services.o
    0x0100dbb8   0x0000004c   Code   RO         1940    i.maxeye_srvc_char2_notify  maxeye_services.o
    0x0100dc04   0x000000d4   Code   RO         1941    i.maxeye_srvc_db_create  maxeye_services.o
    0x0100dcd8   0x0000001c   Code   RO         1942    i.maxeye_srvc_event_handler  maxeye_services.o
    0x0100dcf4   0x00000018   Code   RO         1943    i.maxeye_srvc_init  maxeye_services.o
    0x0100dd0c   0x00000030   Code   RO         1944    i.maxeye_srvc_ntf_ind_cb  maxeye_services.o
    0x0100dd3c   0x00000044   Code   RO         1945    i.maxeye_srvc_read_att_cb  maxeye_services.o
    0x0100dd80   0x000000c8   Code   RO         1946    i.maxeye_srvc_write_att_cb  maxeye_services.o
    0x0100de48   0x00000008   Code   RO         1849    i.maxeye_write_device_hash  maxeye_nvds.o
    0x0100de50   0x00000008   Code   RO         1850    i.maxeye_write_device_key  maxeye_nvds.o
    0x0100de58   0x0000000a   Code   RO         1851    i.maxeye_write_device_mac  maxeye_nvds.o
    0x0100de62   0x00000008   Code   RO         1852    i.maxeye_write_device_sn  maxeye_nvds.o
    0x0100de6a   0x0000000a   Code   RO         1853    i.maxeye_write_nvds_tag  maxeye_nvds.o
    0x0100de74   0x00000016   Code   RO         2852    i.mem_pwr_mgmt_init  ble_sdk.lib(platform_sram.o)
    0x0100de8a   0x00000002   PAD
    0x0100de8c   0x00000138   Code   RO         2528    i.nvds_put          ble_sdk.lib(sdk_nvds_patch.o)
    0x0100dfc4   0x00000040   Code   RO          410    i.nvds_setup        platform_gr55xx.o
    0x0100e004   0x00000050   Code   RO         1209    i.otas_cccd_set_cb  otas.o
    0x0100e054   0x00000034   Code   RO         1023    i.otas_evt_process  dfu_port.o
    0x0100e088   0x00000028   Code   RO         1210    i.otas_gatts_cmpl_cb  otas.o
    0x0100e0b0   0x00000074   Code   RO         1211    i.otas_init         otas.o
    0x0100e124   0x00000044   Code   RO         1212    i.otas_notify_tx_data  otas.o
    0x0100e168   0x00000050   Code   RO         1213    i.otas_read_att_cb  otas.o
    0x0100e1b8   0x0000001c   Code   RO         1214    i.otas_service_init  otas.o
    0x0100e1d4   0x000000b8   Code   RO         1215    i.otas_write_att_cb  otas.o
    0x0100e28c   0x00000050   Code   RO         2797    i.platform_clock_init  ble_sdk.lib(platform_clock.o)
    0x0100e2dc   0x00000014   Code   RO         2799    i.platform_disable_sleep_timer  ble_sdk.lib(platform_clock.o)
    0x0100e2f0   0x00000020   Code   RO         2838    i.platform_flash_enable_quad  ble_sdk.lib(platform_exflash.o)
    0x0100e310   0x0000000c   Code   RO         2839    i.platform_flash_protection  ble_sdk.lib(platform_exflash.o)
    0x0100e31c   0x00000154   Code   RO          411    i.platform_init     platform_gr55xx.o
    0x0100e470   0x0000001c   Code   RO         2719    i.platform_init_pop  ble_sdk.lib(platform_sdk.o)
    0x0100e48c   0x00000048   Code   RO         2720    i.platform_init_push  ble_sdk.lib(platform_sdk.o)
    0x0100e4d4   0x000000b4   Code   RO         2721    i.platform_param_adjust  ble_sdk.lib(platform_sdk.o)
    0x0100e588   0x00000090   Code   RO         2722    i.platform_sdk_init  ble_sdk.lib(platform_sdk.o)
    0x0100e618   0x000000bc   Code   RO         2804    i.platform_set_ble_rtc_clk  ble_sdk.lib(platform_clock.o)
    0x0100e6d4   0x00000050   Code   RO         2805    i.platform_set_psc_clk  ble_sdk.lib(platform_clock.o)
    0x0100e724   0x00000010   Code   RO         2806    i.platform_set_rtc_crystal_delay  ble_sdk.lib(platform_clock.o)
    0x0100e734   0x00000028   Code   RO         1078    i.pmu_calibration   pmu_calibration.o
    0x0100e75c   0x000000e8   Code   RO         2723    i.pmu_calibration_handler  ble_sdk.lib(platform_sdk.o)
    0x0100e844   0x00000036   Code   RO         1276    i.prf_find_handle_by_idx  ble_prf_utils.o
    0x0100e87a   0x00000034   Code   RO         1277    i.prf_find_idx_by_handle  ble_prf_utils.o
    0x0100e8ae   0x00000014   Code   RO         1278    i.prf_is_cccd_value_valid  ble_prf_utils.o
    0x0100e8c2   0x00000002   PAD
    0x0100e8c4   0x000000f4   Code   RO         1024    i.program_end_replace  dfu_port.o
    0x0100e9b8   0x00000010   Code   RO         2454    i.pwr_mgmt_shutdown_replace  ble_sdk.lib(sdk_pwr_mgmt_patch.o)
    0x0100e9c8   0x0000001c   Code   RO         2724    i.pwr_mgmt_warm_boot  ble_sdk.lib(platform_sdk.o)
    0x0100e9e4   0x0000002c   Code   RO         3423    i.rand_seed_gen     ble_sdk.lib(ble_sdk_patch.o)
    0x0100ea10   0x00000080   Code   RO         3259    i.read_adc_value    ble_sdk.lib(platform_adc.o)
    0x0100ea90   0x0000002c   Code   RO         2530    i.read_incr         ble_sdk.lib(sdk_nvds_patch.o)
    0x0100eabc   0x0000000c   Code   RO         2226    i.reg_gapm_hci_evt_patch_tab  ble_sdk.lib(gapm_task_patch.o)
    0x0100eac8   0x0000000c   Code   RO         2038    i.reg_hci_cmd_patch_tab  ble_sdk.lib(llm_hci_patch.o)
    0x0100ead4   0x0000000c   Code   RO         2239    i.reg_msg_patch_tab  ble_sdk.lib(ke_task_patch.o)
    0x0100eae0   0x000000dc   Code   RO         2531    i.replace_item      ble_sdk.lib(sdk_nvds_patch.o)
    0x0100ebbc   0x0000006c   Code   RO         2725    i.retention_mem_set  ble_sdk.lib(platform_sdk.o)
    0x0100ec28   0x00000048   Code   RO         3142    i.rf_SX_disable     ble_sdk.lib(rf_gdx_patch.o)
    0x0100ec70   0x0000000e   Code   RO         3143    i.rf_SX_enable_and_reset  ble_sdk.lib(rf_gdx_patch.o)
    0x0100ec7e   0x00000016   Code   RO         2726    i.rf_calibration_set  ble_sdk.lib(platform_sdk.o)
    0x0100ec94   0x000000f8   Code   RO         3144    i.rf_communication_core_init_patch  ble_sdk.lib(rf_gdx_patch.o)
    0x0100ed8c   0x00000020   Code   RO         3145    i.rf_gdx_replace    ble_sdk.lib(rf_gdx_patch.o)
    0x0100edac   0x00000060   Code   RO         3146    i.rf_hp_gain_offset_cfg  ble_sdk.lib(rf_gdx_patch.o)
    0x0100ee0c   0x00000064   Code   RO         3147    i.rf_init_patch     ble_sdk.lib(rf_gdx_patch.o)
    0x0100ee70   0x0000010c   Code   RO         3148    i.rf_modulation_accuracy_calibration_patch  ble_sdk.lib(rf_gdx_patch.o)
    0x0100ef7c   0x0000007c   Code   RO         3149    i.rf_rx_vcobias_reset  ble_sdk.lib(rf_gdx_patch.o)
    0x0100eff8   0x0000005c   Code   RO         3150    i.rf_tx_pw_conv_tbl_get  ble_sdk.lib(rf_gdx_patch.o)
    0x0100f054   0x00000070   Code   RO         3151    i.rf_txpwr_cs_get_patch  ble_sdk.lib(rf_gdx_patch.o)
    0x0100f0c4   0x0000006c   Code   RO         3152    i.rf_txpwr_dbm_get_patch  ble_sdk.lib(rf_gdx_patch.o)
    0x0100f130   0x00000070   Code   RO         2807    i.rf_xo_offset_init  ble_sdk.lib(platform_clock.o)
    0x0100f1a0   0x000000f4   Code   RO         2326    i.rng_calibration   ble_sdk.lib(system_sdk_patch.o)
    0x0100f294   0x00000048   Code   RO         3424    i.rng_clk_enable_ex  ble_sdk.lib(ble_sdk_patch.o)
    0x0100f2dc   0x00000060   Code   RO         3425    i.rng_rand_get      ble_sdk.lib(ble_sdk_patch.o)
    0x0100f33c   0x00000010   Code   RO         3101    i.rom_callback_replace  ble_sdk.lib(rwip_sleep_common.o)
    0x0100f34c   0x00000094   Code   RO         3477    i.round             m_ws.l(round.o)
    0x0100f3e0   0x00000220   Code   RO         2327    i.rtc_calibration   ble_sdk.lib(system_sdk_patch.o)
    0x0100f600   0x00000028   Code   RO         2905    i.rwble_abort_recovery  ble_sdk.lib(sch_prog_patch.o)
    0x0100f628   0x00000010   Code   RO         3283    i.rwble_replace     ble_sdk.lib(rwble_patch.o)
    0x0100f638   0x000000b4   Code   RO         2906    i.rwble_reset_recovery  ble_sdk.lib(sch_prog_patch.o)
    0x0100f6ec   0x00000020   Code   RO         3123    i.rwip_sleep_func_replace  ble_sdk.lib(rwip_sleep_patch.o)
    0x0100f70c   0x0000003c   Code   RO         3102    i.rwip_sleep_without_stack_init_replace  ble_sdk.lib(rwip_sleep_common.o)
    0x0100f748   0x00000028   Code   RO         3272    i.sch_arb_replace   ble_sdk.lib(sch_arb_patch.o)
    0x0100f770   0x0000002c   Code   RO         2907    i.sch_prog_frm_cbk_replace  ble_sdk.lib(sch_prog_patch.o)
    0x0100f79c   0x00000068   Code   RO         2908    i.sch_prog_recovery_patch  ble_sdk.lib(sch_prog_patch.o)
    0x0100f804   0x00000020   Code   RO         2646    i.sdk_gatt_check_conidx  ble_sdk.lib(ble_sdk_gattc_patch.o)
    0x0100f824   0x00000058   Code   RO         2464    i.sdk_init          ble_sdk.lib(sdk_ram_init_patch.o)
    0x0100f87c   0x0000002c   Code   RO         3439    i.sdk_prf_msg_handler_tab_replace  ble_sdk.lib(ble_sdk_prf_patch.o)
    0x0100f8a8   0x0000004c   Code   RO         2391    i.sec_bond_info_miss_check  ble_sdk.lib(ble_sdk_sec_patch.o)
    0x0100f8f4   0x00000070   Code   RO         1625    i.sec_boot_jump     user_boot.o
    0x0100f964   0x00000088   Code   RO         2392    i.sec_check_conn_bond_patch  ble_sdk.lib(ble_sdk_sec_patch.o)
    0x0100f9ec   0x000001f8   Code   RO         2394    i.sec_rcv_encrypt_req_ind_handler_patch  ble_sdk.lib(ble_sdk_sec_patch.o)
    0x0100fbe4   0x000000ec   Code   RO         2395    i.sec_rcv_sec_req_ind_handler_patch  ble_sdk.lib(ble_sdk_sec_patch.o)
    0x0100fcd0   0x00000024   Code   RO         1626    i.security_disable  user_boot.o
    0x0100fcf4   0x0000001c   Code   RO         1627    i.security_state_recovery  user_boot.o
    0x0100fd10   0x00000018   Code   RO          329    i.set_msp           system_gr55xx.o
    0x0100fd28   0x00000074   Code   RO         3153    i.set_sx_frequence  ble_sdk.lib(rf_gdx_patch.o)
    0x0100fd9c   0x00000090   Code   RO         1721    i.sign_verify       sign_verify.o
    0x0100fe2c   0x00000284   Code   RO         3308    i.smpc_handle_enc_change_evt_func_patch  ble_sdk.lib(smpc_patch.o)
    0x010100b0   0x00000010   Code   RO         3309    i.smpc_handle_enc_change_evt_func_replace  ble_sdk.lib(smpc_patch.o)
    0x010100c0   0x000000d0   Code   RO         2328    i.sys_adc_trim_get  ble_sdk.lib(system_sdk_patch.o)
    0x01010190   0x00000020   Code   RO         2332    i.sys_device_lp_gain_offset_2m_get  ble_sdk.lib(system_sdk_patch.o)
    0x010101b0   0x00000024   Code   RO         2333    i.sys_device_package_get  ble_sdk.lib(system_sdk_patch.o)
    0x010101d4   0x00000024   Code   RO         2334    i.sys_device_sram_get  ble_sdk.lib(system_sdk_patch.o)
    0x010101f8   0x00000028   Code   RO         2335    i.sys_device_uid_get  ble_sdk.lib(system_sdk_patch.o)
    0x01010220   0x000000dc   Code   RO         2336    i.sys_efuse_info_sync  ble_sdk.lib(system_sdk_patch.o)
    0x010102fc   0x000000bc   Code   RO         2338    i.sys_firmware_jump  ble_sdk.lib(system_sdk_patch.o)
    0x010103b8   0x00000074   Code   RO         2339    i.sys_get_efuse_io_ldo  ble_sdk.lib(system_sdk_patch.o)
    0x0101042c   0x00000040   Code   RO         2727    i.sys_is_use_ext_flash  ble_sdk.lib(platform_sdk.o)
    0x0101046c   0x00000028   Code   RO         2728    i.sys_is_use_internal_3p3_ioldo  ble_sdk.lib(platform_sdk.o)
    0x01010494   0x00000084   Code   RO         2343    i.sys_pmu_trim_get  ble_sdk.lib(system_sdk_patch.o)
    0x01010518   0x00000020   Code   RO         2348    i.sys_trim_sum_get  ble_sdk.lib(system_sdk_patch.o)
    0x01010538   0x00000038   Code   RO         2809    i.system_clk_mgmt_init  ble_sdk.lib(platform_clock.o)
    0x01010570   0x00000004   Code   RO         2874    i.system_conf_correction  ble_sdk.lib(cold_patch.o)
    0x01010574   0x000000f0   Code   RO         2731    i.system_low_power_set  ble_sdk.lib(platform_sdk.o)
    0x01010664   0x0000002c   Code   RO          330    i.system_platform_init  system_gr55xx.o
    0x01010690   0x00000034   Code   RO         1079    i.system_pmu_calibration_init  pmu_calibration.o
    0x010106c4   0x0000000a   Code   RO         2733    i.system_pmu_deinit  ble_sdk.lib(platform_sdk.o)
    0x010106ce   0x00000002   PAD
    0x010106d0   0x000000e0   Code   RO         2734    i.system_pmu_init   ble_sdk.lib(platform_sdk.o)
    0x010107b0   0x000000b0   Code   RO         2735    i.system_priority_init  ble_sdk.lib(platform_sdk.o)
    0x01010860   0x00000010   Code   RO         2349    i.system_sdk_replace  ble_sdk.lib(system_sdk_patch.o)
    0x01010870   0x0000001c   Code   RO         2532    i.tags_cache_clean  ble_sdk.lib(sdk_nvds_patch.o)
    0x0101088c   0x00000038   Code   RO         2533    i.tags_cache_rec_add  ble_sdk.lib(sdk_nvds_patch.o)
    0x010108c4   0x00000140   Code   RO         2534    i.tags_cache_rec_del  ble_sdk.lib(sdk_nvds_patch.o)
    0x01010a04   0x00000088   Code   RO         2535    i.tags_cache_rec_find  ble_sdk.lib(sdk_nvds_patch.o)
    0x01010a8c   0x00000040   Code   RO         2736    i.temperature_calibrations  ble_sdk.lib(platform_sdk.o)
    0x01010acc   0x0000003c   Code   RO         2737    i.ton_value_set     ble_sdk.lib(platform_sdk.o)
    0x01010b08   0x00000038   Code   RO         2738    i.update_io_ldo_to_prevent_leakage  ble_sdk.lib(platform_sdk.o)
    0x01010b40   0x00000010   Code   RO         2810    i.update_lp_clk     ble_sdk.lib(platform_clock.o)
    0x01010b50   0x00000098   Code   RO         1628    i.user_boot         user_boot.o
    0x01010be8   0x00000018   Code   RO         1576    i.user_dfu_init     user_dfu.o
    0x01010c00   0x0000007c   Code   RO         1629    i.user_img_info_update  user_boot.o
    0x01010c7c   0x00000028   Code   RO         2739    i.vbatt_calibrations  ble_sdk.lib(platform_sdk.o)
    0x01010ca4   0x00000016   Code   RO         2536    i.verify_hdr_checksum  ble_sdk.lib(sdk_nvds_patch.o)
    0x01010cba   0x00000002   PAD
    0x01010cbc   0x00000020   Code   RO         3448    i.warm_boot_cfg_patch  ble_sdk.lib(boot_patch.o)
    0x01010cdc   0x0000000c   Code   RO         2471    i.warm_boot_set_exflash_readid_delay  ble_sdk.lib(warm_boot_patch.o)
    0x01010ce8   0x00000190   Code   RO         2538    i.write_compacted_items  ble_sdk.lib(sdk_nvds_patch.o)
    0x01010e78   0x00000044   Code   RO         2539    i.write_incr        ble_sdk.lib(sdk_nvds_patch.o)
    0x01010ebc   0x00000170   Code   RO         2540    i.write_item        ble_sdk.lib(sdk_nvds_patch.o)
    0x0101102c   0x00000030   Data   RO          331    .constdata          system_gr55xx.o
    0x0101105c   0x000000bc   Data   RO         1217    .constdata          otas.o
    0x01011118   0x00000064   Data   RO         1350    .constdata          user_gap_callback.o
    0x0101117c   0x00000008   Data   RO         1386    .constdata          user_gatt_common_callback.o
    0x01011184   0x0000002a   Data   RO         1418    .constdata          user_periph_setup.o
    0x010111ae   0x00000005   Data   RO         1479    .constdata          main.o
    0x010111b3   0x00000054   Data   RO         1525    .constdata          user_app.o
    0x01011207   0x0000004c   Data   RO         1577    .constdata          user_dfu.o
    0x01011253   0x00000089   Data   RO         1631    .constdata          user_boot.o
    0x010112dc   0x00000049   Data   RO         1765    .constdata          maxeye_ble_cli.o
    0x01011325   0x00000003   PAD
    0x01011328   0x000000d2   Data   RO         1948    .constdata          maxeye_services.o
    0x010113fa   0x00000002   PAD
    0x010113fc   0x0000003c   Data   RO         2016    .constdata          ble_sdk.lib(fpb_patch_init.o)
    0x01011438   0x00000020   Data   RO         2132    .constdata          ble_sdk.lib(gattc_task_patch.o)
    0x01011458   0x0000005f   Data   RO         2541    .constdata          ble_sdk.lib(sdk_nvds_patch.o)
    0x010114b7   0x0000001a   Data   RO         2586    .constdata          ble_sdk.lib(ble_sdk_gapc_patch.o)
    0x010114d1   0x00000003   PAD
    0x010114d4   0x00000081   Data   RO         2949    .constdata          ble_sdk.lib(atts_patch.o)
    0x01011555   0x00000001   PAD
    0x01011556   0x00000074   Data   RO         3155    .constdata          ble_sdk.lib(rf_gdx_patch.o)
    0x010115ca   0x0000003f   Data   RO         3184    .constdata          ble_sdk.lib(ble_sdk_gatts_patch.o)
    0x01011609   0x00000003   PAD
    0x0101160c   0x00000008   Data   RO         3399    .constdata          ble_sdk.lib(dfu_cmd_handler_patch.o)
    0x01011614   0x00000010   Data   RO         3426    .constdata          ble_sdk.lib(ble_sdk_patch.o)
    0x01011624   0x00000020   Data   RO         1128    .conststring        app_log.o
    0x01011644   0x00000004   Data   RO         1723    .conststring        sign_verify.o
    0x01011648   0x00000010   Data   RO         2114    .conststring        ble_sdk.lib(llc_con_upd_patch.o)
    0x01011658   0x00000051   Data   RO         2910    .conststring        ble_sdk.lib(sch_prog_patch.o)
    0x010116a9   0x00000003   PAD
    0x010116ac   0x00000074   Data   RO         2932    .conststring        ble_sdk.lib(lld_scan_patch.o)
    0x01011720   0x00000179   Data   RO         2983    .conststring        ble_sdk.lib(lld_con_patch.o)
    0x01011899   0x00000003   PAD
    0x0101189c   0x0000022d   Data   RO         3321    .conststring        ble_sdk.lib(lld_init_patch.o)
    0x01011ac9   0x00000003   PAD
    0x01011acc   0x00000396   Data   RO         3355    .conststring        ble_sdk.lib(gapm_adv_patch.o)
    0x01011e62   0x00000002   PAD
    0x01011e64   0x00000050   Data   RO         3855    Region$$Table       anon$$obj.o


    Execution Region RAM_TINY_RW (Base: 0x300035cc, Size: 0x000005a4, Max: 0x00000750, ABSOLUTE)

    Base Addr    Size         Type   Attr      Idx    E Section Name        Object

    0x300035cc   0x00000050   Code   RO         2318    TINY_RAM_SPACE      ble_sdk.lib(system_sdk_patch.o)
    0x3000361c   0x00000450   Code   RO         2452    TINY_RAM_SPACE      ble_sdk.lib(sdk_pwr_mgmt_patch.o)
    0x30003a6c   0x0000000a   Ven    RO         3907    Veneer$$Code        anon$$obj.o
    0x30003a76   0x0000000a   Ven    RO         3908    Veneer$$Code        anon$$obj.o
    0x30003a80   0x0000000a   Ven    RO         3909    Veneer$$Code        anon$$obj.o
    0x30003a8a   0x0000000a   Ven    RO         3910    Veneer$$Code        anon$$obj.o
    0x30003a94   0x0000000a   Ven    RO         3911    Veneer$$Code        anon$$obj.o
    0x30003a9e   0x0000000a   Ven    RO         3912    Veneer$$Code        anon$$obj.o
    0x30003aa8   0x0000000a   Ven    RO         3913    Veneer$$Code        anon$$obj.o
    0x30003ab2   0x0000000a   Ven    RO         3914    Veneer$$Code        anon$$obj.o
    0x30003abc   0x0000000a   Ven    RO         3915    Veneer$$Code        anon$$obj.o
    0x30003ac6   0x0000000a   Ven    RO         3916    Veneer$$Code        anon$$obj.o
    0x30003ad0   0x0000000a   Ven    RO         3917    Veneer$$Code        anon$$obj.o
    0x30003ada   0x0000000a   Ven    RO         3918    Veneer$$Code        anon$$obj.o
    0x30003ae4   0x0000000a   Ven    RO         3919    Veneer$$Code        anon$$obj.o
    0x30003aee   0x0000000a   Ven    RO         3920    Veneer$$Code        anon$$obj.o
    0x30003af8   0x0000000a   Ven    RO         3921    Veneer$$Code        anon$$obj.o
    0x30003b02   0x0000000a   Ven    RO         3922    Veneer$$Code        anon$$obj.o
    0x30003b0c   0x0000000a   Ven    RO         3923    Veneer$$Code        anon$$obj.o
    0x30003b16   0x0000000a   Ven    RO         3924    Veneer$$Code        anon$$obj.o
    0x30003b20   0x0000000a   Ven    RO         3925    Veneer$$Code        anon$$obj.o
    0x30003b2a   0x0000000a   Ven    RO         3926    Veneer$$Code        anon$$obj.o
    0x30003b34   0x0000000a   Ven    RO         3927    Veneer$$Code        anon$$obj.o
    0x30003b3e   0x0000000a   Ven    RO         3928    Veneer$$Code        anon$$obj.o
    0x30003b48   0x0000000a   Ven    RO         3929    Veneer$$Code        anon$$obj.o
    0x30003b52   0x0000000a   Ven    RO         3930    Veneer$$Code        anon$$obj.o
    0x30003b5c   0x0000000a   Ven    RO         3931    Veneer$$Code        anon$$obj.o
    0x30003b66   0x0000000a   Ven    RO         3932    Veneer$$Code        anon$$obj.o


    Execution Region FPB_TABLE (Base: 0x30004000, Size: 0x00000020, Max: 0x00000020, ABSOLUTE)

    Base Addr    Size         Type   Attr      Idx    E Section Name        Object

    0x30004000   0x00000020   Data   RW         3243    FPB                 ble_sdk.lib(platform_patch.o)


==============================================================================

Image component sizes


      Code (inc. data)   RO Data    RW Data    ZI Data      Debug   Object Name

       624         66         32         20        292      39641   app_log.o
      1326         48          0          0        832      46727   app_timer.o
       126          0          0          0          0       3260   ble_prf_utils.o
       386         48          0         40       2048       9893   dfu_port.o
         0          0          0          0          0       4780   gr55xx_hal.o
         8          0          0          0          0       1238   gr55xx_hal_exflash.o
        42          4          0          4          0       2097   gr55xx_hal_gpio.o
        28          4          0          0          0        658   gr55xx_hal_pwr.o
        88          8          0         32          0       6325   gr55xx_hal_uart.o
        66          2          0          0          0     272725   interrupt_gr55xx.o
       292        146          5         68      25896       2930   main.o
      1658        510         73          1          0       7697   maxeye_ble_cli.o
       390          4          0          0          0       8990   maxeye_nvds.o
       980        242        210         33         48       8135   maxeye_services.o
       596         82        188         34         28       8206   otas.o
       610         62         64        328          0      51544   platform_gr55xx.o
        92         20          0          8          0       1708   pmu_calibration.o
       324         20          4         48         24      20838   sign_verify.o
        40         12        200          0          0        836   startup_gr55xx.o
       272         64         48          8          0      12271   system_gr55xx.o
       360        160         84          4         18       5579   user_app.o
      2054        848        137          8       4200      10949   user_boot.o
       264        170         76         12          0       2112   user_dfu.o
        24          0        100          0          0       1816   user_gap_callback.o
        12          0          8          0          0       1283   user_gatt_common_callback.o
       194         42         42          0         96       3808   user_periph_setup.o
        32          0          0          0          0       1780   utility.o

    ----------------------------------------------------------------------
     11364       2562       1356        652      49984     537826   Object Totals
       454          0         80          0      16384          0   (incl. Generated)
        22          0          5          4        118          0   (incl. Padding)

    ----------------------------------------------------------------------

      Code (inc. data)   RO Data    RW Data    ZI Data      Debug   Library Member Name

       708        164        129          0          0        248   atts_patch.o
       376         42          0          0          0        192   ble_bondmgr_patch.o
      1012        208         26          0          0        264   ble_sdk_gapc_patch.o
      2146        384          0         12        362        688   ble_sdk_gapm_patch.o
       312         38          0          0          0        308   ble_sdk_gatt_task_patch.o
       148          6          0          0          0        412   ble_sdk_gattc_patch.o
       632        268         63          0          0        388   ble_sdk_gatts_patch.o
       250         30         16          0          0        388   ble_sdk_patch.o
       280         64          0          0          0        156   ble_sdk_prf_patch.o
      1000        228          0          0          0        432   ble_sdk_sec_patch.o
       128         22          0          0          0         88   ble_sdk_task_patch.o
        32          6          0          0          0         68   boot_patch.o
       150          0          0          0          0        468   cold_patch.o
        96         16          8          0          0        144   dfu_cmd_handler_patch.o
       104         10         60          4          0        104   fpb_patch_init.o
       312         16          0          0          0        168   gapc_hci_patch.o
       188         16          0          0          0         84   gapm_actv_patch.o
       620        248        918          0          0        148   gapm_adv_patch.o
       746        106          0          0          0        564   gapm_init_patch.o
       172         22          0          8          0        228   gapm_task_patch.o
       200         52         32          0          0         84   gattc_task_patch.o
         0          0          0          1          0          0   gr55xx_hal_aon_gpio_patch.o
         0          0          0          1          0          0   gr55xx_hal_comp_patch.o
        80         12          0          0          0         68   gr55xx_hal_cortex_patch.o
       312         36          0          0          0        156   gr55xx_hal_efuse_patch.o
      1876         26          0          4          0        436   gr55xx_hal_exflash_patch.o
       120         26          0          4          0        152   gr55xx_hal_patch.o
       232         10          0          0          0        148   gr55xx_hal_pwr_patch.o
       608         34          0          0          0        260   gr55xx_hal_rng_patch.o
      1176          4          0          0          0        308   gr55xx_hal_xqspi_patch.o
       688          8          0          0          0         96   gr55xx_ll_xqspi_patch.o
       336         44          0         24          0        484   hal_flash_patch.o
       300         42          0          1          0         88   hci_patch.o
       372         38          0          8          0        248   ke_task_patch.o
       220         40          0          0          0        164   l2cc_task_patch.o
       224         26          0          1          0        252   l2cm_patch.o
       236         12          0          0          0        172   llc_chmap_upd_patch.o
      1910        124         16          0          0        844   llc_con_upd_patch.o
        24          6          0          4          0         80   llc_dl_upd_patch.o
       924         70          0          0         12        324   llc_encrypt_patch.o
        96         16          0          0          0        164   llc_hci_patch.o
       120          8          0          0          0        168   llc_le_ping_patch.o
       338         36          0          4        420        256   llc_llcp_patch.o
        70          0          0          0          0        100   llc_patch.o
       284         26          0          0          0        240   llc_phy_upd_patch.o
       146          6          0          0          0        320   llc_task_patch.o
      1072         70          0          0          0        296   lld_adv_patch.o
      3180        274        377          1        144        716   lld_con_patch.o
      2428        238        557          0          0        264   lld_init_patch.o
        34          8          0          0          0        148   lld_patch.o
      3484        194        116          2          0        576   lld_scan_patch.o
      1468        132          0          8          0        648   llm_hci_patch.o
       784         26          0          0          0        180   llm_scan_patch.o
       800         66          0          4          0        356   platform_adc.o
       636         90          0         12          0        792   platform_clock.o
       812         34          0          0          0        476   platform_exflash.o
       150         24          0         32          0        292   platform_patch.o
      5152        496          0        340          0       3076   platform_sdk.o
       262          8          0          0          0        272   platform_sram.o
       152         20          0        200        200        128   platform_sys_context.o
      1810        246        116         20        320       1380   rf_gdx_patch.o
       352         54          0          8          0        220   rwble_patch.o
      1212        240          0         24          0       1132   rwip_sleep_common.o
      1096        162          0         12          0        452   rwip_sleep_patch.o
       748        152          0          0          0        184   sch_arb_patch.o
      1136        166         81         16         12        828   sch_prog_patch.o
      3228        584         95          4          0       1948   sdk_nvds_patch.o
      1180         82          0          8          0        416   sdk_pwr_mgmt_patch.o
        88          8          0          0          0         80   sdk_ram_init_patch.o
       660        232          0          0          0        224   smpc_patch.o
      2416        274          0          0          0       1688   system_sdk_patch.o
       484         56          0          8          0        200   warm_boot_patch.o
       148         12          0          0          0         88   round.o
        86          0          0          0          0          0   __dczerorl2.o
         0          0          0          0          0          0   entry.o
         0          0          0          0          0          0   entry10a.o
         0          0          0          0          0          0   entry11a.o
         8          4          0          0          0          0   entry3.o
         4          0          0          0          0          0   entry5.o
         0          0          0          0          0          0   entry7b.o
         0          0          0          0          0          0   entry8b.o
         8          4          0          0          0          0   entry9a.o
        30          0          0          0          0          0   handlers.o
        36          8          0          0          0         68   init.o
         0          0          0          0          0          0   iusefp.o
        30          0          0          0          0         68   llshl.o
        36          0          0          0          0         68   llsshr.o
        32          0          0          0          0         68   llushr.o
       188         20          0          0          0        160   malloc1.o
        26          0          0          0          0         80   memcmp.o
        36          0          0          0          0         68   memcpya.o
        36          0          0          0          0        108   memseta.o
         0          0          0          8          0          0   mvars.o
      2374        104          0          0          0        828   printfa.o
        36         10          0          4          0        136   rand.o
        14          0          0          0          0         68   strlen.o
        44          0          0          0          0         80   uidiv.o
        98          0          0          0          0         92   uldiv.o
        48          0          0          0          0         68   cdcmple.o
        48          0          0          0          0         68   cdrcmple.o
       334          0          0          0          0        148   dadd.o
       222          0          0          0          0        100   ddiv.o
       186          0          0          0          0        176   depilogue.o
        62          0          0          0          0         80   dfixi.o
        50          0          0          0          0         76   dfixui.o
        48          0          0          0          0         68   dfixul.o
        26          0          0          0          0         76   dfltui.o
        24          0          0          0          0         76   dfltul.o
       228          0          0          0          0         96   dmul.o
       136          4          0          0          0         92   drnd.o
       176          0          0          0          0        140   fadd.o
       124          0          0          0          0         88   fdiv.o
       110          0          0          0          0        168   fepilogue.o
        40          0          0          0          0         68   ffixui.o
        10          0          0          0          0         68   ffltui.o
       100          0          0          0          0         76   fmul.o

    ----------------------------------------------------------------------
     60408       6698       2628        788       1472      31836   Library Totals
        38          0         18          1          2          0   (incl. Padding)

    ----------------------------------------------------------------------

      Code (inc. data)   RO Data    RW Data    ZI Data      Debug   Library Name

     55128       6532       2610        775       1470      28124   ble_sdk.lib
       148         12          0          0          0         88   m_ws.l
      3122        150          0         12          0       1892   mc_w.l
      1972          4          0          0          0       1732   mf_w.l

    ----------------------------------------------------------------------
     60408       6698       2628        788       1472      31836   Library Totals

    ----------------------------------------------------------------------

==============================================================================


      Code (inc. data)   RO Data    RW Data    ZI Data      Debug   

     71772       9260       3984       1440      51456     544726   Grand Totals
     71772       9260       3984        788      51456     544726   ELF Image Totals (compressed)
     71772       9260       3984        788          0          0   ROM Totals

==============================================================================

    Total RO  Size (Code + RO Data)                75756 (  73.98kB)
    Total RW  Size (RW Data + ZI Data)             52896 (  51.66kB)
    Total ROM Size (Code + RO Data + RW Data)      76544 (  74.75kB)

==============================================================================

