Component: ARM Compiler 5.05 update 2 (build 169) Tool: armlink [4d0f33]

==============================================================================

Section Cross References

    main.o(i.calendar_run) refers to gr55xx_hal_calendar.o(i.hal_calendar_init) for hal_calendar_init
    main.o(i.calendar_run) refers to printfa.o(i.__0printf) for __2printf
    main.o(i.calendar_run) refers to gr55xx_hal_calendar_patch.o(i.hal_calendar_init_time) for hal_calendar_init_time
    main.o(i.calendar_run) refers to main.o(.bss) for .bss
    main.o(i.hal_calendar_alarm_callback) refers to printfa.o(i.__0printf) for __2printf
    main.o(i.hal_calendar_alarm_callback) refers to gr55xx_hal_calendar_patch.o(i.hal_calendar_get_time) for hal_calendar_get_time
    main.o(i.hal_calendar_alarm_callback) refers to main.o(.constdata) for .constdata
    main.o(i.main) refers to app_scheduler.o(i.app_scheduler_init) for app_scheduler_init
    main.o(i.main) refers to user_periph_setup.o(i.app_periph_init) for app_periph_init
    main.o(i.main) refers to mble_eniroment.o(i.setup_mBLE_eniroment) for setup_mBLE_eniroment
    main.o(i.main) refers to system_sdk_patch.o(i.ble_stack_init) for ble_stack_init
    main.o(i.main) refers to main.o(i.calendar_run) for calendar_run
    main.o(i.main) refers to user_gui.o(i.user_device_wait_connect) for user_device_wait_connect
    main.o(i.main) refers to maxeye_wdt.o(i.maxeye_aon_wdt_init) for maxeye_aon_wdt_init
    main.o(i.main) refers to maxeye_wdt.o(i.maxeye_wdt_event_register) for maxeye_wdt_event_register
    main.o(i.main) refers to maxeye_gpio.o(i.firmware_switch_pin_init) for firmware_switch_pin_init
    main.o(i.main) refers to maxeye_uart.o(i.production_test_init) for production_test_init
    main.o(i.main) refers to maxeye_uart.o(i.production_test_receive_open) for production_test_receive_open
    main.o(i.main) refers to maxeye_product_test.o(i.second_boot_event_register) for second_boot_event_register
    main.o(i.main) refers to maxeye_product_test.o(i.app_test_event_register) for app_test_event_register
    main.o(i.main) refers to maxeye_uart.o(i.qfy_maxeye_time1s_event_register) for qfy_maxeye_time1s_event_register
    main.o(i.main) refers to app_log.o(i.app_log_raw_info) for app_log_raw_info
    main.o(i.main) refers to app_log.o(i.app_log_flush) for app_log_flush
    main.o(i.main) refers to maxeye_wdt.o(i.maxeye_wdt_refresh) for maxeye_wdt_refresh
    main.o(i.main) refers to gui_lcd_config.o(i.gui_refresh_schedule) for gui_refresh_schedule
    main.o(i.main) refers to sdk_pwr_mgmt_patch.o(TINY_RAM_SPACE) for pwr_mgmt_schedule
    main.o(i.main) refers to main.o(.data) for .data
    main.o(i.main) refers to main.o(.constdata) for .constdata
    main.o(i.main) refers to maxeye_wdt.o(.data) for fgWdtRefresh
    main.o(.constdata) refers to main.o(.conststring) for .conststring
    main.o(.data) refers to main.o(.bss) for env_heap_buf
    main.o(.data) refers to main.o(.bss) for att_db_heap_buf
    main.o(.data) refers to main.o(.bss) for ke_msg_heap_buf
    main.o(.data) refers to main.o(.bss) for non_ret_heap_buf
    main.o(.data) refers to main.o(.bss) for prf_buf
    main.o(.data) refers to main.o(.bss) for bond_buf
    main.o(.data) refers to main.o(.bss) for conn_buf
    main.o(.data) refers to user_app.o(i.ble_init_cmp_callback) for ble_init_cmp_callback
    main.o(.data) refers to user_gap_callback.o(.constdata) for app_gap_callbacks
    main.o(.data) refers to user_gatt_common_callback.o(.constdata) for app_gatt_common_callback
    user_app.o(i.app_adv_report_handler) refers to user_app.o(i.maxeye_manufacturer_id_find) for maxeye_manufacturer_id_find
    user_app.o(i.app_adv_report_handler) refers to memcmp.o(.text) for memcmp
    user_app.o(i.app_adv_report_handler) refers to app_log.o(i.app_log_output) for app_log_output
    user_app.o(i.app_adv_report_handler) refers to printfa.o(i.__0printf) for __2printf
    user_app.o(i.app_adv_report_handler) refers to memcpya.o(.text) for __aeabi_memcpy4
    user_app.o(i.app_adv_report_handler) refers to app_error.o(i.app_error_fault_handler) for app_error_fault_handler
    user_app.o(i.app_adv_report_handler) refers to user_app.o(i.oppo_pencil_id_find) for oppo_pencil_id_find
    user_app.o(i.app_adv_report_handler) refers to user_app.o(i.oppo_oneplus_id_find) for oppo_oneplus_id_find
    user_app.o(i.app_adv_report_handler) refers to user_app.o(.data) for .data
    user_app.o(i.app_adv_report_handler) refers to maxeye_product_test.o(.data) for fgPencilMonitor
    user_app.o(i.app_adv_report_handler) refers to user_app.o(.constdata) for .constdata
    user_app.o(i.app_adv_report_handler) refers to maxeye_product_test.o(.data) for pencilRssi
    user_app.o(i.app_connect_by_mac) refers to app_log.o(i.app_log_output) for app_log_output
    user_app.o(i.app_connect_by_mac) refers to memcpya.o(.text) for __aeabi_memcpy4
[...]
    0x010021fe   0x00000002   Code   RO         2695    i.dma_sleep_canceled  app_dma.o
    0x01002200   0x00000040   Data   RO         2098    .ARM.__AT_0x01002200  platform_gr55xx.o
    0x01002240   0x0000000a   Ven    RO         7025    Veneer$$Code        anon$$obj.o
    0x0100224a   0x0000000e   Code   RO         6598    .text               mc_w.l(strlen.o)
    0x01002258   0x0000001a   Code   RO         6600    .text               mc_w.l(memcmp.o)
    0x01002272   0x0000001e   Code   RO         6604    .text               mc_w.l(strncmp.o)
    0x01002290   0x000000b0   Code   RO         6897    .text               mf_w.l(fadd.o)
    0x01002340   0x0000007c   Code   RO         6901    .text               mf_w.l(fdiv.o)
    0x010023bc   0x0000014e   Code   RO         6903    .text               mf_w.l(dadd.o)
    0x0100250a   0x000000e4   Code   RO         6905    .text               mf_w.l(dmul.o)
    0x010025ee   0x000000de   Code   RO         6907    .text               mf_w.l(ddiv.o)
    0x010026cc   0x0000000a   Code   RO         6911    .text               mf_w.l(ffltui.o)
    0x010026d6   0x0000001a   Code   RO         6913    .text               mf_w.l(dfltui.o)
    0x010026f0   0x00000018   Code   RO         6915    .text               mf_w.l(dfltul.o)
    0x01002708   0x00000028   Code   RO         6917    .text               mf_w.l(ffixui.o)
    0x01002730   0x0000003e   Code   RO         6919    .text               mf_w.l(dfixi.o)
    0x0100276e   0x00000032   Code   RO         6921    .text               mf_w.l(dfixui.o)
    0x010027a0   0x00000030   Code   RO         6923    .text               mf_w.l(dfixul.o)
    0x010027d0   0x00000030   Code   RO         6927    .text               mf_w.l(cdcmple.o)
    0x01002800   0x00000030   Code   RO         6929    .text               mf_w.l(cdrcmple.o)
    0x01002830   0x0000002c   Code   RO         6947    .text               mc_w.l(uidiv.o)
    0x0100285c   0x0000001e   Code   RO         6949    .text               mc_w.l(llshl.o)
    0x0100287a   0x00000020   Code   RO         6951    .text               mc_w.l(llushr.o)
    0x0100289a   0x00000024   Code   RO         6953    .text               mc_w.l(llsshr.o)
    0x010028be   0x0000006e   Code   RO         6958    .text               mf_w.l(fepilogue.o)
    0x0100292c   0x000000ba   Code   RO         6960    .text               mf_w.l(depilogue.o)
    0x010029e6   0x00000002   PAD
    0x010029e8   0x00000088   Code   RO         6962    .text               mf_w.l(drnd.o)
    0x01002a70   0x00000024   Code   RO         6964    .text               mc_w.l(init.o)
    0x01002a94   0x00000056   Code   RO         6974    .text               mc_w.l(__dczerorl2.o)
    0x01002aea   0x0000000e   Code   RO         2087    i.$Sub$$main        platform_gr55xx.o
    0x01002af8   0x0000000c   Code   RO         1310    i.AON_WDT_IRQHandler  maxeye_wdt.o
    0x01002b04   0x000000e8   Code   RO         6201    i.BLESLP_Handler_without_stack_init  ble_sdk.lib(rwip_sleep_common.o)
    0x01002bec   0x00000030   Code   RO         6202    i.BLE_IRQ_Handler_without_stack_init  ble_sdk.lib(rwip_sleep_common.o)
    0x01002c1c   0x00000018   Code   RO         6203    i.BLE_SDK_IRQ_Handler_without_stack_init  ble_sdk.lib(rwip_sleep_common.o)
    0x01002c34   0x00000010   Code   RO         2013    i.SystemCoreGetClock  system_gr55xx.o
    0x01002c44   0x00000064   Code   RO         2014    i.SystemCoreSetClock  system_gr55xx.o
    0x01002ca8   0x00000020   Code   RO         2015    i.SystemCoreUpdateClock  system_gr55xx.o
    0x01002cc8   0x00000024   Code   RO         2016    i.SystemInit        system_gr55xx.o
    0x01002cec   0x00000020   Code   RO         6841    i.__0printf         mc_w.l(printfa.o)
    0x01002d0c   0x00000028   Code   RO         6842    i.__0snprintf       mc_w.l(printfa.o)
    0x01002d34   0x00000028   Code   RO         6843    i.__0sprintf        mc_w.l(printfa.o)
    0x01002d5c   0x00000024   Code   RO         6846    i.__0vsnprintf      mc_w.l(printfa.o)
    0x01002d80   0x0000001a   Code   RO         3768    i.__NVIC_ClearPendingIRQ  app_timer.o
    0x01002d9a   0x0000001c   Code   RO         3769    i.__NVIC_GetPriority  app_timer.o
    0x01002db6   0x0000001c   Code   RO         3954    i.__NVIC_GetPriority  app_log.o
    0x01002dd2   0x00000002   PAD
    0x01002dd4   0x00000010   Code   RO         3770    i.__NVIC_GetPriorityGrouping  app_timer.o
    0x01002de4   0x00000050   Code   RO         6869    i.__free$1region    mc_w.l(malloc1.o)
    0x01002e34   0x0000006c   Code   RO         6870    i.__malloc$1region  mc_w.l(malloc1.o)
    0x01002ea0   0x0000000e   Code   RO         6968    i.__scatterload_copy  mc_w.l(handlers.o)
    0x01002eae   0x0000000e   Code   RO         6970    i.__scatterload_zeroinit  mc_w.l(handlers.o)
    0x01002ebc   0x00000164   Code   RO         6848    i._fp_digits        mc_w.l(printfa.o)
    0x01003020   0x000006dc   Code   RO         6849    i._printf_core      mc_w.l(printfa.o)
    0x010036fc   0x00000024   Code   RO         6850    i._printf_post_padding  mc_w.l(printfa.o)
    0x01003720   0x0000002e   Code   RO         6851    i._printf_pre_padding  mc_w.l(printfa.o)
    0x0100374e   0x00000016   Code   RO         6852    i._snputc           mc_w.l(printfa.o)
    0x01003764   0x0000000a   Code   RO         6853    i._sputc            mc_w.l(printfa.o)
    0x0100376e   0x00000002   PAD
    0x01003770   0x000001a0   Code   RO         6363    i.adc_conversion    ble_sdk.lib(platform_adc.o)
    0x01003910   0x000000cc   Code   RO         6303    i.add_ltk_item      ble_sdk.lib(ble_bondmgr_patch.o)
    0x010039dc   0x0000001c   Code   RO         5254    i.aon_gpio_read_flag_it_patch  ble_sdk.lib(gr55xx_hal_aon_gpio_patch.o)
    0x010039f8   0x0000006c   Code   RO         5783    i.aon_voltage_set   ble_sdk.lib(platform_sdk.o)
    0x01003a64   0x00000300   Code   RO          421    i.app_adv_report_handler  user_app.o
    0x01003d64   0x0000007c   Code   RO         3865    i.app_assert_err_cb  app_assert.o
    0x01003de0   0x000000d4   Code   RO         3867    i.app_assert_info_output  app_assert.o
    0x01003eb4   0x0000000c   Code   RO         3868    i.app_assert_init   app_assert.o
    0x01003ec0   0x0000005c   Code   RO         3869    i.app_assert_param_cb  app_assert.o
    0x01003f1c   0x00000060   Code   RO         3870    i.app_assert_warn_cb  app_assert.o
    0x01003f7c   0x000000f0   Code   RO          422    i.app_connect_by_mac  user_app.o
    0x0100406c   0x000000a0   Code   RO          423    i.app_connected_handler  user_app.o
    0x0100410c   0x00000080   Code   RO          424    i.app_disconnected_handler  user_app.o
    0x0100418c   0x00000020   Code   RO         2690    i.app_dma_get_handle  app_dma.o
    0x010041ac   0x00000104   Code   RO         2691    i.app_dma_init      app_dma.o
    0x010042b0   0x000000f0   Code   RO         3924    i.app_error_fault_handler  app_error.o
    0x010043a0   0x00000014   Code   RO          743    i.app_gap_adv_report_ind_cb  user_gap_callback.o
    0x010043b4   0x0000009c   Code   RO          744    i.app_gap_connect_cb  user_gap_callback.o
    0x01004450   0x00000084   Code   RO          891    i.app_gap_connect_sch  mble_eniroment.o
    0x010044d4   0x00000006   Code   RO          746    i.app_gap_connection_update_req_cb  user_gap_callback.o
    0x010044da   0x00000002   PAD
    0x010044dc   0x00000080   Code   RO          747    i.app_gap_disconnect_cb  user_gap_callback.o
    0x0100455c   0x00000078   Code   RO          748    i.app_gap_scan_start_cb  user_gap_callback.o
    0x010045d4   0x0000006c   Code   RO          749    i.app_gap_scan_stop_cb  user_gap_callback.o
    0x01004640   0x00000030   Code   RO          803    i.app_gatt_mtu_exchange_cb  user_gatt_common_callback.o
    0x01004670   0x00000084   Code   RO          892    i.app_gatt_mtu_exchange_sch  mble_eniroment.o
    0x010046f4   0x00000168   Code   RO         2774    i.app_gpiote_init   app_gpiote.o
    0x0100485c   0x0000004c   Code   RO         2839    i.app_io_deinit     app_io.o
    0x010048a8   0x000000f4   Code   RO         2840    i.app_io_init       app_io.o
    0x0100499c   0x00000060   Code   RO         2843    i.app_io_write_pin  app_io.o
    0x010049fc   0x00000018   Code   RO         3955    i.app_log_data_trans  app_log.o
    0x01004a14   0x00000010   Code   RO         3956    i.app_log_flush     app_log.o
    0x01004a24   0x00000040   Code   RO         3958    i.app_log_init      app_log.o
    0x01004a64   0x00000018   Code   RO         3959    i.app_log_is_fmt_set  app_log.o
    0x01004a7c   0x000001b0   Code   RO         3960    i.app_log_output    app_log.o
    0x01004c2c   0x0000005c   Code   RO         3961    i.app_log_raw_info  app_log.o
    0x01004c88   0x00000026   Code   RO         3962    i.app_log_strcpy    app_log.o
    0x01004cae   0x00000002   PAD
    0x01004cb0   0x000000b0   Code   RO         4090    i.app_malloc        app_memory.o
    0x01004d60   0x0000002c   Code   RO         4093    i.app_mem_init      app_memory.o
    0x01004d8c   0x000000c0   Code   RO          425    i.app_mtu_exchange_handler  user_app.o
    0x01004e4c   0x0000002c   Code   RO          678    i.app_periph_init   user_periph_setup.o
    0x01004e78   0x000000cc   Code   RO          426    i.app_scan_stop_handler  user_app.o
    0x01004f44   0x000000ac   Code   RO         4043    i.app_scheduler_evt_put  app_scheduler.o
    0x01004ff0   0x00000038   Code   RO         4045    i.app_scheduler_init  app_scheduler.o
    0x01005028   0x00000010   Code   RO         4766    i.app_spi_callback  st7735_config.o
    0x01005038   0x00000154   Code   RO         3129    i.app_spi_config_dma  app_spi.o
    0x0100518c   0x000000cc   Code   RO         3131    i.app_spi_event_call  app_spi.o
    0x01005258   0x00000100   Code   RO         3133    i.app_spi_init      app_spi.o
    0x01005358   0x000000c8   Code   RO         3140    i.app_spi_transmit_async  app_spi.o
    0x01005420   0x00000038   Code   RO         3079    i.app_systick_init  app_systick.o
    0x01005458   0x0000008c   Code   RO         1658    i.app_test_connected_cb  maxeye_product_test.o
    0x010054e4   0x00000950   Code   RO         1659    i.app_test_event_handler  maxeye_product_test.o
    0x01005e34   0x00000038   Code   RO         1660    i.app_test_event_register  maxeye_product_test.o
    0x01005e6c   0x00000098   Code   RO         1661    i.app_test_event_start  maxeye_product_test.o
    0x01005f04   0x00000074   Code   RO         3771    i.app_timer_create  app_timer.o
    0x01005f78   0x00000090   Code   RO         3772    i.app_timer_delete  app_timer.o
    0x01006008   0x00000008   Code   RO         3773    i.app_timer_drv_stop  app_timer.o
    0x01006010   0x00000028   Code   RO         3775    i.app_timer_get_valid_node  app_timer.o
    0x01006038   0x00000010   Code   RO         3776    i.app_timer_set_var  app_timer.o
    0x01006048   0x000000fc   Code   RO         3777    i.app_timer_stop    app_timer.o
    0x01006144   0x000000dc   Code   RO         2935    i.app_uart_config_dma  app_uart.o
    0x01006220   0x000000d4   Code   RO         2937    i.app_uart_event_call  app_uart.o
    0x010062f4   0x0000002c   Code   RO         1121    i.app_uart_evt_handler  maxeye_uart_cli.o
    0x01006320   0x00000110   Code   RO         2938    i.app_uart_flush    app_uart.o
    0x01006430   0x00000128   Code   RO         2940    i.app_uart_init     app_uart.o
    0x01006558   0x0000004c   Code   RO         2941    i.app_uart_receive_async  app_uart.o
    0x010065a4   0x0000008c   Code   RO         2943    i.app_uart_start_transmit_async  app_uart.o
    0x01006630   0x0000006c   Code   RO         2944    i.app_uart_transmit_async  app_uart.o
    0x0100669c   0x00000030   Code   RO         2945    i.app_uart_transmit_sync  app_uart.o
    0x010066cc   0x000000f8   Code   RO         5579    i.append_item       ble_sdk.lib(sdk_nvds_patch.o)
    0x010067c4   0x00000066   Code   RO         5479    i.attm_update_max_len  ble_sdk.lib(ble_sdk_gapm_patch.o)
    0x0100682a   0x00000002   PAD
    0x0100682c   0x000000e4   Code   RO         6032    i.atts_l2cc_pdu_recv_handler_patch  ble_sdk.lib(atts_patch.o)
    0x01006910   0x00000014   Code   RO         6033    i.atts_pdu_handler_table_replace  ble_sdk.lib(atts_patch.o)
    0x01006924   0x000001cc   Code   RO         6034    i.atts_read_mult_req_patch  ble_sdk.lib(atts_patch.o)
    0x01006af0   0x0000004c   Code   RO         5989    i.bb_watch_timer_cbk_patch  ble_sdk.lib(sch_prog_patch.o)
    0x01006b3c   0x0000000e   Code   RO         5955    i.ble_adv_env_init  ble_sdk.lib(cold_patch.o)
    0x01006b4a   0x00000002   PAD
    0x01006b4c   0x000000ac   Code   RO         6304    i.ble_bm_set_sec_info_patch  ble_sdk.lib(ble_bondmgr_patch.o)
    0x01006bf8   0x0000002a   Code   RO         5956    i.ble_common_env_init  ble_sdk.lib(cold_patch.o)
    0x01006c22   0x00000004   Code   RO         6246    i.ble_communication_core_init  ble_sdk.lib(rf_gdx_patch.o)
    0x01006c26   0x0000002a   Code   RO         5957    i.ble_con_env_init  ble_sdk.lib(cold_patch.o)
    0x01006c50   0x00000024   Code   RO         6204    i.ble_core_init_without_stack_init  ble_sdk.lib(rwip_sleep_common.o)
    0x01006c74   0x000000fc   Code   RO         5484    i.ble_gap_connect   ble_sdk.lib(ble_sdk_gapm_patch.o)
    0x01006d70   0x00000018   Code   RO         5668    i.ble_gatt_mtu_exch_allow  ble_sdk.lib(ble_sdk_gatt_task_patch.o)
    0x01006d88   0x0000001e   Code   RO         5686    i.ble_gattc_indicate_cfm  ble_sdk.lib(ble_sdk_gattc_patch.o)
    0x01006da6   0x0000001a   Code   RO         5687    i.ble_gattc_mtu_exchange  ble_sdk.lib(ble_sdk_gattc_patch.o)
    0x01006dc0   0x00000022   Code   RO         5698    i.ble_gattc_prf_services_browse  ble_sdk.lib(ble_sdk_gattc_patch.o)
    0x01006de2   0x00000022   Code   RO         5699    i.ble_gattc_prf_write  ble_sdk.lib(ble_sdk_gattc_patch.o)
    0x01006e04   0x00000022   Code   RO         5701    i.ble_gattc_prf_write_no_resp  ble_sdk.lib(ble_sdk_gattc_patch.o)
    0x01006e26   0x00000002   PAD
    0x01006e28   0x00000184   Code   RO          427    i.ble_init_cmp_callback  user_app.o
    0x01006fac   0x00000020   Code   RO         6205    i.ble_is_prevent_sleep_without_stack_init  ble_sdk.lib(rwip_sleep_common.o)
    0x01006fcc   0x0000000c   Code   RO         5580    i.ble_nvds_del      ble_sdk.lib(sdk_nvds_patch.o)
    0x01006fd8   0x0000000c   Code   RO         5583    i.ble_nvds_put      ble_sdk.lib(sdk_nvds_patch.o)
    0x01006fe4   0x00000024   Code   RO         5584    i.ble_nvds_set_entry  ble_sdk.lib(sdk_nvds_patch.o)
    0x01007008   0x00000016   Code   RO         5958    i.ble_scan_env_init  ble_sdk.lib(cold_patch.o)
    0x0100701e   0x00000002   PAD
    0x01007020   0x00000034   Code   RO         2092    i.ble_sdk_env_init  platform_gr55xx.o
    0x01007054   0x00000020   Code   RO         5488    i.ble_sdk_gapm_replace  ble_sdk.lib(ble_sdk_gapm_patch.o)
    0x01007074   0x00000048   Code   RO         5669    i.ble_sdk_gatt_mtu_changed_ind_handler_patch  ble_sdk.lib(ble_sdk_gatt_task_patch.o)
    0x010070bc   0x00000068   Code   RO         5670    i.ble_sdk_gattc_event_ind_handler_patch  ble_sdk.lib(ble_sdk_gatt_task_patch.o)
    0x01007124   0x00000070   Code   RO         5671    i.ble_sdk_gatts_svc_changed_cfg_ind_handler_patch  ble_sdk.lib(ble_sdk_gatt_task_patch.o)
    0x01007194   0x00000016   Code   RO         6516    i.ble_sdk_init_patch  ble_sdk.lib(ble_sdk_patch.o)
    0x010071aa   0x00000002   PAD
    0x010071ac   0x00000010   Code   RO         6517    i.ble_sdk_replace   ble_sdk.lib(ble_sdk_patch.o)
    0x010071bc   0x00000060   Code   RO         5389    i.ble_sdk_rwip_init  ble_sdk.lib(system_sdk_patch.o)
    0x0100721c   0x00000078   Code   RO         6206    i.ble_sleep_successfully_without_stack_init  ble_sdk.lib(rwip_sleep_common.o)
    0x01007294   0x00000058   Code   RO         6207    i.ble_sleep_without_stack_init  ble_sdk.lib(rwip_sleep_common.o)
    0x010072ec   0x00000104   Code   RO         5390    i.ble_stack_init    ble_sdk.lib(system_sdk_patch.o)
    0x010073f0   0x00000014   Code   RO         5789    i.ble_wakeup_osc_time_get  ble_sdk.lib(platform_sdk.o)
    0x01007404   0x00000014   Code   RO         5790    i.ble_wakeup_osc_time_set  ble_sdk.lib(platform_sdk.o)
    0x01007418   0x0000003c   Code   RO         3441    i.bsp_log_init      bsp.o
    0x01007454   0x00000006   Code   RO         3442    i.bsp_uart_flush    bsp.o
    0x0100745a   0x00000002   PAD
    0x0100745c   0x00000064   Code   RO         3443    i.bsp_uart_init     bsp.o
    0x010074c0   0x0000000a   Code   RO         3444    i.bsp_uart_send     bsp.o
    0x010074ca   0x00000002   PAD
    0x010074cc   0x0000010c   Code   RO         5275    i.calendar_cover_seconds2time  ble_sdk.lib(gr55xx_hal_calendar_patch.o)
    0x010075d8   0x0000007c   Code   RO         5276    i.calendar_cover_time2seconds  ble_sdk.lib(gr55xx_hal_calendar_patch.o)
    0x01007654   0x0000002a   Code   RO         5277    i.calendar_get_timer_value  ble_sdk.lib(gr55xx_hal_calendar_patch.o)
    0x0100767e   0x00000002   PAD
    0x01007680   0x000000a0   Code   RO            5    i.calendar_run      main.o
    0x01007720   0x0000007c   Code   RO         5791    i.clk_period_1V_set  ble_sdk.lib(platform_sdk.o)
    0x0100779c   0x0000001a   Code   RO         5959    i.cold_patch_apply  ble_sdk.lib(cold_patch.o)
    0x010077b6   0x00000002   PAD
    0x010077b8   0x0000023c   Code   RO         5585    i.compact_nvds      ble_sdk.lib(sdk_nvds_patch.o)
    0x010079f4   0x00000028   Code   RO         5084    i.compute_pref_period  ble_sdk.lib(llc_con_upd_patch.o)
    0x01007a1c   0x0000001e   Code   RO         5586    i.cp_hdr_incr       ble_sdk.lib(sdk_nvds_patch.o)
    0x01007a3a   0x00000002   PAD
    0x01007a3c   0x0000001c   Code   RO         5792    i.cpll_calibration  ble_sdk.lib(platform_sdk.o)
    0x01007a58   0x0000009c   Code   RO         5793    i.cpll_calibration_init  ble_sdk.lib(platform_sdk.o)
    0x01007af4   0x000000d0   Code   RO         5794    i.cpll_lock_check_recover  ble_sdk.lib(platform_sdk.o)
    0x01007bc4   0x000001bc   Code   RO         5795    i.cpll_renew_vco_base  ble_sdk.lib(platform_sdk.o)
    0x01007d80   0x00000050   Code   RO         5796    i.current_shape_set  ble_sdk.lib(platform_sdk.o)
    0x01007dd0   0x00000034   Code   RO         5587    i.dec_flash_read    ble_sdk.lib(sdk_nvds_patch.o)
    0x01007e04   0x00000034   Code   RO         5588    i.dec_flash_write   ble_sdk.lib(sdk_nvds_patch.o)
    0x01007e38   0x00000010   Code   RO         6479    i.dfu_cmd_handler_replace  ble_sdk.lib(dfu_cmd_handler_patch.o)
    0x01007e48   0x00000040   Code   RO         2693    i.dma_err_callback  app_dma.o
    0x01007e88   0x0000003c   Code   RO         2694    i.dma_prepare_for_sleep  app_dma.o
    0x01007ec4   0x00000040   Code   RO         2696    i.dma_tfr_callback  app_dma.o
    0x01007f04   0x00000048   Code   RO         2094    i.exflash_io_pull_config  platform_gr55xx.o
    0x01007f4c   0x000000fc   Code   RO         6247    i.ext_hp_gain_calibration  ble_sdk.lib(rf_gdx_patch.o)
    0x01008048   0x00000094   Code   RO         5589    i.find_item         ble_sdk.lib(sdk_nvds_patch.o)
    0x010080dc   0x00000030   Code   RO         5460    i.find_ltk_again    ble_sdk.lib(ble_sdk_sec_patch.o)
    0x0100810c   0x0000002c   Code   RO         5204    i.find_new_gapm_hci_evt_handler  ble_sdk.lib(gapm_task_patch.o)
    0x01008138   0x0000002c   Code   RO         5008    i.find_new_hci_cmd_handler  ble_sdk.lib(llm_hci_patch.o)
    0x01008164   0x0000002c   Code   RO         5217    i.find_new_msg_handler  ble_sdk.lib(ke_task_patch.o)
    0x01008190   0x00000014   Code   RO         5973    i.finish_encryt_check_by_llcp  ble_sdk.lib(llc_encrypt_patch.o)
    0x010081a4   0x000000c4   Code   RO         1758    i.firmware_switch_event_handler  maxeye_gpio.o
    0x01008268   0x00000060   Code   RO         1759    i.firmware_switch_pin_init  maxeye_gpio.o
    0x010082c8   0x0000007c   Code   RO         1761    i.firmware_switch_pin_set  maxeye_gpio.o
    0x01008344   0x00000044   Code   RO         1457    i.firmware_switch_rsp  maxeye_uart.o
    0x01008388   0x0000008c   Code   RO         1762    i.firmware_switch_start  maxeye_gpio.o
    0x01008414   0x00000034   Code   RO         6345    i.fpb_enable        ble_sdk.lib(platform_patch.o)
    0x01008448   0x00000068   Code   RO         4995    i.fpb_patch_enable  ble_sdk.lib(fpb_patch_init.o)
    0x010084b0   0x0000000e   Code   RO         3963    i.fputc             app_log.o
    0x010084be   0x00000002   PAD
    0x010084c0   0x00000058   Code   RO         4094    i.free_block_node_insert  app_memory.o
    0x01008518   0x00000058   Code   RO         6346    i.fun_replace_by_svc  ble_sdk.lib(platform_patch.o)
    0x01008570   0x00000168   Code   RO         5489    i.gap_activity_stopped_ind_handler_patch  ble_sdk.lib(ble_sdk_gapm_patch.o)
    0x010086d8   0x000001c4   Code   RO         5652    i.gap_cmp_evt_handler_patch  ble_sdk.lib(ble_sdk_gapc_patch.o)
    0x0100889c   0x00000184   Code   RO         5653    i.gap_connection_req_ind_handler_patch  ble_sdk.lib(ble_sdk_gapc_patch.o)
    0x01008a20   0x00000080   Code   RO         5490    i.gap_dev_bdaddr_ind_handler_patch  ble_sdk.lib(ble_sdk_gapm_patch.o)
    0x01008aa0   0x0000015c   Code   RO         5491    i.gap_device_config_params_init_patch  ble_sdk.lib(ble_sdk_gapm_patch.o)
    0x01008bfc   0x000000ac   Code   RO         5654    i.gap_disconnect_ind_handler_patch  ble_sdk.lib(ble_sdk_gapc_patch.o)
    0x01008ca8   0x0000024c   Code   RO         5492    i.gap_init_fsm_next_func_patch  ble_sdk.lib(ble_sdk_gapm_patch.o)
    0x01008ef4   0x00000074   Code   RO          428    i.gap_params_init   user_app.o
    0x01008f68   0x00000080   Code   RO         5378    i.gapc_hci_handler_patch  ble_sdk.lib(gapc_hci_patch.o)
    0x01008fe8   0x000000bc   Code   RO         5196    i.gapm_activity_create_cmd_handler_patch  ble_sdk.lib(gapm_actv_patch.o)
    0x010090a4   0x0000025c   Code   RO         6454    i.gapm_adv_check_param_func_patch  ble_sdk.lib(gapm_adv_patch.o)
    0x01009300   0x00000010   Code   RO         6455    i.gapm_adv_replace  ble_sdk.lib(gapm_adv_patch.o)
    0x01009310   0x00000114   Code   RO         5493    i.gapm_cmp_evt_handler_patch  ble_sdk.lib(ble_sdk_gapm_patch.o)
    0x01009424   0x00000074   Code   RO         5205    i.gapm_hci_handler_patch  ble_sdk.lib(gapm_task_patch.o)
    0x01009498   0x0000012c   Code   RO         5176    i.gapm_init_connection_ind_func_patch  ble_sdk.lib(gapm_init_patch.o)
    0x010095c4   0x00000080   Code   RO         5177    i.gapm_init_create_patch  ble_sdk.lib(gapm_init_patch.o)
    0x01009644   0x00000010   Code   RO         5178    i.gapm_init_replace  ble_sdk.lib(gapm_init_patch.o)
    0x01009654   0x00000088   Code   RO         5179    i.gapm_init_start_patch  ble_sdk.lib(gapm_init_patch.o)
    0x010096dc   0x0000002c   Code   RO         5180    i.gapm_init_stop_patch  ble_sdk.lib(gapm_init_patch.o)
    0x01009708   0x00000064   Code   RO         6286    i.gatt_find_item_patch  ble_sdk.lib(ble_sdk_gatts_patch.o)
    0x0100976c   0x00000100   Code   RO         6287    i.gatt_on_connection_func_patch  ble_sdk.lib(ble_sdk_gatts_patch.o)
    0x0100986c   0x000000ac   Code   RO         6288    i.gatt_on_disconnection_func_patch  ble_sdk.lib(ble_sdk_gatts_patch.o)
    0x01009918   0x00000010   Code   RO         6289    i.gatt_on_disconnection_replace  ble_sdk.lib(ble_sdk_gatts_patch.o)
    0x01009928   0x00000058   Code   RO         6290    i.gatt_remove_item_patch  ble_sdk.lib(ble_sdk_gatts_patch.o)
    0x01009980   0x000000ec   Code   RO         6533    i.gattc_write_req_ind_handler_patch  ble_sdk.lib(ble_sdk_prf_patch.o)
    0x01009a6c   0x0000000e   Code   RO         5590    i.gen_hdr_checksum  ble_sdk.lib(sdk_nvds_patch.o)
    0x01009a7a   0x0000001e   Code   RO         5591    i.gen_value_checksum  ble_sdk.lib(sdk_nvds_patch.o)
    0x01009a98   0x00000028   Code   RO         6248    i.get_F_value_patch  ble_sdk.lib(rf_gdx_patch.o)
    0x01009ac0   0x00000030   Code   RO         6099    i.get_conn_idx_by_id  ble_sdk.lib(l2cm_patch.o)
    0x01009af0   0x000000e0   Code   RO         6364    i.get_data_from_adc  ble_sdk.lib(platform_adc.o)
    0x01009bd0   0x00000028   Code   RO         5166    i.get_id_by_conn_idx  ble_sdk.lib(l2cc_task_patch.o)
    0x01009bf8   0x00000050   Code   RO         6483    i.get_info          ble_sdk.lib(dfu_cmd_handler_patch.o)
    0x01009c48   0x0000008c   Code   RO         3778    i.get_next_timer    app_timer.o
    0x01009cd4   0x00000004   Code   RO         6347    i.get_ori_cmd       ble_sdk.lib(platform_patch.o)
    0x01009cd8   0x00000006   Code   RO         6349    i.get_svc_cmd       ble_sdk.lib(platform_patch.o)
    0x01009cde   0x00000002   PAD
    0x01009ce0   0x00000108   Code   RO         5798    i.get_ton_value_for_1p5uH  ble_sdk.lib(platform_sdk.o)
    0x01009de8   0x00000158   Code   RO         5799    i.get_ton_value_for_2p2uH  ble_sdk.lib(platform_sdk.o)
    0x01009f40   0x0000001a   Code   RO          982    i.get_xorcheck      maxeye_enc.o
    0x01009f5a   0x00000004   Code   RO         2775    i.gpiote_prepare_for_sleep  app_gpiote.o
    0x01009f5e   0x00000002   Code   RO         2776    i.gpiote_sleep_canceled  app_gpiote.o
    0x01009f60   0x0000000c   Code   RO         4299    i.gui_animation_init  gui_animation.o
    0x01009f6c   0x00000004   Code   RO         4623    i.gui_fill_mem      gui_lcd_config.o
    0x01009f70   0x0000001c   Code   RO         4624    i.gui_init          gui_lcd_config.o
    0x01009f8c   0x00000008   Code   RO         4625    i.gui_point         gui_lcd_config.o
    0x01009f94   0x00000044   Code   RO         4455    i.gui_point_color   gui_color.o
    0x01009fd8   0x0000000c   Code   RO         4629    i.gui_refresh       gui_lcd_config.o
    0x01009fe4   0x00000018   Code   RO         4630    i.gui_refresh_schedule  gui_lcd_config.o
    0x01009ffc   0x0000000c   Code   RO         4456    i.gui_set_color     gui_color.o
    0x0100a008   0x00000004   Code   RO         4631    i.gui_set_refresh_mem  gui_lcd_config.o
    0x0100a00c   0x00000020   Code   RO         5800    i.hal_adc_is_using  ble_sdk.lib(platform_sdk.o)
    0x0100a02c   0x00000090   Code   RO         2777    i.hal_aon_gpio_callback  app_gpiote.o
    0x0100a0bc   0x00000016   Code   RO         2485    i.hal_aon_gpio_deinit  gr55xx_hal_aon_gpio.o
    0x0100a0d2   0x00000002   PAD
    0x0100a0d4   0x0000006c   Code   RO         5255    i.hal_aon_gpio_deinit_ext  ble_sdk.lib(gr55xx_hal_aon_gpio_patch.o)
    0x0100a140   0x00000024   Code   RO         2486    i.hal_aon_gpio_init  gr55xx_hal_aon_gpio.o
    0x0100a164   0x00000028   Code   RO         5256    i.hal_aon_gpio_init_ext  ble_sdk.lib(gr55xx_hal_aon_gpio_patch.o)
    0x0100a18c   0x0000005c   Code   RO         5257    i.hal_aon_gpio_irq_handler  ble_sdk.lib(gr55xx_hal_aon_gpio_patch.o)
    0x0100a1e8   0x00000034   Code   RO         5259    i.hal_aon_gpio_write_pin  ble_sdk.lib(gr55xx_hal_aon_gpio_patch.o)
    0x0100a21c   0x00000054   Code   RO         1311    i.hal_aon_wdt_alarm_callback  maxeye_wdt.o
    0x0100a270   0x00000024   Code   RO         2652    i.hal_aon_wdt_init  gr55xx_hal_aon_wdt.o
    0x0100a294   0x00000084   Code   RO         5322    i.hal_aon_wdt_init_ext  ble_sdk.lib(gr55xx_hal_aon_wdt_patch.o)
    0x0100a318   0x000000d0   Code   RO         5323    i.hal_aon_wdt_refresh  ble_sdk.lib(gr55xx_hal_aon_wdt_patch.o)
    0x0100a3e8   0x00000098   Code   RO            6    i.hal_calendar_alarm_callback  main.o
    0x0100a480   0x000000b4   Code   RO         5281    i.hal_calendar_get_time  ble_sdk.lib(gr55xx_hal_calendar_patch.o)
    0x0100a534   0x00000024   Code   RO         2598    i.hal_calendar_init  gr55xx_hal_calendar.o
    0x0100a558   0x000000e0   Code   RO         5282    i.hal_calendar_init_ext  ble_sdk.lib(gr55xx_hal_calendar_patch.o)
    0x0100a638   0x00000134   Code   RO         5283    i.hal_calendar_init_time  ble_sdk.lib(gr55xx_hal_calendar_patch.o)
    0x0100a76c   0x00000002   Code   RO         2599    i.hal_calendar_overflow_callback  gr55xx_hal_calendar.o
    0x0100a76e   0x00000002   PAD
    0x0100a770   0x0000017c   Code   RO         5284    i.hal_calendar_set_alarm  ble_sdk.lib(gr55xx_hal_calendar_patch.o)
    0x0100a8ec   0x00000002   Code   RO         2600    i.hal_calendar_tick_callback  gr55xx_hal_calendar.o
    0x0100a8ee   0x00000002   PAD
    0x0100a8f0   0x0000008c   Code   RO         5333    i.hal_dma_init      ble_sdk.lib(gr55xx_hal_dma_patch.o)
    0x0100a97c   0x00000040   Code   RO         5241    i.hal_dwt_disable   ble_sdk.lib(gr55xx_hal_patch.o)
    0x0100a9bc   0x00000038   Code   RO         5242    i.hal_dwt_enable    ble_sdk.lib(gr55xx_hal_patch.o)
    0x0100a9f4   0x0000008c   Code   RO         6140    i.hal_efuse_deinit_ext  ble_sdk.lib(gr55xx_hal_efuse_patch.o)
    0x0100aa80   0x000000ac   Code   RO         6141    i.hal_efuse_init_ext  ble_sdk.lib(gr55xx_hal_efuse_patch.o)
    0x0100ab2c   0x0000001c   Code   RO         5553    i.hal_flash_erase   ble_sdk.lib(hal_flash_patch.o)
    0x0100ab48   0x00000064   Code   RO         5555    i.hal_flash_init    ble_sdk.lib(hal_flash_patch.o)
    0x0100abac   0x00000020   Code   RO         5556    i.hal_flash_read    ble_sdk.lib(hal_flash_patch.o)
    0x0100abcc   0x00000074   Code   RO         5561    i.hal_flash_write_r  ble_sdk.lib(hal_flash_patch.o)
    0x0100ac40   0x00000028   Code   RO         2322    i.hal_gpio_deinit   gr55xx_hal_gpio.o
    0x0100ac68   0x0000004c   Code   RO         2778    i.hal_gpio_exti_callback  app_gpiote.o
    0x0100acb4   0x00000028   Code   RO         2324    i.hal_gpio_init     gr55xx_hal_gpio.o
    0x0100acdc   0x00000020   Code   RO         2279    i.hal_init          gr55xx_hal.o
    0x0100acfc   0x00000090   Code   RO         5350    i.hal_msio_deinit   ble_sdk.lib(gr55xx_hal_msio_patch.o)
    0x0100ad8c   0x00000004   Code   RO         5351    i.hal_msio_init     ble_sdk.lib(gr55xx_hal_msio_patch.o)
    0x0100ad90   0x00000002   Code   RO         2280    i.hal_msp_deinit    gr55xx_hal.o
    0x0100ad92   0x00000002   Code   RO         2281    i.hal_msp_init      gr55xx_hal.o
    0x0100ad94   0x0000001c   Code   RO         2454    i.hal_pwr_config_timer_wakeup  gr55xx_hal_pwr.o
    0x0100adb0   0x00000098   Code   RO         6568    i.hal_rng_deinit_ext  ble_sdk.lib(gr55xx_hal_rng_patch.o)
    0x0100ae48   0x00000138   Code   RO         6569    i.hal_rng_generate_random_number  ble_sdk.lib(gr55xx_hal_rng_patch.o)
    0x0100af80   0x00000090   Code   RO         6571    i.hal_rng_init_ext  ble_sdk.lib(gr55xx_hal_rng_patch.o)
    0x0100b010   0x00000002   Code   RO         2522    i.hal_spi_abort_cplt_callback  gr55xx_hal_spi.o
    0x0100b012   0x00000002   PAD
    0x0100b014   0x00000024   Code   RO         2523    i.hal_spi_deinit    gr55xx_hal_spi.o
    0x0100b038   0x00000006   Code   RO         3146    i.hal_spi_error_callback  app_spi.o
    0x0100b03e   0x00000002   PAD
    0x0100b040   0x00000024   Code   RO         2525    i.hal_spi_init      gr55xx_hal_spi.o
    0x0100b064   0x00000002   Code   RO         2526    i.hal_spi_msp_deinit  gr55xx_hal_spi.o
    0x0100b066   0x00000002   Code   RO         2527    i.hal_spi_msp_init  gr55xx_hal_spi.o
    0x0100b068   0x00000006   Code   RO         3147    i.hal_spi_rx_cplt_callback  app_spi.o
    0x0100b06e   0x0000008e   Code   RO         5362    i.hal_spi_transmit_it  ble_sdk.lib(gr55xx_hal_spi_patch.o)
    0x0100b0fc   0x00000006   Code   RO         3148    i.hal_spi_tx_cplt_callback  app_spi.o
    0x0100b102   0x00000006   Code   RO         3149    i.hal_spi_tx_rx_cplt_callback  app_spi.o
    0x0100b108   0x00000002   Code   RO         2195    i.hal_uart_abort_cplt_callback  gr55xx_hal_uart.o
    0x0100b10a   0x00000006   Code   RO         2946    i.hal_uart_abort_rx_cplt_callback  app_uart.o
    0x0100b110   0x00000006   Code   RO         2947    i.hal_uart_abort_tx_cplt_callback  app_uart.o
    0x0100b116   0x00000002   PAD
    0x0100b118   0x00000024   Code   RO         2198    i.hal_uart_deinit   gr55xx_hal_uart.o
    0x0100b13c   0x00000006   Code   RO         2948    i.hal_uart_error_callback  app_uart.o
    0x0100b142   0x00000012   Code   RO         5760    i.hal_uart_get_state  ble_sdk.lib(gr55xx_hal_uart_patch.o)
    0x0100b154   0x00000024   Code   RO         2200    i.hal_uart_init     gr55xx_hal_uart.o
    0x0100b178   0x00000002   Code   RO         2201    i.hal_uart_msp_deinit  gr55xx_hal_uart.o
    0x0100b17a   0x00000002   Code   RO         2202    i.hal_uart_msp_init  gr55xx_hal_uart.o
    0x0100b17c   0x00000006   Code   RO         2949    i.hal_uart_rx_cplt_callback  app_uart.o
    0x0100b182   0x00000006   Code   RO         2950    i.hal_uart_tx_cplt_callback  app_uart.o
    0x0100b188   0x0000000a   Code   RO         1458    i.hbyte_to_Lbyte    maxeye_uart.o
    0x0100b192   0x00000002   PAD
    0x0100b194   0x000000a4   Code   RO         5011    i.hci_le_add_dev_to_wlst_cmd_handler_patch  ble_sdk.lib(llm_hci_patch.o)
    0x0100b238   0x0000005c   Code   RO         5012    i.hci_le_clear_wlst_cmd_handler_patch  ble_sdk.lib(llm_hci_patch.o)
    0x0100b294   0x00000042   Code   RO         5181    i.hci_le_cmd_cmp_evt_init_handler_patch  ble_sdk.lib(gapm_init_patch.o)
    0x0100b2d6   0x00000002   PAD
    0x0100b2d8   0x00000148   Code   RO         5085    i.hci_le_con_upd_cmd_handler_patch  ble_sdk.lib(llc_con_upd_patch.o)
    0x0100b420   0x00000384   Code   RO         5013    i.hci_le_ext_create_con_cmd_handler_patch  ble_sdk.lib(llm_hci_patch.o)
    0x0100b7a4   0x000000b8   Code   RO         5379    i.hci_le_ltk_request_evt_handler_patch  ble_sdk.lib(gapc_hci_patch.o)
    0x0100b85c   0x0000006c   Code   RO         5014    i.hci_le_rmv_dev_from_wlst_cmd_handler_patch  ble_sdk.lib(llm_hci_patch.o)
    0x0100b8c8   0x00000224   Code   RO         5046    i.hci_le_set_ext_scan_en_cmd_handler_patch  ble_sdk.lib(llm_scan_patch.o)
    0x0100baec   0x000000ec   Code   RO         5047    i.hci_le_set_ext_scan_param_cmd_handler_patch  ble_sdk.lib(llm_scan_patch.o)
    0x0100bbd8   0x000000b4   Code   RO         5167    i.hci_nb_cmp_pkts_evt_handler_patch  ble_sdk.lib(l2cc_task_patch.o)
    0x0100bc8c   0x0000012c   Code   RO         6045    i.hci_send_2_controller_patch  ble_sdk.lib(hci_patch.o)
    0x0100bdb8   0x00000080   Code   RO         5774    i.host_to_sdk_msg_handler_patch  ble_sdk.lib(ble_sdk_task_patch.o)
    0x0100be38   0x00000054   Code   RO         5801    i.i0nd_ioldo_3v_get  ble_sdk.lib(platform_sdk.o)
    0x0100be8c   0x00000038   Code   RO         5182    i.init_hci_le_cmd_cmp_evt_starting_handler_patch  ble_sdk.lib(gapm_init_patch.o)
    0x0100bec4   0x00000138   Code   RO         5494    i.init_ltk_list     ble_sdk.lib(ble_sdk_gapm_patch.o)
    0x0100bffc   0x00000080   Code   RO         5802    i.internal_3p3_ioldo_update  ble_sdk.lib(platform_sdk.o)
    0x0100c07c   0x00000034   Code   RO         1662    i.is_a_contain_b    maxeye_product_test.o
    0x0100c0b0   0x00000030   Code   RO         5594    i.is_item_same      ble_sdk.lib(sdk_nvds_patch.o)
    0x0100c0e0   0x0000013c   Code   RO         5218    i.ke_task_schedule_patch  ble_sdk.lib(ke_task_patch.o)
    0x0100c21c   0x000000c8   Code   RO         5111    i.l2cc_pdu_recv_ind_handler_patch  ble_sdk.lib(gattc_task_patch.o)
    0x0100c2e4   0x000000a4   Code   RO         6100    i.l2cm_l2cap_tx_handler_patch  ble_sdk.lib(l2cm_patch.o)
    0x0100c388   0x0000000c   Code   RO         6101    i.l2cm_l2cap_tx_handler_replace  ble_sdk.lib(l2cm_patch.o)
    0x0100c394   0x0000001c   Code   RO         4688    i.lcd_draw_point    st7735.o
    0x0100c3b0   0x00000028   Code   RO         4689    i.lcd_fill_mem      st7735.o
    0x0100c3d8   0x000001cc   Code   RO         4690    i.lcd_init          st7735.o
    0x0100c5a4   0x00000028   Code   RO         4694    i.lcd_refresh       st7735.o
    0x0100c5cc   0x00000020   Code   RO         4695    i.lcd_set_memory    st7735.o
    0x0100c5ec   0x0000005a   Code   RO         4696    i.lcd_set_window    st7735.o
    0x0100c646   0x00000002   PAD
    0x0100c648   0x00000134   Code   RO         5803    i.ldo_voltage_set   ble_sdk.lib(platform_sdk.o)
    0x0100c77c   0x0000002c   Code   RO          938    i.listenerOnce_add  listener_once.o
    0x0100c7a8   0x00000016   Code   RO          939    i.listenerOnce_getCount  listener_once.o
    0x0100c7be   0x0000001c   Code   RO          940    i.listenerOnce_remove  listener_once.o
    0x0100c7da   0x0000000c   Code   RO          941    i.listenerOnce_removeAll  listener_once.o
    0x0100c7e6   0x0000002a   Code   RO          942    i.listenerOnce_run  listener_once.o
    0x0100c810   0x00000020   Code   RO         6365    i.ll_adc_disable_clock  ble_sdk.lib(platform_adc.o)
    0x0100c830   0x00000104   Code   RO         6151    i.ll_aon_gpio_init  ble_sdk.lib(gr55xx_ll_aon_gpio_patch.o)
    0x0100c934   0x00000014   Code   RO         5804    i.ll_aon_gpio_is_enabled_it  ble_sdk.lib(platform_sdk.o)
    0x0100c948   0x00000028   Code   RO         5260    i.ll_aon_gpio_reset_output_pin  ble_sdk.lib(gr55xx_hal_aon_gpio_patch.o)
    0x0100c970   0x00000028   Code   RO         6152    i.ll_aon_gpio_set_pin_mode  ble_sdk.lib(gr55xx_ll_aon_gpio_patch.o)
    0x0100c998   0x0000001c   Code   RO         5391    i.ll_aon_wdt_get_counter  ble_sdk.lib(system_sdk_patch.o)
    0x0100c9b4   0x0000001c   Code   RO         5392    i.ll_calendar_clear_flag_alarm  ble_sdk.lib(system_sdk_patch.o)
    0x0100c9d0   0x00000024   Code   RO         5286    i.ll_calendar_get_alarm  ble_sdk.lib(gr55xx_hal_calendar_patch.o)
    0x0100c9f4   0x00000024   Code   RO         5287    i.ll_calendar_get_counter  ble_sdk.lib(gr55xx_hal_calendar_patch.o)
    0x0100ca18   0x00000024   Code   RO         5393    i.ll_calendar_get_counter  ble_sdk.lib(system_sdk_patch.o)
    0x0100ca3c   0x00000010   Code   RO         5288    i.ll_calendar_get_wrapcnt  ble_sdk.lib(gr55xx_hal_calendar_patch.o)
    0x0100ca4c   0x00000018   Code   RO         5289    i.ll_calendar_reload_alarm  ble_sdk.lib(gr55xx_hal_calendar_patch.o)
    0x0100ca64   0x00000018   Code   RO         5394    i.ll_calendar_reload_counter  ble_sdk.lib(system_sdk_patch.o)
    0x0100ca7c   0x00000014   Code   RO         5290    i.ll_calendar_set_clock_div  ble_sdk.lib(gr55xx_hal_calendar_patch.o)
    0x0100ca90   0x00000014   Code   RO         5395    i.ll_calendar_set_clock_div  ble_sdk.lib(system_sdk_patch.o)
    0x0100caa4   0x0000009c   Code   RO         5146    i.ll_channel_map_ind_handler_patch  ble_sdk.lib(llc_chmap_upd_patch.o)
    0x0100cb40   0x000000e4   Code   RO         5086    i.ll_connection_param_req_handler_patch  ble_sdk.lib(llc_con_upd_patch.o)
    0x0100cc24   0x00000154   Code   RO         5087    i.ll_connection_update_ind_handler_patch  ble_sdk.lib(llc_con_upd_patch.o)
    0x0100cd78   0x000000f4   Code   RO         6163    i.ll_dma_init       ble_sdk.lib(gr55xx_ll_dma_patch.o)
    0x0100ce6c   0x00000014   Code   RO         6164    i.ll_dma_is_empty_fifo  ble_sdk.lib(gr55xx_ll_dma_patch.o)
    0x0100ce80   0x00000014   Code   RO         6165    i.ll_dma_is_enabled_channel  ble_sdk.lib(gr55xx_ll_dma_patch.o)
    0x0100ce94   0x00000016   Code   RO         6166    i.ll_dma_resume_channel  ble_sdk.lib(gr55xx_ll_dma_patch.o)
    0x0100ceaa   0x00000016   Code   RO         6167    i.ll_dma_suspend_channel  ble_sdk.lib(gr55xx_ll_dma_patch.o)
    0x0100cec0   0x00000044   Code   RO         2095    i.ll_gpio_set_pin_pull  platform_gr55xx.o
    0x0100cf04   0x00000114   Code   RO         6189    i.ll_msio_init      ble_sdk.lib(gr55xx_ll_msio_patch.o)
    0x0100d018   0x00000030   Code   RO         6190    i.ll_msio_set_pin_mode  ble_sdk.lib(gr55xx_ll_msio_patch.o)
    0x0100d048   0x000000bc   Code   RO         5134    i.ll_phy_req_handler_patch  ble_sdk.lib(llc_phy_upd_patch.o)
    0x0100d104   0x0000003c   Code   RO         5156    i.llc_auth_payl_nearly_to_handler_patch  ble_sdk.lib(llc_le_ping_patch.o)
    0x0100d140   0x0000003c   Code   RO         5157    i.llc_auth_payl_real_to_handler_patch  ble_sdk.lib(llc_le_ping_patch.o)
    0x0100d17c   0x00000020   Code   RO         5088    i.llc_con_upd_replace  ble_sdk.lib(llc_con_upd_patch.o)
    0x0100d19c   0x00000010   Code   RO         5974    i.llc_encrypt_replace  ble_sdk.lib(llc_encrypt_patch.o)
    0x0100d1ac   0x0000004c   Code   RO         5074    i.llc_hci_command_handler_patch  ble_sdk.lib(llc_hci_patch.o)
    0x0100d1f8   0x00000014   Code   RO         5075    i.llc_hci_new_handler_find  ble_sdk.lib(llc_hci_patch.o)
    0x0100d20c   0x00000048   Code   RO         5120    i.llc_llcp_rsp_to   ble_sdk.lib(llc_task_patch.o)
    0x0100d254   0x00000010   Code   RO         5089    i.llc_loc_con_upd_proc_stop  ble_sdk.lib(llc_con_upd_patch.o)
    0x0100d264   0x0000000c   Code   RO         5121    i.llc_loc_llcp_rsp_to_handler_patch  ble_sdk.lib(llc_task_patch.o)
    0x0100d270   0x00000010   Code   RO         5135    i.llc_loc_phy_upd_proc_stop  ble_sdk.lib(llc_phy_upd_patch.o)
    0x0100d280   0x00000018   Code   RO         5231    i.llc_op_dl_upd_ind_handler_patch  ble_sdk.lib(llc_dl_upd_patch.o)
    0x0100d298   0x00000130   Code   RO         5090    i.llc_pref_param_compute_func_patch  ble_sdk.lib(llc_con_upd_patch.o)
    0x0100d3c8   0x00000046   Code   RO         6091    i.llc_proc_collision_check_slave  ble_sdk.lib(llc_patch.o)
    0x0100d40e   0x00000002   PAD
    0x0100d410   0x000001f4   Code   RO         5091    i.llc_rem_con_upd_proc_continue_patch  ble_sdk.lib(llc_con_upd_patch.o)
    0x0100d604   0x000002c8   Code   RO         5975    i.llc_rem_encrypt_proc_continue_patch  ble_sdk.lib(llc_encrypt_patch.o)
    0x0100d8cc   0x000000b0   Code   RO         5976    i.llc_rem_encrypt_proc_finish  ble_sdk.lib(llc_encrypt_patch.o)
    0x0100d97c   0x0000000c   Code   RO         5122    i.llc_rem_llcp_rsp_to_handler_patch  ble_sdk.lib(llc_task_patch.o)
    0x0100d988   0x00000044   Code   RO         5058    i.llcp_pdu_handler_tab_replace  ble_sdk.lib(llc_llcp_patch.o)
    0x0100d9cc   0x00000032   Code   RO         5123    i.lld_acl_rx_ind_handler_patch  ble_sdk.lib(llc_task_patch.o)
    0x0100d9fe   0x00000002   PAD
    0x0100da00   0x0000004c   Code   RO         6438    i.lld_adv_frm_cbk_func_patch  ble_sdk.lib(lld_adv_patch.o)
    0x0100da4c   0x00000394   Code   RO         6439    i.lld_adv_frm_isr_patch  ble_sdk.lib(lld_adv_patch.o)
    0x0100dde0   0x00000010   Code   RO         6440    i.lld_adv_replace   ble_sdk.lib(lld_adv_patch.o)
    0x0100ddf0   0x00000048   Code   RO         6014    i.lld_adv_start_func_patch  ble_sdk.lib(lld_scan_patch.o)
    0x0100de38   0x00000050   Code   RO         5147    i.lld_ch_map_upd_cfm_handler_patch  ble_sdk.lib(llc_chmap_upd_patch.o)
    0x0100de88   0x00000018   Code   RO         6056    i.lld_con_env_is_free  ble_sdk.lib(lld_con_patch.o)
    0x0100dea0   0x00000014   Code   RO         6057    i.lld_con_instant_proc_type_reset  ble_sdk.lib(lld_con_patch.o)
    0x0100deb4   0x00000050   Code   RO         5092    i.lld_con_offset_upd_ind_handler_patch  ble_sdk.lib(llc_con_upd_patch.o)
    0x0100df04   0x0000002a   Code   RO         5093    i.lld_con_param_upd_cfm_handler_patch  ble_sdk.lib(llc_con_upd_patch.o)
    0x0100df2e   0x00000002   PAD
    0x0100df30   0x00000044   Code   RO         6059    i.lld_con_replace   ble_sdk.lib(lld_con_patch.o)
    0x0100df74   0x0000003c   Code   RO         6060    i.lld_con_start_patch  ble_sdk.lib(lld_con_patch.o)
    0x0100dfb0   0x00000298   Code   RO         6061    i.lld_con_tx_prog_patch  ble_sdk.lib(lld_con_patch.o)
    0x0100e248   0x00000028   Code   RO         6063    i.lld_con_ultra_link_update  ble_sdk.lib(lld_con_patch.o)
    0x0100e270   0x00000012   Code   RO         6405    i.lld_init_patch    ble_sdk.lib(lld_patch.o)
    0x0100e282   0x00000002   PAD
    0x0100e284   0x00000010   Code   RO         6406    i.lld_init_replace  ble_sdk.lib(lld_patch.o)
    0x0100e294   0x0000081c   Code   RO         6426    i.lld_init_start_patch  ble_sdk.lib(lld_init_patch.o)
    0x0100eab0   0x00000010   Code   RO         6427    i.lld_init_start_replace  ble_sdk.lib(lld_init_patch.o)
    0x0100eac0   0x000000e4   Code   RO         5059    i.lld_llcp_rx_ind_handler_patch  ble_sdk.lib(llc_llcp_patch.o)
    0x0100eba4   0x0000002a   Code   RO         5060    i.lld_llcp_tx_cfm_handler_patch  ble_sdk.lib(llc_llcp_patch.o)
    0x0100ebce   0x00000002   PAD
    0x0100ebd0   0x00000050   Code   RO         5136    i.lld_phy_upd_cfm_handler_patch  ble_sdk.lib(llc_phy_upd_patch.o)
    0x0100ec20   0x0000004c   Code   RO         6015    i.lld_scan_discard_last_rx_buff  ble_sdk.lib(lld_scan_patch.o)
    0x0100ec6c   0x0000002c   Code   RO         6016    i.lld_scan_frm_cbk_replace  ble_sdk.lib(lld_scan_patch.o)
    0x0100ec98   0x0000005c   Code   RO         6017    i.lld_scan_start_func_patch  ble_sdk.lib(lld_scan_patch.o)
    0x0100ecf4   0x00000040   Code   RO         6441    i.lld_try_to_free_old_buffer  ble_sdk.lib(lld_adv_patch.o)
    0x0100ed34   0x00000040   Code   RO         5016    i.llm_hci_command_handler_patch  ble_sdk.lib(llm_hci_patch.o)
    0x0100ed74   0x00000054   Code   RO         5017    i.llm_is_wl_accessible_patch  ble_sdk.lib(llm_hci_patch.o)
    0x0100edc8   0x00000064   Code   RO         1663    i.mac_char_to_hex   maxeye_product_test.o
    0x0100ee2c   0x00000080   Code   RO            7    i.main              main.o
    0x0100eeac   0x00000020   Code   RO         2017    i.main_init         system_gr55xx.o
    0x0100eecc   0x00000024   Code   RO         1314    i.maxeye_aon_wdt_init  maxeye_wdt.o
    0x0100eef0   0x00000034   Code   RO         1179    i.maxeye_c_att_ntf_ind_cb  maxeye_srv_c.o
    0x0100ef24   0x00000040   Code   RO         1180    i.maxeye_c_att_write_cb  maxeye_srv_c.o
    0x0100ef64   0x00000020   Code   RO         1181    i.maxeye_c_disc_srvc_start  maxeye_srv_c.o
    0x0100ef84   0x00000018   Code   RO         1182    i.maxeye_c_evt_handler_execute  maxeye_srv_c.o
    0x0100ef9c   0x0000008c   Code   RO          429    i.maxeye_c_evt_process  user_app.o
    0x0100f028   0x000000e4   Code   RO         1183    i.maxeye_c_srvc_browse_cb  maxeye_srv_c.o
    0x0100f10c   0x00000030   Code   RO         1184    i.maxeye_c_tx_data_send  maxeye_srv_c.o
    0x0100f13c   0x00000038   Code   RO         1185    i.maxeye_c_tx_notify_set  maxeye_srv_c.o
    0x0100f174   0x0000023c   Code   RO          983    i.maxeye_cli_cb     maxeye_enc.o
    0x0100f3b0   0x0000009c   Code   RO         1186    i.maxeye_client_init  maxeye_srv_c.o
    0x0100f44c   0x000000b4   Code   RO          984    i.maxeye_enc_verify  maxeye_enc.o
    0x0100f500   0x00000124   Code   RO          985    i.maxeye_get_authorize_key  maxeye_enc.o
    0x0100f624   0x00000004   Code   RO         1280    i.maxeye_key_int_callback  maxeye_io_it.o
    0x0100f628   0x00000030   Code   RO         1281    i.maxeye_key_int_cfg  maxeye_io_it.o
    0x0100f658   0x00000074   Code   RO          430    i.maxeye_manufacturer_id_find  user_app.o
    0x0100f6cc   0x00000050   Code   RO         1244    i.maxeye_put_char8_16  maxeye_font_16x16.o
    0x0100f71c   0x0000002c   Code   RO         1245    i.maxeye_put_gb2312_string  maxeye_font_16x16.o
    0x0100f748   0x00000048   Code   RO         1246    i.maxeye_put_one_gb2312  maxeye_font_16x16.o
    0x0100f790   0x00000024   Code   RO         1247    i.maxeye_put_str8_16  maxeye_font_16x16.o
    0x0100f7b4   0x0000004c   Code   RO          986    i.maxeye_read_periheral_chipid  maxeye_enc.o
    0x0100f800   0x00000048   Code   RO          987    i.maxeye_read_periheral_hash  maxeye_enc.o
    0x0100f848   0x00000058   Code   RO          988    i.maxeye_read_periheral_key  maxeye_enc.o
    0x0100f8a0   0x0000004c   Code   RO          991    i.maxeye_read_periheral_sign_hash  maxeye_enc.o
    0x0100f8ec   0x000000ac   Code   RO         1459    i.maxeye_time1s_event_handler  maxeye_uart.o
    0x0100f998   0x00000150   Code   RO         1123    i.maxeye_uart_cli_cb  maxeye_uart_cli.o
    0x0100fae8   0x00000030   Code   RO         1124    i.maxeye_uart_receive_open  maxeye_uart_cli.o
    0x0100fb18   0x00000050   Code   RO         1460    i.maxeye_uart_send  maxeye_uart.o
    0x0100fb68   0x00000014   Code   RO         1315    i.maxeye_wdt_event_handler  maxeye_wdt.o
    0x0100fb7c   0x00000040   Code   RO         1316    i.maxeye_wdt_event_register  maxeye_wdt.o
    0x0100fbbc   0x00000010   Code   RO         1317    i.maxeye_wdt_event_start  maxeye_wdt.o
    0x0100fbcc   0x0000000c   Code   RO         1318    i.maxeye_wdt_refresh  maxeye_wdt.o
    0x0100fbd8   0x0000000c   Code   RO          993    i.maxeye_write_periheral_hash  maxeye_enc.o
    0x0100fbe4   0x0000005c   Code   RO          994    i.maxeye_write_periheral_key  maxeye_enc.o
    0x0100fc40   0x00000050   Code   RO          997    i.maxeye_write_periheral_reset  maxeye_enc.o
    0x0100fc90   0x00000038   Code   RO          999    i.maxeye_write_write_enc_key  maxeye_enc.o
    0x0100fcc8   0x00000016   Code   RO         5938    i.mem_pwr_mgmt_init  ble_sdk.lib(platform_sram.o)
    0x0100fcde   0x00000002   PAD
    0x0100fce0   0x00000018   Code   RO         4046    i.next_index_get    app_scheduler.o
    0x0100fcf8   0x00000138   Code   RO         5598    i.nvds_put          ble_sdk.lib(sdk_nvds_patch.o)
    0x0100fe30   0x00000040   Code   RO         2096    i.nvds_setup        platform_gr55xx.o
    0x0100fe70   0x00000070   Code   RO          431    i.oppo_oneplus_id_find  user_app.o
    0x0100fee0   0x00000070   Code   RO          432    i.oppo_pencil_id_find  user_app.o
    0x0100ff50   0x000000a8   Code   RO         1810    i.pencil_c_att_ntf_ind_cb  pencil_srv_c.o
    0x0100fff8   0x000000b8   Code   RO         1811    i.pencil_c_att_write_cb  pencil_srv_c.o
    0x010100b0   0x000000a4   Code   RO         1812    i.pencil_c_disc_srvc_start  pencil_srv_c.o
    0x01010154   0x00000088   Code   RO         1813    i.pencil_c_evt_handler_execute  pencil_srv_c.o
    0x010101dc   0x0000009c   Code   RO          433    i.pencil_c_evt_process  user_app.o
    0x01010278   0x00000150   Code   RO         1814    i.pencil_c_srvc_browse_cb  pencil_srv_c.o
    0x010103c8   0x000000e4   Code   RO         1815    i.pencil_c_tx_data_send  pencil_srv_c.o
    0x010104ac   0x000000bc   Code   RO         1816    i.pencil_c_tx_notify_set  pencil_srv_c.o
    0x01010568   0x0000056c   Code   RO         1664    i.pencil_cli_cb     maxeye_product_test.o
    0x01010ad4   0x0000009c   Code   RO         1817    i.pencil_client_init  pencil_srv_c.o
    0x01010b70   0x00000028   Code   RO         1878    i.pencil_disable_preload  pencil_ble.o
    0x01010b98   0x00000034   Code   RO         1879    i.pencil_log        pencil_ble.o
    0x01010bcc   0x00000218   Code   RO         1665    i.pencil_msg_evt_handler_t  maxeye_product_test.o
    0x01010de4   0x00000034   Code   RO         1880    i.pencil_pcba_test_start  pencil_ble.o
    0x01010e18   0x0000003c   Code   RO         1881    i.pencil_pressure_cali  pencil_ble.o
    0x01010e54   0x00000028   Code   RO         1882    i.pencil_read_pressure_cali_result  pencil_ble.o
    0x01010e7c   0x00000028   Code   RO         1883    i.pencil_read_pressure_level  pencil_ble.o
    0x01010ea4   0x00000028   Code   RO         1884    i.pencil_shipmode   pencil_ble.o
    0x01010ecc   0x00000026   Code   RO         1885    i.pencil_to_sleep   pencil_ble.o
    0x01010ef2   0x00000002   PAD
    0x01010ef4   0x00000050   Code   RO         5883    i.platform_clock_init  ble_sdk.lib(platform_clock.o)
    0x01010f44   0x00000014   Code   RO         5885    i.platform_disable_sleep_timer  ble_sdk.lib(platform_clock.o)
    0x01010f58   0x00000020   Code   RO         5924    i.platform_flash_enable_quad  ble_sdk.lib(platform_exflash.o)
    0x01010f78   0x0000000c   Code   RO         5925    i.platform_flash_protection  ble_sdk.lib(platform_exflash.o)
    0x01010f84   0x00000154   Code   RO         2097    i.platform_init     platform_gr55xx.o
    0x010110d8   0x0000001c   Code   RO         5805    i.platform_init_pop  ble_sdk.lib(platform_sdk.o)
    0x010110f4   0x00000048   Code   RO         5806    i.platform_init_push  ble_sdk.lib(platform_sdk.o)
    0x0101113c   0x000000b4   Code   RO         5807    i.platform_param_adjust  ble_sdk.lib(platform_sdk.o)
    0x010111f0   0x00000090   Code   RO         5808    i.platform_sdk_init  ble_sdk.lib(platform_sdk.o)
    0x01011280   0x000000bc   Code   RO         5890    i.platform_set_ble_rtc_clk  ble_sdk.lib(platform_clock.o)
    0x0101133c   0x00000050   Code   RO         5891    i.platform_set_psc_clk  ble_sdk.lib(platform_clock.o)
    0x0101138c   0x00000010   Code   RO         5892    i.platform_set_rtc_crystal_delay  ble_sdk.lib(platform_clock.o)
    0x0101139c   0x00000028   Code   RO         3728    i.pmu_calibration   pmu_calibration.o
    0x010113c4   0x000000e8   Code   RO         5809    i.pmu_calibration_handler  ble_sdk.lib(platform_sdk.o)
    0x010114ac   0x00000066   Code   RO         1461    i.production_batt_cap_rsp  maxeye_uart.o
    0x01011512   0x0000004e   Code   RO         1462    i.production_disable_preload_rsp  maxeye_uart.o
    0x01011560   0x00000044   Code   RO         1463    i.production_enc_rsp  maxeye_uart.o
    0x010115a4   0x0000005c   Code   RO         1464    i.production_mac_rsp  maxeye_uart.o
    0x01011600   0x0000006e   Code   RO         1465    i.production_pcba_test_rsp  maxeye_uart.o
    0x0101166e   0x00000002   PAD
    0x01011670   0x00000058   Code   RO         1466    i.production_pencil_rssi_rsp  maxeye_uart.o
    0x010116c8   0x0000004e   Code   RO         1467    i.production_pencil_set_mac_rsp  maxeye_uart.o
    0x01011716   0x0000004e   Code   RO         1468    i.production_pencil_shipmode_rsp  maxeye_uart.o
    0x01011764   0x0000004c   Code   RO         1469    i.production_pencil_sleep_rsp  maxeye_uart.o
    0x010117b0   0x0000006e   Code   RO         1470    i.production_perssure_cali_rsp  maxeye_uart.o
    0x0101181e   0x0000006e   Code   RO         1471    i.production_perssure_level_rsp  maxeye_uart.o
    0x0101188c   0x00000074   Code   RO         1472    i.production_read_sn_rsp  maxeye_uart.o
    0x01011900   0x00000044   Code   RO         1474    i.production_test_cli_ack  maxeye_uart.o
    0x01011944   0x000008ac   Code   RO         1475    i.production_test_cli_cb  maxeye_uart.o
    0x010121f0   0x00000048   Code   RO         1476    i.production_test_cli_err  maxeye_uart.o
    0x01012238   0x00000094   Code   RO         1478    i.production_test_evt_handler  maxeye_uart.o
    0x010122cc   0x00000064   Code   RO         1479    i.production_test_init  maxeye_uart.o
    0x01012330   0x00000010   Code   RO         1480    i.production_test_receive_open  maxeye_uart.o
    0x01012340   0x0000004e   Code   RO         1481    i.production_uart_rst_voltameter_rsp  maxeye_uart.o
    0x0101238e   0x00000002   PAD
    0x01012390   0x00000074   Code   RO         1482    i.production_write_sn_rsp  maxeye_uart.o
    0x01012404   0x00000048   Code   RO         2890    i.pwr_enter_sleep_check  app_pwr_mgmt.o
    0x0101244c   0x00000010   Code   RO         5524    i.pwr_mgmt_shutdown_replace  ble_sdk.lib(sdk_pwr_mgmt_patch.o)
    0x0101245c   0x0000001c   Code   RO         5810    i.pwr_mgmt_warm_boot  ble_sdk.lib(platform_sdk.o)
    0x01012478   0x0000007c   Code   RO         2891    i.pwr_register_sleep_cb  app_pwr_mgmt.o
    0x010124f4   0x00000038   Code   RO         1483    i.qfy_maxeye_time1s_event_register  maxeye_uart.o
    0x0101252c   0x00000020   Code   RO         1484    i.qfy_maxeye_time1s_event_start  maxeye_uart.o
    0x0101254c   0x0000002c   Code   RO         6518    i.rand_seed_gen     ble_sdk.lib(ble_sdk_patch.o)
    0x01012578   0x00000080   Code   RO         6366    i.read_adc_value    ble_sdk.lib(platform_adc.o)
    0x010125f8   0x00000028   Code   RO         1886    i.read_battery_cap  pencil_ble.o
    0x01012620   0x0000002c   Code   RO         5600    i.read_incr         ble_sdk.lib(sdk_nvds_patch.o)
    0x0101264c   0x00000028   Code   RO         1887    i.read_pcba_test_result  pencil_ble.o
    0x01012674   0x00000028   Code   RO         1888    i.read_pencil_sn    pencil_ble.o
    0x0101269c   0x0000000c   Code   RO         5206    i.reg_gapm_hci_evt_patch_tab  ble_sdk.lib(gapm_task_patch.o)
    0x010126a8   0x0000000c   Code   RO         5018    i.reg_hci_cmd_patch_tab  ble_sdk.lib(llm_hci_patch.o)
    0x010126b4   0x0000000c   Code   RO         5219    i.reg_msg_patch_tab  ble_sdk.lib(ke_task_patch.o)
    0x010126c0   0x000000dc   Code   RO         5601    i.replace_item      ble_sdk.lib(sdk_nvds_patch.o)
    0x0101279c   0x0000006c   Code   RO         5811    i.retention_mem_set  ble_sdk.lib(platform_sdk.o)
    0x01012808   0x00000048   Code   RO         6249    i.rf_SX_disable     ble_sdk.lib(rf_gdx_patch.o)
    0x01012850   0x0000000e   Code   RO         6250    i.rf_SX_enable_and_reset  ble_sdk.lib(rf_gdx_patch.o)
    0x0101285e   0x00000016   Code   RO         5812    i.rf_calibration_set  ble_sdk.lib(platform_sdk.o)
    0x01012874   0x000000f8   Code   RO         6251    i.rf_communication_core_init_patch  ble_sdk.lib(rf_gdx_patch.o)
    0x0101296c   0x00000020   Code   RO         6252    i.rf_gdx_replace    ble_sdk.lib(rf_gdx_patch.o)
    0x0101298c   0x00000060   Code   RO         6253    i.rf_hp_gain_offset_cfg  ble_sdk.lib(rf_gdx_patch.o)
    0x010129ec   0x00000064   Code   RO         6254    i.rf_init_patch     ble_sdk.lib(rf_gdx_patch.o)
    0x01012a50   0x0000010c   Code   RO         6255    i.rf_modulation_accuracy_calibration_patch  ble_sdk.lib(rf_gdx_patch.o)
    0x01012b5c   0x0000007c   Code   RO         6256    i.rf_rx_vcobias_reset  ble_sdk.lib(rf_gdx_patch.o)
    0x01012bd8   0x0000005c   Code   RO         6257    i.rf_tx_pw_conv_tbl_get  ble_sdk.lib(rf_gdx_patch.o)
    0x01012c34   0x00000070   Code   RO         6258    i.rf_txpwr_cs_get_patch  ble_sdk.lib(rf_gdx_patch.o)
    0x01012ca4   0x0000006c   Code   RO         6259    i.rf_txpwr_dbm_get_patch  ble_sdk.lib(rf_gdx_patch.o)
    0x01012d10   0x00000070   Code   RO         5893    i.rf_xo_offset_init  ble_sdk.lib(platform_clock.o)
    0x01012d80   0x00000018   Code   RO         3516    i.ring_buffer_init  ring_buffer.o
    0x01012d98   0x0000001c   Code   RO         3518    i.ring_buffer_items_count_get  ring_buffer.o
    0x01012db4   0x00000088   Code   RO         3520    i.ring_buffer_read  ring_buffer.o
    0x01012e3c   0x0000007e   Code   RO         3522    i.ring_buffer_write  ring_buffer.o
    0x01012eba   0x00000002   PAD
    0x01012ebc   0x000000f4   Code   RO         5396    i.rng_calibration   ble_sdk.lib(system_sdk_patch.o)
    0x01012fb0   0x00000048   Code   RO         6519    i.rng_clk_enable_ex  ble_sdk.lib(ble_sdk_patch.o)
    0x01012ff8   0x00000060   Code   RO         6520    i.rng_rand_get      ble_sdk.lib(ble_sdk_patch.o)
    0x01013058   0x00000010   Code   RO         6208    i.rom_callback_replace  ble_sdk.lib(rwip_sleep_common.o)
    0x01013068   0x000000d8   Code   RO         6581    i.round             m_wm.l(round.o)
    0x01013140   0x00000028   Code   RO         1889    i.rst_voltameter_cap  pencil_ble.o
    0x01013168   0x00000220   Code   RO         5397    i.rtc_calibration   ble_sdk.lib(system_sdk_patch.o)
    0x01013388   0x00000028   Code   RO         5991    i.rwble_abort_recovery  ble_sdk.lib(sch_prog_patch.o)
    0x010133b0   0x00000010   Code   RO         6390    i.rwble_replace     ble_sdk.lib(rwble_patch.o)
    0x010133c0   0x000000b4   Code   RO         5992    i.rwble_reset_recovery  ble_sdk.lib(sch_prog_patch.o)
    0x01013474   0x00000020   Code   RO         6230    i.rwip_sleep_func_replace  ble_sdk.lib(rwip_sleep_patch.o)
    0x01013494   0x0000003c   Code   RO         6209    i.rwip_sleep_without_stack_init_replace  ble_sdk.lib(rwip_sleep_common.o)
    0x010134d0   0x00000028   Code   RO         6379    i.sch_arb_replace   ble_sdk.lib(sch_arb_patch.o)
    0x010134f8   0x0000002c   Code   RO         5993    i.sch_prog_frm_cbk_replace  ble_sdk.lib(sch_prog_patch.o)
    0x01013524   0x00000068   Code   RO         5994    i.sch_prog_recovery_patch  ble_sdk.lib(sch_prog_patch.o)
    0x0101358c   0x00000020   Code   RO         5716    i.sdk_gatt_check_conidx  ble_sdk.lib(ble_sdk_gattc_patch.o)
    0x010135ac   0x00000058   Code   RO         5534    i.sdk_init          ble_sdk.lib(sdk_ram_init_patch.o)
    0x01013604   0x0000002c   Code   RO         6534    i.sdk_prf_msg_handler_tab_replace  ble_sdk.lib(ble_sdk_prf_patch.o)
    0x01013630   0x0000004c   Code   RO         5461    i.sec_bond_info_miss_check  ble_sdk.lib(ble_sdk_sec_patch.o)
    0x0101367c   0x00000088   Code   RO         5462    i.sec_check_conn_bond_patch  ble_sdk.lib(ble_sdk_sec_patch.o)
    0x01013704   0x000001f8   Code   RO         5464    i.sec_rcv_encrypt_req_ind_handler_patch  ble_sdk.lib(ble_sdk_sec_patch.o)
    0x010138fc   0x000000ec   Code   RO         5465    i.sec_rcv_sec_req_ind_handler_patch  ble_sdk.lib(ble_sdk_sec_patch.o)
    0x010139e8   0x00000544   Code   RO         1666    i.second_boot_event_handler  maxeye_product_test.o
    0x01013f2c   0x00000038   Code   RO         1667    i.second_boot_event_register  maxeye_product_test.o
    0x01013f64   0x000000d0   Code   RO         1668    i.second_boot_event_start  maxeye_product_test.o
    0x01014034   0x00000018   Code   RO         2018    i.set_msp           system_gr55xx.o
    0x0101404c   0x00000074   Code   RO         6260    i.set_sx_frequence  ble_sdk.lib(rf_gdx_patch.o)
    0x010140c0   0x00000038   Code   RO          943    i.setup_listenerOnce  listener_once.o
    0x010140f8   0x00000020   Code   RO          893    i.setup_mBLE_eniroment  mble_eniroment.o
    0x01014118   0x00000284   Code   RO         6415    i.smpc_handle_enc_change_evt_func_patch  ble_sdk.lib(smpc_patch.o)
    0x0101439c   0x00000010   Code   RO         6416    i.smpc_handle_enc_change_evt_func_replace  ble_sdk.lib(smpc_patch.o)
    0x010143ac   0x00000074   Code   RO         5364    i.spi_config        ble_sdk.lib(gr55xx_hal_spi_patch.o)
    0x01014420   0x00000114   Code   RO         3150    i.spi_gpio_config   app_spi.o
    0x01014534   0x00000054   Code   RO         3151    i.spi_prepare_for_sleep  app_spi.o
    0x01014588   0x00000002   Code   RO         3152    i.spi_sleep_canceled  app_spi.o
    0x0101458a   0x00000002   PAD
    0x0101458c   0x0000007c   Code   RO         5365    i.spi_wait_flag_state_until_timeout  ble_sdk.lib(gr55xx_hal_spi_patch.o)
    0x01014608   0x00000064   Code   RO         4767    i.st7735_delay      st7735_config.o
    0x0101466c   0x000000bc   Code   RO         4768    i.st7735_init       st7735_config.o
    0x01014728   0x00000090   Code   RO         4769    i.st7735_write_buffer  st7735_config.o
    0x010147b8   0x00000028   Code   RO         4770    i.st7735_write_cmd  st7735_config.o
    0x010147e0   0x00000028   Code   RO         4771    i.st7735_write_data  st7735_config.o
    0x01014808   0x000000d0   Code   RO         5398    i.sys_adc_trim_get  ble_sdk.lib(system_sdk_patch.o)
    0x010148d8   0x00000020   Code   RO         5402    i.sys_device_lp_gain_offset_2m_get  ble_sdk.lib(system_sdk_patch.o)
    0x010148f8   0x00000024   Code   RO         5403    i.sys_device_package_get  ble_sdk.lib(system_sdk_patch.o)
    0x0101491c   0x00000024   Code   RO         5404    i.sys_device_sram_get  ble_sdk.lib(system_sdk_patch.o)
    0x01014940   0x00000028   Code   RO         5405    i.sys_device_uid_get  ble_sdk.lib(system_sdk_patch.o)
    0x01014968   0x000000dc   Code   RO         5406    i.sys_efuse_info_sync  ble_sdk.lib(system_sdk_patch.o)
    0x01014a44   0x00000074   Code   RO         5409    i.sys_get_efuse_io_ldo  ble_sdk.lib(system_sdk_patch.o)
    0x01014ab8   0x00000040   Code   RO         5813    i.sys_is_use_ext_flash  ble_sdk.lib(platform_sdk.o)
    0x01014af8   0x00000028   Code   RO         5814    i.sys_is_use_internal_3p3_ioldo  ble_sdk.lib(platform_sdk.o)
    0x01014b20   0x00000084   Code   RO         5413    i.sys_pmu_trim_get  ble_sdk.lib(system_sdk_patch.o)
    0x01014ba4   0x0000000c   Code   RO         5816    i.sys_sdk_verison_get  ble_sdk.lib(platform_sdk.o)
    0x01014bb0   0x00000020   Code   RO         5418    i.sys_trim_sum_get  ble_sdk.lib(system_sdk_patch.o)
    0x01014bd0   0x00000038   Code   RO         5895    i.system_clk_mgmt_init  ble_sdk.lib(platform_clock.o)
    0x01014c08   0x00000004   Code   RO         5960    i.system_conf_correction  ble_sdk.lib(cold_patch.o)
    0x01014c0c   0x000000f0   Code   RO         5817    i.system_low_power_set  ble_sdk.lib(platform_sdk.o)
    0x01014cfc   0x0000002c   Code   RO         2019    i.system_platform_init  system_gr55xx.o
    0x01014d28   0x00000034   Code   RO         3729    i.system_pmu_calibration_init  pmu_calibration.o
    0x01014d5c   0x0000000a   Code   RO         5819    i.system_pmu_deinit  ble_sdk.lib(platform_sdk.o)
    0x01014d66   0x00000002   PAD
    0x01014d68   0x000000e0   Code   RO         5820    i.system_pmu_init   ble_sdk.lib(platform_sdk.o)
    0x01014e48   0x000000b0   Code   RO         5821    i.system_priority_init  ble_sdk.lib(platform_sdk.o)
    0x01014ef8   0x00000010   Code   RO         5419    i.system_sdk_replace  ble_sdk.lib(system_sdk_patch.o)
    0x01014f08   0x00000004   Code   RO         3080    i.systick_prepare_for_sleep  app_systick.o
    0x01014f0c   0x00000002   Code   RO         3081    i.systick_sleep_canceled  app_systick.o
    0x01014f0e   0x00000002   PAD
    0x01014f10   0x0000001c   Code   RO         5602    i.tags_cache_clean  ble_sdk.lib(sdk_nvds_patch.o)
    0x01014f2c   0x00000038   Code   RO         5603    i.tags_cache_rec_add  ble_sdk.lib(sdk_nvds_patch.o)
    0x01014f64   0x00000140   Code   RO         5604    i.tags_cache_rec_del  ble_sdk.lib(sdk_nvds_patch.o)
    0x010150a4   0x00000088   Code   RO         5605    i.tags_cache_rec_find  ble_sdk.lib(sdk_nvds_patch.o)
    0x0101512c   0x00000040   Code   RO         5822    i.temperature_calibrations  ble_sdk.lib(platform_sdk.o)
    0x0101516c   0x0000003c   Code   RO         5823    i.ton_value_set     ble_sdk.lib(platform_sdk.o)
    0x010151a8   0x000000a4   Code   RO         2951    i.uart_gpio_config  app_uart.o
    0x0101524c   0x00000050   Code   RO         2952    i.uart_prepare_for_sleep  app_uart.o
    0x0101529c   0x00000002   Code   RO         2953    i.uart_sleep_canceled  app_uart.o
    0x0101529e   0x00000002   PAD
    0x010152a0   0x00000038   Code   RO         5824    i.update_io_ldo_to_prevent_leakage  ble_sdk.lib(platform_sdk.o)
    0x010152d8   0x00000010   Code   RO         5896    i.update_lp_clk     ble_sdk.lib(platform_clock.o)
    0x010152e8   0x00000030   Code   RO          550    i.user_device_wait_connect  user_gui.o
    0x01015318   0x0000007c   Code   RO          551    i.user_device_write_enc_fail  user_gui.o
    0x01015394   0x00000024   Code   RO          554    i.user_gui_init     user_gui.o
    0x010153b8   0x00000028   Code   RO         5825    i.vbatt_calibrations  ble_sdk.lib(platform_sdk.o)
    0x010153e0   0x00000016   Code   RO         5606    i.verify_hdr_checksum  ble_sdk.lib(sdk_nvds_patch.o)
    0x010153f6   0x00000002   PAD
    0x010153f8   0x00000020   Code   RO         6543    i.warm_boot_cfg_patch  ble_sdk.lib(boot_patch.o)
    0x01015418   0x0000000c   Code   RO         5541    i.warm_boot_set_exflash_readid_delay  ble_sdk.lib(warm_boot_patch.o)
    0x01015424   0x00000190   Code   RO         5608    i.write_compacted_items  ble_sdk.lib(sdk_nvds_patch.o)
    0x010155b4   0x00000044   Code   RO         5609    i.write_incr        ble_sdk.lib(sdk_nvds_patch.o)
    0x010155f8   0x00000170   Code   RO         5610    i.write_item        ble_sdk.lib(sdk_nvds_patch.o)
    0x01015768   0x0000003c   Code   RO         1890    i.write_pencil_sn   pencil_ble.o
    0x010157a4   0x0000005c   Code   RO         1000    i.write_periheral_hash  maxeye_enc.o
    0x01015800   0x0000002c   Data   RO           16    .constdata          main.o
    0x0101582c   0x0000024c   Data   RO          434    .constdata          user_app.o
    0x01015a78   0x00000010   Data   RO          435    .constdata          user_app.o
    0x01015a88   0x00000514   Data   RO          555    .constdata          user_gui.o
    0x01015f9c   0x0000001a   Data   RO          556    .constdata          user_gui.o
    0x01015fb6   0x00000006   Data   RO          679    .constdata          user_periph_setup.o
    0x01015fbc   0x00000064   Data   RO          750    .constdata          user_gap_callback.o
    0x01016020   0x00000054   Data   RO          751    .constdata          user_gap_callback.o
    0x01016074   0x00000008   Data   RO          804    .constdata          user_gatt_common_callback.o
    0x0101607c   0x0000002e   Data   RO          895    .constdata          mble_eniroment.o
    0x010160aa   0x00000035   Data   RO         1002    .constdata          maxeye_enc.o
    0x010160df   0x00000013   Data   RO         1132    .constdata          maxeye_uart_cli.o
    0x010160f2   0x00000002   PAD
    0x010160f4   0x00000027   Data   RO         1189    .constdata          maxeye_srv_c.o
    0x0101611b   0x000005d0   Data   RO         1248    .constdata          maxeye_font_16x16.o
    0x010166eb   0x00000001   PAD
    0x010166ec   0x00000030   Data   RO         1321    .constdata          maxeye_wdt.o
    0x0101671c   0x0000001a   Data   RO         1322    .constdata          maxeye_wdt.o
    0x01016736   0x00000002   PAD
    0x01016738   0x00000078   Data   RO         1486    .constdata          maxeye_uart.o
    0x010167b0   0x00000021   Data   RO         1487    .constdata          maxeye_uart.o
    0x010167d1   0x00000003   PAD
    0x010167d4   0x00000168   Data   RO         1670    .constdata          maxeye_product_test.o
    0x0101693c   0x0000001b   Data   RO         1672    .constdata          maxeye_product_test.o
    0x01016957   0x00000018   Data   RO         1673    .constdata          maxeye_product_test.o
    0x0101696f   0x00000001   PAD
    0x01016970   0x0000007c   Data   RO         1763    .constdata          maxeye_gpio.o
    0x010169ec   0x00000019   Data   RO         1764    .constdata          maxeye_gpio.o
    0x01016a05   0x00000003   PAD
    0x01016a08   0x000000d0   Data   RO         1820    .constdata          pencil_srv_c.o
    0x01016ad8   0x00000030   Data   RO         2020    .constdata          system_gr55xx.o
    0x01016b08   0x0000000c   Data   RO         2698    .constdata          app_dma.o
    0x01016b14   0x0000000c   Data   RO         2780    .constdata          app_gpiote.o
    0x01016b20   0x00000084   Data   RO         2844    .constdata          app_io.o
    0x01016ba4   0x00000020   Data   RO         2955    .constdata          app_uart.o
    0x01016bc4   0x0000000c   Data   RO         3082    .constdata          app_systick.o
    0x01016bd0   0x00000020   Data   RO         3154    .constdata          app_spi.o
    0x01016bf0   0x00000008   Data   RO         4457    .constdata          gui_color.o
    0x01016bf8   0x00000008   Data   RO         4772    .constdata          st7735_config.o
    0x01016c00   0x0000003c   Data   RO         4996    .constdata          ble_sdk.lib(fpb_patch_init.o)
    0x01016c3c   0x00000020   Data   RO         5112    .constdata          ble_sdk.lib(gattc_task_patch.o)
    0x01016c5c   0x00000036   Data   RO         5291    .constdata          ble_sdk.lib(gr55xx_hal_calendar_patch.o)
    0x01016c92   0x0000005f   Data   RO         5611    .constdata          ble_sdk.lib(sdk_nvds_patch.o)
    0x01016cf1   0x0000001a   Data   RO         5656    .constdata          ble_sdk.lib(ble_sdk_gapc_patch.o)
    0x01016d0b   0x00000001   PAD
    0x01016d0c   0x00000008   Data   RO         5826    .constdata          ble_sdk.lib(platform_sdk.o)
    0x01016d14   0x00000081   Data   RO         6035    .constdata          ble_sdk.lib(atts_patch.o)
    0x01016d95   0x00000001   PAD
    0x01016d96   0x00000074   Data   RO         6262    .constdata          ble_sdk.lib(rf_gdx_patch.o)
    0x01016e0a   0x0000003f   Data   RO         6291    .constdata          ble_sdk.lib(ble_sdk_gatts_patch.o)
    0x01016e49   0x00000003   PAD
    0x01016e4c   0x00000008   Data   RO         6494    .constdata          ble_sdk.lib(dfu_cmd_handler_patch.o)
    0x01016e54   0x00000010   Data   RO         6521    .constdata          ble_sdk.lib(ble_sdk_patch.o)
    0x01016e64   0x0000001c   Data   RO           17    .conststring        main.o
    0x01016e80   0x00000017   Data   RO          436    .conststring        user_app.o
    0x01016e97   0x00000001   PAD
    0x01016e98   0x00000017   Data   RO          557    .conststring        user_gui.o
    0x01016eaf   0x00000001   PAD
    0x01016eb0   0x0000001f   Data   RO         1323    .conststring        maxeye_wdt.o
    0x01016ecf   0x00000001   PAD
    0x01016ed0   0x00000020   Data   RO         1488    .conststring        maxeye_uart.o
    0x01016ef0   0x00000028   Data   RO         1674    .conststring        maxeye_product_test.o
    0x01016f18   0x00000020   Data   RO         1765    .conststring        maxeye_gpio.o
    0x01016f38   0x00000584   Data   RO         3925    .conststring        app_error.o
    0x010174bc   0x00000020   Data   RO         3965    .conststring        app_log.o
    0x010174dc   0x00000010   Data   RO         5094    .conststring        ble_sdk.lib(llc_con_upd_patch.o)
    0x010174ec   0x00000051   Data   RO         5996    .conststring        ble_sdk.lib(sch_prog_patch.o)
    0x0101753d   0x00000003   PAD
    0x01017540   0x00000074   Data   RO         6018    .conststring        ble_sdk.lib(lld_scan_patch.o)
    0x010175b4   0x00000179   Data   RO         6069    .conststring        ble_sdk.lib(lld_con_patch.o)
    0x0101772d   0x00000003   PAD
    0x01017730   0x0000022d   Data   RO         6428    .conststring        ble_sdk.lib(lld_init_patch.o)
    0x0101795d   0x00000003   PAD
    0x01017960   0x00000396   Data   RO         6462    .conststring        ble_sdk.lib(gapm_adv_patch.o)
    0x01017cf6   0x00000002   PAD
    0x01017cf8   0x00000050   Data   RO         6966    Region$$Table       anon$$obj.o


    Execution Region RAM_TINY_RW (Base: 0x300035cc, Size: 0x000005a4, Max: 0x00000750, ABSOLUTE)

    Base Addr    Size         Type   Attr      Idx    E Section Name        Object

    0x300035cc   0x00000050   Code   RO         5388    TINY_RAM_SPACE      ble_sdk.lib(system_sdk_patch.o)
    0x3000361c   0x00000450   Code   RO         5522    TINY_RAM_SPACE      ble_sdk.lib(sdk_pwr_mgmt_patch.o)
    0x30003a6c   0x0000000a   Ven    RO         7031    Veneer$$Code        anon$$obj.o
    0x30003a76   0x0000000a   Ven    RO         7032    Veneer$$Code        anon$$obj.o
    0x30003a80   0x0000000a   Ven    RO         7033    Veneer$$Code        anon$$obj.o
    0x30003a8a   0x0000000a   Ven    RO         7034    Veneer$$Code        anon$$obj.o
    0x30003a94   0x0000000a   Ven    RO         7035    Veneer$$Code        anon$$obj.o
    0x30003a9e   0x0000000a   Ven    RO         7036    Veneer$$Code        anon$$obj.o
    0x30003aa8   0x0000000a   Ven    RO         7037    Veneer$$Code        anon$$obj.o
    0x30003ab2   0x0000000a   Ven    RO         7038    Veneer$$Code        anon$$obj.o
    0x30003abc   0x0000000a   Ven    RO         7039    Veneer$$Code        anon$$obj.o
    0x30003ac6   0x0000000a   Ven    RO         7040    Veneer$$Code        anon$$obj.o
    0x30003ad0   0x0000000a   Ven    RO         7041    Veneer$$Code        anon$$obj.o
    0x30003ada   0x0000000a   Ven    RO         7042    Veneer$$Code        anon$$obj.o
    0x30003ae4   0x0000000a   Ven    RO         7043    Veneer$$Code        anon$$obj.o
    0x30003aee   0x0000000a   Ven    RO         7044    Veneer$$Code        anon$$obj.o
    0x30003af8   0x0000000a   Ven    RO         7045    Veneer$$Code        anon$$obj.o
    0x30003b02   0x0000000a   Ven    RO         7046    Veneer$$Code        anon$$obj.o
    0x30003b0c   0x0000000a   Ven    RO         7047    Veneer$$Code        anon$$obj.o
    0x30003b16   0x0000000a   Ven    RO         7048    Veneer$$Code        anon$$obj.o
    0x30003b20   0x0000000a   Ven    RO         7049    Veneer$$Code        anon$$obj.o
    0x30003b2a   0x0000000a   Ven    RO         7050    Veneer$$Code        anon$$obj.o
    0x30003b34   0x0000000a   Ven    RO         7051    Veneer$$Code        anon$$obj.o
    0x30003b3e   0x0000000a   Ven    RO         7052    Veneer$$Code        anon$$obj.o
    0x30003b48   0x0000000a   Ven    RO         7053    Veneer$$Code        anon$$obj.o
    0x30003b52   0x0000000a   Ven    RO         7054    Veneer$$Code        anon$$obj.o
    0x30003b5c   0x0000000a   Ven    RO         7055    Veneer$$Code        anon$$obj.o
    0x30003b66   0x0000000a   Ven    RO         7056    Veneer$$Code        anon$$obj.o


    Execution Region FPB_TABLE (Base: 0x30004000, Size: 0x00000020, Max: 0x00000020, ABSOLUTE)

    Base Addr    Size         Type   Attr      Idx    E Section Name        Object

    0x30004000   0x00000020   Data   RW         6350    FPB                 ble_sdk.lib(platform_patch.o)


==============================================================================

Image component sizes


      Code (inc. data)   RO Data    RW Data    ZI Data      Debug   Object Name

       536        118          0         12        156       5645   app_assert.o
       582         46         12          4        768       9447   app_dma.o
       240        118       1412        344          0       1918   app_error.o
       686         44         12          4        548       6437   app_gpiote.o
       416         32        132          0          0       3541   app_io.o
       732         78         32         20        292      39556   app_log.o
       308         20          0         24      32768       4585   app_memory.o
       248         22          0          0         84       3694   app_pwr_mgmt.o
       252         22          0          8          0       4117   app_scheduler.o
      1494         56         32          4        360      13501   app_spi.o
        82         16         12          2          0       3243   app_systick.o
      1590         60          0          0        832      55964   app_timer.o
      1752         82         32          4        616      23284   app_uart.o
       176         20          0          0       1024       3344   bsp.o
        36          4          0          8          0       2195   gr55xx_hal.o
        58          4          0          4          0       2538   gr55xx_hal_aon_gpio.o
        36          4          0          4          0       1223   gr55xx_hal_aon_wdt.o
        40          4          0         12          0       2414   gr55xx_hal_calendar.o
         8          0          0          0          0       1282   gr55xx_hal_exflash.o
        80          8          0          4          0       2570   gr55xx_hal_gpio.o
        28          4          0          0          0        702   gr55xx_hal_pwr.o
        78          8          0         28          0       3854   gr55xx_hal_spi.o
        78          8          0         32          0       8687   gr55xx_hal_uart.o
        12          4          0         16          0       1669   gui_animation.o
        80         12          8          4          0       2298   gui_color.o
        80         18          0          1          0       4065   gui_lcd_config.o
        66          2          0          0          0       2261   interrupt_gr55xx.o
       204         22          0          0          0       5317   listener_once.o
       440        190         72         68      25928     297787   main.o
      1714        364         53          0        129      11250   maxeye_enc.o
       232          6       1488          0          0       3829   maxeye_font_16x16.o
       556        212        181         16          0       3353   maxeye_gpio.o
        52          6          0          0          0       1087   maxeye_io_it.o
      6420       2588        451         25         64      11388   maxeye_product_test.o
       660        152         39         84         32       6621   maxeye_srv_c.o
      4342       1104        185          4        256      57860   maxeye_uart.o
       428         96         19          8       1024       4072   maxeye_uart_cli.o
       244        104        105          8         12       4242   maxeye_wdt.o
       296        158         46          0        156       5554   mble_eniroment.o
       582          8          0          0          0       8925   pencil_ble.o
      1560        632        208         68         28       7249   pencil_srv_c.o
       610         62         64        328          0      50900   platform_gr55xx.o
        92         20          0          8          0       1800   pmu_calibration.o
       314          0          0          0          0       5204   ring_buffer.o
       690         28          0          4      65536       5172   st7735.o
       528         58          8          1          0       5494   st7735_config.o
        40         12        200          0          0        848   startup_gr55xx.o
       284         66         48          8          0      12623   system_gr55xx.o
      2832        976        627         16          0      17108   user_app.o
       540        314        184          0          0       5936   user_gap_callback.o
        48          4          8          0          0       1655   user_gatt_common_callback.o
       208         36       1349         12          0       5080   user_gui.o
        44          4          6          0          0       8598   user_periph_setup.o

    ----------------------------------------------------------------------
     34282       8036       7120       1208     147120     762986   Object Totals
       506          0         80          0      16384          0   (incl. Generated)
        42          0         15         11        123          0   (incl. Padding)

    ----------------------------------------------------------------------

      Code (inc. data)   RO Data    RW Data    ZI Data      Debug   Library Member Name

       708        164        129          0          0        248   atts_patch.o
       376         42          0          0          0        192   ble_bondmgr_patch.o
      1012        208         26          0          0        264   ble_sdk_gapc_patch.o
      2398        426          0         12        362        792   ble_sdk_gapm_patch.o
       312         38          0          0          0        308   ble_sdk_gatt_task_patch.o
       190          6          0          0          0        520   ble_sdk_gattc_patch.o
       632        268         63          0          0        388   ble_sdk_gatts_patch.o
       250         30         16          0          0        388   ble_sdk_patch.o
       280         64          0          0          0        156   ble_sdk_prf_patch.o
      1000        228          0          0          0        432   ble_sdk_sec_patch.o
       128         22          0          0          0         88   ble_sdk_task_patch.o
        32          6          0          0          0         68   boot_patch.o
       150          0          0          0          0        468   cold_patch.o
        96         16          8          0          0        144   dfu_cmd_handler_patch.o
       104         10         60          4          0        104   fpb_patch_init.o
       312         16          0          0          0        168   gapc_hci_patch.o
       188         16          0          0          0         84   gapm_actv_patch.o
       620        248        918          0          0        148   gapm_adv_patch.o
       746        106          0          0          0        564   gapm_init_patch.o
       172         22          0          8          0        228   gapm_task_patch.o
       200         52         32          0          0         84   gattc_task_patch.o
       360         40          0          1          0        480   gr55xx_hal_aon_gpio_patch.o
       340         36          0          0          0        160   gr55xx_hal_aon_wdt_patch.o
      1658         96         54          0          0        960   gr55xx_hal_calendar_patch.o
         0          0          0          1          0          0   gr55xx_hal_comp_patch.o
       140         10          0          0          0         88   gr55xx_hal_dma_patch.o
       312         36          0          0          0        156   gr55xx_hal_efuse_patch.o
      1876         26          0          4          0        436   gr55xx_hal_exflash_patch.o
       148          6          0          0          0        148   gr55xx_hal_msio_patch.o
       120         26          0          4          0        152   gr55xx_hal_patch.o
       232         10          0          0          0        148   gr55xx_hal_pwr_patch.o
       608         34          0          0          0        260   gr55xx_hal_rng_patch.o
       382          4          0          0          0        256   gr55xx_hal_spi_patch.o
        18          0          0          0          0         68   gr55xx_hal_uart_patch.o
      1176          4          0          0          0        308   gr55xx_hal_xqspi_patch.o
       300         16          0          0          0        160   gr55xx_ll_aon_gpio_patch.o
       328          6          0          0          0        356   gr55xx_ll_dma_patch.o
       324         16          0          0          0        160   gr55xx_ll_msio_patch.o
       688          8          0          0          0         96   gr55xx_ll_xqspi_patch.o
       276         34          0         24          0        332   hal_flash_patch.o
       300         42          0          1          0         88   hci_patch.o
       372         38          0          8          0        248   ke_task_patch.o
       220         40          0          0          0        164   l2cc_task_patch.o
       224         26          0          1          0        252   l2cm_patch.o
       236         12          0          0          0        172   llc_chmap_upd_patch.o
      1910        124         16          0          0        844   llc_con_upd_patch.o
        24          6          0          4          0         80   llc_dl_upd_patch.o
       924         70          0          0         12        324   llc_encrypt_patch.o
        96         16          0          0          0        164   llc_hci_patch.o
       120          8          0          0          0        168   llc_le_ping_patch.o
       338         36          0          4        420        256   llc_llcp_patch.o
        70          0          0          0          0        100   llc_patch.o
       284         26          0          0          0        240   llc_phy_upd_patch.o
       146          6          0          0          0        320   llc_task_patch.o
      1072         70          0          0          0        296   lld_adv_patch.o
      3180        274        377          1        144        716   lld_con_patch.o
      2428        238        557          0          0        264   lld_init_patch.o
        34          8          0          0          0        148   lld_patch.o
      3484        194        116          2          0        576   lld_scan_patch.o
      1468        132          0          8          0        648   llm_hci_patch.o
       784         26          0          0          0        180   llm_scan_patch.o
       800         66          0          4          0        356   platform_adc.o
       636         90          0         12          0        792   platform_clock.o
       812         34          0          0          0        476   platform_exflash.o
       150         24          0         32          0        292   platform_patch.o
      5164        500          8        340          0       3144   platform_sdk.o
       262          8          0          0          0        272   platform_sram.o
       152         20          0        200        200        128   platform_sys_context.o
      1810        246        116         20        320       1380   rf_gdx_patch.o
       352         54          0          8          0        220   rwble_patch.o
      1212        240          0         24          0       1132   rwip_sleep_common.o
      1096        162          0         12          0        452   rwip_sleep_patch.o
       748        152          0          0          0        184   sch_arb_patch.o
      1136        166         81         16         12        828   sch_prog_patch.o
      3228        584         95          4          0       1948   sdk_nvds_patch.o
      1180         82          0          8          0        416   sdk_pwr_mgmt_patch.o
        88          8          0          0          0         80   sdk_ram_init_patch.o
       660        232          0          0          0        224   smpc_patch.o
      2228        266          0          0          0       1600   system_sdk_patch.o
       484         56          0          8          0        200   warm_boot_patch.o
       216         24          0          0          0        164   round.o
        86          0          0          0          0          0   __dczerorl2.o
         0          0          0          0          0          0   entry.o
         0          0          0          0          0          0   entry10a.o
         0          0          0          0          0          0   entry11a.o
         8          4          0          0          0          0   entry3.o
         4          0          0          0          0          0   entry5.o
         0          0          0          0          0          0   entry7b.o
         0          0          0          0          0          0   entry8b.o
         8          4          0          0          0          0   entry9a.o
        30          0          0          0          0          0   handlers.o
        36          8          0          0          0         68   init.o
         0          0          0          0          0          0   iusefp.o
        30          0          0          0          0         68   llshl.o
        36          0          0          0          0         68   llsshr.o
        32          0          0          0          0         68   llushr.o
       188         20          0          0          0        160   malloc1.o
        26          0          0          0          0         80   memcmp.o
        36          0          0          0          0         68   memcpya.o
        36          0          0          0          0        108   memseta.o
         0          0          0          8          0          0   mvars.o
      2374        104          0          0          0        828   printfa.o
        36         10          0          4          0        136   rand.o
        14          0          0          0          0         68   strlen.o
        30          0          0          0          0         80   strncmp.o
        36          0          0          0          0         80   strstr.o
        44          0          0          0          0         80   uidiv.o
        98          0          0          0          0         92   uldiv.o
        48          0          0          0          0         68   cdcmple.o
        48          0          0          0          0         68   cdrcmple.o
       334          0          0          0          0        148   dadd.o
       222          0          0          0          0        100   ddiv.o
       186          0          0          0          0        176   depilogue.o
        62          0          0          0          0         80   dfixi.o
        50          0          0          0          0         76   dfixui.o
        48          0          0          0          0         68   dfixul.o
        26          0          0          0          0         76   dfltui.o
        24          0          0          0          0         76   dfltul.o
       228          0          0          0          0         96   dmul.o
       136          4          0          0          0         92   drnd.o
       176          0          0          0          0        140   fadd.o
       124          0          0          0          0         88   fdiv.o
       110          0          0          0          0        168   fepilogue.o
        40          0          0          0          0         68   ffixui.o
        10          0          0          0          0         68   ffltui.o

    ----------------------------------------------------------------------
     64422       6956       2688        792       1472      34804   Library Totals
        42          0         16          5          2          0   (incl. Padding)

    ----------------------------------------------------------------------

      Code (inc. data)   RO Data    RW Data    ZI Data      Debug   Library Name

     59104       6778       2672        775       1470      30932   ble_sdk.lib
       216         24          0          0          0        164   m_wm.l
      3188        150          0         12          0       2052   mc_w.l
      1872          4          0          0          0       1656   mf_w.l

    ----------------------------------------------------------------------
     64422       6956       2688        792       1472      34804   Library Totals

    ----------------------------------------------------------------------

==============================================================================


      Code (inc. data)   RO Data    RW Data    ZI Data      Debug   

     98704      14992       9808       2000     148592     749298   Grand Totals
     98704      14992       9808       1052     148592     749298   ELF Image Totals (compressed)
     98704      14992       9808       1052          0          0   ROM Totals

==============================================================================

    Total RO  Size (Code + RO Data)               108512 ( 105.97kB)
    Total RW  Size (RW Data + ZI Data)            150592 ( 147.06kB)
    Total ROM Size (Code + RO Data + RW Data)     109564 ( 107.00kB)

==============================================================================

