<html>
<body>
<pre>
<h1>µVision Build Log</h1>
<h2>Tool Versions:</h2>
IDE-Version: ¦ÌVision V5.15
Copyright (C) 2015 ARM Ltd and ARM Germany GmbH. All rights reserved.
License Information: Z work, Z, LIC=IK1BF-62ERZ-12WLE-54WVP-ELB2M-G4C9E
 
Tool Versions:
Toolchain:       MDK-ARM Standard  Version: 5.15.0
Toolchain Path:  D:\Keil_v5\ARM\ARMCC\Bin
C Compiler:      Armcc.exe V5.05 update 2 (build 169)
Assembler:       Armasm.exe V5.05 update 2 (build 169)
Linker/Locator:  ArmLink.exe V5.05 update 2 (build 169)
Library Manager: ArmAr.exe V5.05 update 2 (build 169)
Hex Converter:   FromElf.exe V5.05 update 2 (build 169)
CPU DLL:         SARMCM3.DLL V5.15.0
Dialog DLL:      DCM.DLL V1.13.2.0
Target DLL:      UL2CM3.DLL V1.155.8.0
Dialog DLL:      TCM.DLL V1.14.5.0
 
<h2>Project:</h2>
F:\project\Maxeye\check_1F\USI216_²ú²â\ble\bootloader\Keil_5\boot_216.uvprojx
Project File Date:  05/17/2023

<h2>Output:</h2>
*** Using Compiler 'V5.05 update 2 (build 169)', folder: 'D:\Keil_v5\ARM\ARMCC\Bin'
Build target 'GR5515_SK'
assembling startup_gr55xx.s...
compiling interrupt_gr55xx.c...
compiling system_gr55xx.c...
compiling platform_gr55xx.c...
compiling gr55xx_hal.c...
compiling gr55xx_hal_gpio.c...
compiling gr55xx_hal_uart.c...
compiling gr55xx_hal_pwr.c...
compiling gr55xx_hal_aon_wdt.c...
compiling gr55xx_hal_exflash.c...
compiling utility.c...
compiling app_timer.c...
compiling dfu_port.c...
compiling pmu_calibration.c...
compiling app_log.c...
compiling otas.c...
compiling ble_prf_utils.c...
compiling user_gap_callback.c...
compiling user_gatt_common_callback.c...
compiling user_periph_setup.c...
compiling main.c...
compiling user_app.c...
compiling user_dfu.c...
compiling user_boot.c...
compiling sign_verify.c...
compiling maxeye_ble_cli.c...
compiling maxeye_nvds.c...
compiling maxeye_services.c...
linking...
Program Size: Code=71772 RO-data=3984 RW-data=1440 ZI-data=51456  
FromELF: creating hex file...
After Build - User command #1: fromelf.exe --bin --output ..\..\..\image\bootloader\oppo_second_boot_216.bin Objects\oppo_second_boot_216.axf
".\Objects\oppo_second_boot_216.axf" - 0 Error(s), 0 Warning(s).

<h2>Collection of Component include folders:</h2>
  F:\project\Maxeye\check_1F\USI216_²ú²â\ble\bootloader\Keil_5\RTE
  D:\Keil_v5\ARM\PACK\ARM\CMSIS\5.6.0\Device\ARM\ARMCM4\Include

<h2>Collection of Component Files used:</h2>
</pre>
</body>
</html>
