<html>
<body>
<pre>
<h1>µVision Build Log</h1>
<h2>Tool Versions:</h2>
IDE-Version: ¦ÌVision V5.15
Copyright (C) 2015 ARM Ltd and ARM Germany GmbH. All rights reserved.
License Information: Z work, Z, LIC=IK1BF-62ERZ-12WLE-54WVP-ELB2M-G4C9E
 
Tool Versions:
Toolchain:       MDK-ARM Standard  Version: 5.15.0
Toolchain Path:  D:\Keil_v5\ARM\ARMCC\Bin
C Compiler:      Armcc.exe V5.05 update 2 (build 169)
Assembler:       Armasm.exe V5.05 update 2 (build 169)
Linker/Locator:  ArmLink.exe V5.05 update 2 (build 169)
Library Manager: ArmAr.exe V5.05 update 2 (build 169)
Hex Converter:   FromElf.exe V5.05 update 2 (build 169)
CPU DLL:         SARMCM3.DLL V5.15.0
Dialog DLL:      DCM.DLL V1.13.2.0
Target DLL:      Segger\JL2CM3.dll V2.99.15.0
Dialog DLL:      TCM.DLL V1.14.5.0
 
<h2>Project:</h2>
F:\project\Maxeye\check_1F\USI216_cap_aging\ble\tool\Keil_5\tool.uvprojx
Project File Date:  05/17/2023

<h2>Output:</h2>
*** Using Compiler 'V5.05 update 2 (build 169)', folder: 'D:\Keil_v5\ARM\ARMCC\Bin'
Build target 'GR5515_SK'
compiling main.c...
compiling user_app.c...
..\Src\user\user_app.c(543): warning:  #223-D: function "qfy_maxeye_time1s_event_start" declared implicitly
          qfy_maxeye_time1s_event_start(100);    // reset after while 
..\Src\user\user_app.c: 1 warning, 0 errors
compiling user_gui.c...
compiling user_periph_setup.c...
compiling user_gap_callback.c...
compiling user_gatt_common_callback.c...
compiling mBLE_connect.c...
..\Src\mid_ble\connect\mBLE_connect.c(103): warning:  #1-D: last line of file ends without a newline
  }
..\Src\mid_ble\connect\mBLE_connect.c(26): warning:  #177-D: variable "mBLE_connect_tmrID" was declared but never referenced
  static app_timer_id_t mBLE_connect_tmrID;
..\Src\mid_ble\connect\mBLE_connect.c(96): warning:  #177-D: function "mBLE_tmrHandler" was declared but never referenced
  static void mBLE_tmrHandler(void* argv){
..\Src\mid_ble\connect\mBLE_connect.c: 3 warnings, 0 errors
compiling mBLE_eniroment.c...
..\Src\mid_ble\eniroment\mBLE_eniroment.c(51): warning:  #940-D: missing return statement at end of non-void function "setup_mBLE_eniroment"
  }
..\Src\mid_ble\eniroment\mBLE_eniroment.c: 1 warning, 0 errors
compiling listener_once.c...
..\Src\user\listener\listener_once.c(83): warning:  #177-D: variable "j" was declared but never referenced
      int32_t i,j=0;
..\Src\user\listener\listener_once.c(93): warning:  #1-D: last line of file ends without a newline
   
..\Src\user\listener\listener_once.c: 2 warnings, 0 errors
compiling maxeye_enc.c...
compiling maxeye_uart_cli.c...
compiling maxeye_srv_c.c...
compiling maxeye_font_16x16.c...
compiling maxeye_io_it.c...
compiling maxeye_wdt.c...
compiling maxeye_nvds.c...
compiling maxeye_uart.c...
..\Src\maxeye\src\maxeye_uart.c(968): warning:  #111-D: statement is unreachable
          break;
..\Src\maxeye\src\maxeye_uart.c(673): warning:  #177-D: variable "s" was declared but never referenced
      char s[128] = {0};
..\Src\maxeye\src\maxeye_uart.c: 2 warnings, 0 errors
compiling maxeye_product_test.c...
compiling maxeye_gpio.c...
compiling pencil_srv_c.c...
compiling pencil_ble.c...
assembling startup_gr55xx.s...
compiling interrupt_gr55xx.c...
compiling system_gr55xx.c...
compiling platform_gr55xx.c...
compiling gr55xx_hal_uart.c...
compiling gr55xx_hal.c...
compiling gr55xx_hal_gpio.c...
compiling gr55xx_hal_exflash.c...
compiling gr55xx_hal_xqspi.c...
compiling gr55xx_hal_pwr.c...
compiling gr55xx_hal_aon_gpio.c...
compiling gr55xx_hal_spi.c...
compiling gr55xx_hal_calendar.c...
compiling gr55xx_hal_aon_wdt.c...
compiling app_dma.c...
compiling app_gpiote.c...
compiling app_io.c...
compiling app_pwr_mgmt.c...
compiling app_uart.c...
compiling app_systick.c...
compiling app_spi.c...
compiling app_key.c...
compiling app_key_core.c...
compiling bsp.c...
compiling ring_buffer.c...
compiling utility.c...
compiling sensorsim.c...
compiling pmu_calibration.c...
compiling app_timer.c...
compiling app_assert.c...
compiling app_error.c...
compiling app_log.c...
compiling app_scheduler.c...
compiling app_memory.c...
compiling ble_prf_utils.c...
compiling gus_c.c...
compiling gui_animation.c...
compiling gui_basic.c...
compiling gui_color.c...
compiling gui_convert_color.c...
compiling gui_font_gb2312.c...
compiling gui_font_other.c...
compiling gui_font5_7.c...
compiling gui_font8_8.c...
compiling gui_animation_config.c...
compiling gui_gb2312_config.c...
compiling gui_lcd_config.c...
compiling st7735.c...
compiling st7735_config.c...
compiling SEGGER_RTT.c...
linking...
Program Size: Code=98704 RO-data=9808 RW-data=2000 ZI-data=148592  
FromELF: creating hex file...
After Build - User command #1: fromelf.exe --text -c --output Listings\oppo_product_test.s   Objects\oppo_product_test.axf
After Build - User command #2: fromelf.exe --bin --output Listings\oppo_product_test.bin Objects\oppo_product_test.axf
".\Objects\oppo_product_test.axf" - 0 Error(s), 9 Warning(s).

<h2>Collection of Component include folders:</h2>
  F:\project\Maxeye\check_1F\USI216_cap_aging\ble\tool\Keil_5\RTE
  D:\Keil_v5\ARM\PACK\ARM\CMSIS\5.6.0\Device\ARM\ARMCM4\Include

<h2>Collection of Component Files used:</h2>
</pre>
</body>
</html>
