<!doctype html public "-//w3c//dtd html 4.0 transitional//en">
<html><head>
<title>Static Call Graph - [.\Objects\oppo_second_boot_217.axf]</title></head>
<body><HR>
<H1>Static Call Graph for image .\Objects\oppo_second_boot_217.axf</H1><HR>
<BR><P>#&#060CALLGRAPH&#062# ARM Linker, 5050169: Last Updated: Tue May 30 09:35:21 2023
<BR><P>
<H3>Maximum Stack Usage =       1368 bytes + Unknown(Cycles, Untraceable Function Pointers)</H3><H3>
Call chain for Maximum Stack Depth:</H3>
maxeye_srvc_event_handler &rArr; maxeye_cli_cb &rArr; maxeye_write_nvds_tag &rArr; nvds_put &rArr; replace_item &rArr; append_item &rArr; compact_nvds &rArr; write_compacted_items &rArr; write_incr &rArr; dec_flash_write &rArr; hal_flash_write_r &rArr; hal_exflash_write &rArr; hal_xqspi_init_ext &rArr; hal_xqspi_init_ext_patch &rArr; ll_xqspi_init_patch
<P>
<H3>
Mutually Recursive functions
</H3> <LI><a href="#[48]">MemManage_Handler</a>&nbsp;&nbsp;&nbsp;&rArr;&nbsp;&nbsp;&nbsp;<a href="#[48]">MemManage_Handler</a><BR>
 <LI><a href="#[49]">BusFault_Handler</a>&nbsp;&nbsp;&nbsp;&rArr;&nbsp;&nbsp;&nbsp;<a href="#[49]">BusFault_Handler</a><BR>
 <LI><a href="#[4a]">UsageFault_Handler</a>&nbsp;&nbsp;&nbsp;&rArr;&nbsp;&nbsp;&nbsp;<a href="#[4a]">UsageFault_Handler</a><BR>
 <LI><a href="#[46]">NMI_Handler</a>&nbsp;&nbsp;&nbsp;&rArr;&nbsp;&nbsp;&nbsp;<a href="#[46]">NMI_Handler</a><BR>
 <LI><a href="#[4c]">DebugMon_Handler</a>&nbsp;&nbsp;&nbsp;&rArr;&nbsp;&nbsp;&nbsp;<a href="#[4c]">DebugMon_Handler</a><BR>
 <LI><a href="#[4d]">PendSV_Handler</a>&nbsp;&nbsp;&nbsp;&rArr;&nbsp;&nbsp;&nbsp;<a href="#[4d]">PendSV_Handler</a><BR>
</UL>
<P>
<H3>
Function Pointers
</H3><UL>
 <LI><a href="#[5f]">AES_IRQHandler</a> from startup_gr55xx.o(.text) referenced from startup_gr55xx.o(RESET)
 <LI><a href="#[6b]">AON_WDT_IRQHandler</a> from startup_gr55xx.o(.text) referenced from startup_gr55xx.o(RESET)
 <LI><a href="#[c0]">BLESLEEP_IRQHandler_patch</a> from rwip_sleep_patch.o(RAM_CODE) referenced from rwip_sleep_patch.o(i.rwip_sleep_func_replace)
 <LI><a href="#[68]">BLESLP_IRQHandler</a> from rom_symbol.txt(ABSOLUTE) referenced from startup_gr55xx.o(RESET)
 <LI><a href="#[51]">BLE_IRQHandler</a> from rom_symbol.txt(ABSOLUTE) referenced from startup_gr55xx.o(RESET)
 <LI><a href="#[be]">BLE_IRQHandler_patch</a> from rwble_patch.o(RAM_CODE) referenced from rwble_patch.o(i.rwble_replace)
 <LI><a href="#[50]">BLE_SDK_Handler</a> from rom_symbol.txt(ABSOLUTE) referenced from startup_gr55xx.o(RESET)
 <LI><a href="#[cd]">BLE_SDK_Handler_patch</a> from system_sdk_patch.o(TINY_RAM_SPACE) referenced from system_sdk_patch.o(i.system_sdk_replace)
 <LI><a href="#[49]">BusFault_Handler</a> from interrupt_gr55xx.o(RAM_CODE) referenced from startup_gr55xx.o(RESET)
 <LI><a href="#[70]">CALENDAR_IRQHandler</a> from startup_gr55xx.o(.text) referenced from startup_gr55xx.o(RESET)
 <LI><a href="#[6a]">COMP_IRQHandler</a> from startup_gr55xx.o(.text) referenced from startup_gr55xx.o(RESET)
 <LI><a href="#[52]">DMA_IRQHandler</a> from startup_gr55xx.o(.text) referenced from startup_gr55xx.o(RESET)
 <LI><a href="#[59]">DUAL_TIMER_IRQHandler</a> from startup_gr55xx.o(.text) referenced from startup_gr55xx.o(RESET)
 <LI><a href="#[4c]">DebugMon_Handler</a> from startup_gr55xx.o(.text) referenced from startup_gr55xx.o(RESET)
 <LI><a href="#[55]">EXT0_IRQHandler</a> from startup_gr55xx.o(.text) referenced from startup_gr55xx.o(RESET)
 <LI><a href="#[56]">EXT1_IRQHandler</a> from startup_gr55xx.o(.text) referenced from startup_gr55xx.o(RESET)
 <LI><a href="#[61]">EXT2_IRQHandler</a> from startup_gr55xx.o(.text) referenced from startup_gr55xx.o(RESET)
 <LI><a href="#[60]">HMAC_IRQHandler</a> from startup_gr55xx.o(.text) referenced from startup_gr55xx.o(RESET)
 <LI><a href="#[47]">HardFault_Handler</a> from interrupt_gr55xx.o(RAM_CODE) referenced from startup_gr55xx.o(RESET)
 <LI><a href="#[5d]">I2C0_IRQHandler</a> from startup_gr55xx.o(.text) referenced from startup_gr55xx.o(RESET)
 <LI><a href="#[5e]">I2C1_IRQHandler</a> from startup_gr55xx.o(.text) referenced from startup_gr55xx.o(RESET)
 <LI><a href="#[6c]">I2S_M_IRQHandler</a> from startup_gr55xx.o(.text) referenced from startup_gr55xx.o(RESET)
 <LI><a href="#[6d]">I2S_S_IRQHandler</a> from startup_gr55xx.o(.text) referenced from startup_gr55xx.o(RESET)
 <LI><a href="#[6e]">ISO7816_IRQHandler</a> from startup_gr55xx.o(.text) referenced from startup_gr55xx.o(RESET)
 <LI><a href="#[48]">MemManage_Handler</a> from interrupt_gr55xx.o(RAM_CODE) referenced from startup_gr55xx.o(RESET)
 <LI><a href="#[46]">NMI_Handler</a> from startup_gr55xx.o(.text) referenced from startup_gr55xx.o(RESET)
 <LI><a href="#[64]">PKC_IRQHandler</a> from startup_gr55xx.o(.text) referenced from startup_gr55xx.o(RESET)
 <LI><a href="#[63]">PMU_IRQHandler</a> from startup_gr55xx.o(.text) referenced from startup_gr55xx.o(RESET)
 <LI><a href="#[6f]">PRESENT_IRQHandler</a> from startup_gr55xx.o(.text) referenced from startup_gr55xx.o(RESET)
 <LI><a href="#[67]">PWR_CMD_IRQHandler</a> from startup_gr55xx.o(.text) referenced from startup_gr55xx.o(RESET)
 <LI><a href="#[4d]">PendSV_Handler</a> from startup_gr55xx.o(.text) referenced from startup_gr55xx.o(RESET)
 <LI><a href="#[5a]">QSPI0_IRQHandler</a> from startup_gr55xx.o(.text) referenced from startup_gr55xx.o(RESET)
 <LI><a href="#[66]">QSPI1_IRQHandler</a> from startup_gr55xx.o(.text) referenced from startup_gr55xx.o(RESET)
 <LI><a href="#[62]">RNG_IRQHandler</a> from startup_gr55xx.o(.text) referenced from startup_gr55xx.o(RESET)
 <LI><a href="#[45]">Reset_Handler</a> from startup_gr55xx.o(.text) referenced from startup_gr55xx.o(RESET)
 <LI><a href="#[69]">SLPTIMER_IRQHandler</a> from interrupt_gr55xx.o(RAM_CODE) referenced from startup_gr55xx.o(RESET)
 <LI><a href="#[53]">SPI_M_IRQHandler</a> from startup_gr55xx.o(.text) referenced from startup_gr55xx.o(RESET)
 <LI><a href="#[54]">SPI_S_IRQHandler</a> from startup_gr55xx.o(.text) referenced from startup_gr55xx.o(RESET)
 <LI><a href="#[4b]">SVC_Handler</a> from interrupt_gr55xx.o(RAM_CODE) referenced from startup_gr55xx.o(RESET)
 <LI><a href="#[4e]">SysTick_Handler</a> from interrupt_gr55xx.o(i.SysTick_Handler) referenced from startup_gr55xx.o(RESET)
 <LI><a href="#[73]">SystemInit</a> from system_gr55xx.o(i.SystemInit) referenced from startup_gr55xx.o(.text)
 <LI><a href="#[57]">TIMER0_IRQHandler</a> from startup_gr55xx.o(.text) referenced from startup_gr55xx.o(RESET)
 <LI><a href="#[58]">TIMER1_IRQHandler</a> from startup_gr55xx.o(.text) referenced from startup_gr55xx.o(RESET)
 <LI><a href="#[5b]">UART0_IRQHandler</a> from startup_gr55xx.o(.text) referenced from startup_gr55xx.o(RESET)
 <LI><a href="#[5c]">UART1_IRQHandler</a> from startup_gr55xx.o(.text) referenced from startup_gr55xx.o(RESET)
 <LI><a href="#[4a]">UsageFault_Handler</a> from interrupt_gr55xx.o(RAM_CODE) referenced from startup_gr55xx.o(RESET)
 <LI><a href="#[4f]">WDT_IRQHandler</a> from startup_gr55xx.o(.text) referenced from startup_gr55xx.o(RESET)
 <LI><a href="#[65]">XQSPI_IRQHandler</a> from startup_gr55xx.o(.text) referenced from startup_gr55xx.o(RESET)
 <LI><a href="#[76]">_snputc</a> from printfa.o(i._snputc) referenced from printfa.o(i.__0snprintf)
 <LI><a href="#[76]">_snputc</a> from printfa.o(i._snputc) referenced from printfa.o(i.__0vsnprintf)
 <LI><a href="#[77]">_sputc</a> from printfa.o(i._sputc) referenced from printfa.o(i.__0sprintf)
 <LI><a href="#[ce]">app_gap_connect_cb</a> from user_gap_callback.o(i.app_gap_connect_cb) referenced from user_gap_callback.o(.constdata)
 <LI><a href="#[cf]">app_gap_disconnect_cb</a> from user_gap_callback.o(i.app_gap_disconnect_cb) referenced from user_gap_callback.o(.constdata)
 <LI><a href="#[d0]">app_gatt_mtu_exchange_cb</a> from user_gatt_common_callback.o(i.app_gatt_mtu_exchange_cb) referenced from user_gatt_common_callback.o(.constdata)
 <LI><a href="#[e2]">atts_execute_write_req</a> from rom_symbol.txt(ABSOLUTE) referenced from atts_patch.o(.constdata)
 <LI><a href="#[d8]">atts_find_by_type_req</a> from rom_symbol.txt(ABSOLUTE) referenced from atts_patch.o(.constdata)
 <LI><a href="#[d7]">atts_find_info_req</a> from rom_symbol.txt(ABSOLUTE) referenced from atts_patch.o(.constdata)
 <LI><a href="#[d6]">atts_mtu_exc_req</a> from rom_symbol.txt(ABSOLUTE) referenced from atts_patch.o(.constdata)
 <LI><a href="#[e1]">atts_prepare_write_req</a> from rom_symbol.txt(ABSOLUTE) referenced from atts_patch.o(.constdata)
 <LI><a href="#[dc]">atts_read_blob_req</a> from rom_symbol.txt(ABSOLUTE) referenced from atts_patch.o(.constdata)
 <LI><a href="#[da]">atts_read_by_grp_type_req</a> from rom_symbol.txt(ABSOLUTE) referenced from atts_patch.o(.constdata)
 <LI><a href="#[d9]">atts_read_by_type_req</a> from rom_symbol.txt(ABSOLUTE) referenced from atts_patch.o(.constdata)
 <LI><a href="#[dd]">atts_read_mult_req_patch</a> from atts_patch.o(i.atts_read_mult_req_patch) referenced from atts_patch.o(.constdata)
 <LI><a href="#[db]">atts_read_req</a> from rom_symbol.txt(ABSOLUTE) referenced from atts_patch.o(.constdata)
 <LI><a href="#[de]">atts_write_cmd</a> from rom_symbol.txt(ABSOLUTE) referenced from atts_patch.o(.constdata)
 <LI><a href="#[df]">atts_write_req</a> from rom_symbol.txt(ABSOLUTE) referenced from atts_patch.o(.constdata)
 <LI><a href="#[e0]">atts_write_signed</a> from rom_symbol.txt(ABSOLUTE) referenced from atts_patch.o(.constdata)
 <LI><a href="#[c9]">bb_watch_timer_cbk_patch</a> from sch_prog_patch.o(i.bb_watch_timer_cbk_patch) referenced from sch_prog_patch.o(i.sch_prog_frm_cbk_replace)
 <LI><a href="#[c7]">bb_watch_timer_start_patch</a> from sch_prog_patch.o(RAM_CODE) referenced from sch_prog_patch.o(i.sch_prog_frm_cbk_replace)
 <LI><a href="#[d4]">ble_bm_set_sec_info_patch</a> from ble_bondmgr_patch.o(i.ble_bm_set_sec_info_patch) referenced from fpb_patch_init.o(.constdata)
 <LI><a href="#[bf]">ble_core_sleep_patch</a> from rwip_sleep_patch.o(RAM_CODE) referenced from rwip_sleep_patch.o(i.rwip_sleep_func_replace)
 <LI><a href="#[3c]">ble_init_cmp_callback</a> from user_app.o(i.ble_init_cmp_callback) referenced 2 times from main.o(.data)
 <LI><a href="#[c3]">ble_irq_handler_without_stack_init</a> from rwip_sleep_common.o(RAM_CODE) referenced from rwip_sleep_common.o(i.rwip_sleep_without_stack_init_replace)
 <LI><a href="#[7c]">ble_nvds_del</a> from sdk_nvds_patch.o(i.ble_nvds_del) referenced from sdk_nvds_patch.o(i.ble_nvds_set_entry)
 <LI><a href="#[7a]">ble_nvds_get</a> from rom_symbol.txt(ABSOLUTE) referenced from sdk_nvds_patch.o(i.ble_nvds_set_entry)
 <LI><a href="#[79]">ble_nvds_initialized</a> from rom_symbol.txt(ABSOLUTE) referenced from sdk_nvds_patch.o(i.ble_nvds_set_entry)
 <LI><a href="#[7b]">ble_nvds_put</a> from sdk_nvds_patch.o(i.ble_nvds_put) referenced from sdk_nvds_patch.o(i.ble_nvds_set_entry)
 <LI><a href="#[81]">ble_rwip_wakeup</a> from rom_symbol.txt(ABSOLUTE) referenced from system_sdk_patch.o(i.ble_stack_init)
 <LI><a href="#[82]">ble_rwip_wakeup_end</a> from rom_symbol.txt(ABSOLUTE) referenced from system_sdk_patch.o(i.ble_stack_init)
 <LI><a href="#[402]">ble_rwip_wakeup_patch</a> from rwip_sleep_patch.o(RAM_CODE) referenced from rwip_sleep_patch.o(RAM_CODE)
 <LI><a href="#[93]">ble_sdk_common_timeout_handler</a> from rom_symbol.txt(ABSOLUTE) referenced from ble_sdk_task_patch.o(i.host_to_sdk_msg_handler_patch)
 <LI><a href="#[1c]">ble_sdk_gatt_mtu_changed_ind_handler_patch</a> from ble_sdk_gatt_task_patch.o(i.ble_sdk_gatt_mtu_changed_ind_handler_patch) referenced 2 times from platform_gr55xx.o(.data)
 <LI><a href="#[1a]">ble_sdk_gattc_event_ind_handler_patch</a> from ble_sdk_gatt_task_patch.o(i.ble_sdk_gattc_event_ind_handler_patch) referenced 2 times from platform_gr55xx.o(.data)
 <LI><a href="#[1b]">ble_sdk_gatts_svc_changed_cfg_ind_handler_patch</a> from ble_sdk_gatt_task_patch.o(i.ble_sdk_gatts_svc_changed_cfg_ind_handler_patch) referenced 2 times from platform_gr55xx.o(.data)
 <LI><a href="#[c4]">ble_sdk_handler_without_stack_init</a> from rwip_sleep_common.o(RAM_CODE) referenced from rwip_sleep_common.o(i.rwip_sleep_without_stack_init_replace)
 <LI><a href="#[7f]">ble_sdk_init_patch</a> from ble_sdk_patch.o(i.ble_sdk_init_patch) referenced from ble_sdk_patch.o(i.ble_sdk_replace)
 <LI><a href="#[2f]">ble_send_data</a> from dfu_port.o(i.ble_send_data) referenced 2 times from dfu_port.o(.data)
 <LI><a href="#[c2]">ble_sleep_handler_without_stack_init</a> from rwip_sleep_common.o(RAM_CODE) referenced from rwip_sleep_common.o(i.rwip_sleep_without_stack_init_replace)
 <LI><a href="#[c1]">ble_sleep_without_stack_init</a> from rwip_sleep_common.o(i.ble_sleep_without_stack_init) referenced from rwip_sleep_common.o(i.rwip_sleep_without_stack_init_replace)
 <LI><a href="#[78]">bsp_uart_send</a> from user_periph_setup.o(i.bsp_uart_send) referenced from user_periph_setup.o(i.app_periph_init)
 <LI><a href="#[84]">config_1M_tx_gain_value</a> from rom_symbol.txt(ABSOLUTE) referenced from system_sdk_patch.o(i.ble_stack_init)
 <LI><a href="#[85]">config_2M_tx_gain_value</a> from rom_symbol.txt(ABSOLUTE) referenced from system_sdk_patch.o(i.ble_stack_init)
 <LI><a href="#[86]">config_coded_tx_gain_value</a> from rom_symbol.txt(ABSOLUTE) referenced from system_sdk_patch.o(i.ble_stack_init)
 <LI><a href="#[b7]">cpll_calibration</a> from platform_sdk.o(i.cpll_calibration) referenced from platform_sdk.o(i.platform_sdk_init)
 <LI><a href="#[3f]">dfu_program_end_callback</a> from user_dfu.o(i.dfu_program_end_callback) referenced 2 times from user_dfu.o(.data)
 <LI><a href="#[3d]">dfu_program_start_callback</a> from user_dfu.o(i.dfu_program_start_callback) referenced 2 times from user_dfu.o(.data)
 <LI><a href="#[3e]">dfu_programing_callback</a> from user_dfu.o(i.dfu_programing_callback) referenced 2 times from user_dfu.o(.data)
 <LI><a href="#[b3]">fpb_patch_enable</a> from fpb_patch_init.o(i.fpb_patch_enable) referenced from platform_gr55xx.o(i.platform_init)
 <LI><a href="#[75]">fputc</a> from app_log.o(i.fputc) referenced from printfa.o(i.__0printf)
 <LI><a href="#[1]">gap_activity_stopped_ind_handler_patch</a> from ble_sdk_gapm_patch.o(i.gap_activity_stopped_ind_handler_patch) referenced 2 times from platform_gr55xx.o(.data)
 <LI><a href="#[18]">gap_cmp_evt_handler_patch</a> from ble_sdk_gapc_patch.o(i.gap_cmp_evt_handler_patch) referenced 2 times from platform_gr55xx.o(.data)
 <LI><a href="#[15]">gap_connection_req_ind_handler_patch</a> from ble_sdk_gapc_patch.o(i.gap_connection_req_ind_handler_patch) referenced 2 times from platform_gr55xx.o(.data)
 <LI><a href="#[2]">gap_dev_bdaddr_ind_handler_patch</a> from ble_sdk_gapm_patch.o(i.gap_dev_bdaddr_ind_handler_patch) referenced 2 times from platform_gr55xx.o(.data)
 <LI><a href="#[7d]">gap_device_config_params_init_patch</a> from ble_sdk_gapm_patch.o(i.gap_device_config_params_init_patch) referenced from ble_sdk_gapm_patch.o(i.ble_sdk_gapm_replace)
 <LI><a href="#[16]">gap_disconnect_ind_handler_patch</a> from ble_sdk_gapc_patch.o(i.gap_disconnect_ind_handler_patch) referenced 2 times from platform_gr55xx.o(.data)
 <LI><a href="#[7e]">gap_init_fsm_next_func_patch</a> from ble_sdk_gapm_patch.o(i.gap_init_fsm_next_func_patch) referenced from ble_sdk_gapm_patch.o(i.ble_sdk_gapm_replace)
 <LI><a href="#[14]">gapc_hci_handler_patch</a> from gapc_hci_patch.o(i.gapc_hci_handler_patch) referenced 2 times from platform_gr55xx.o(.data)
 <LI><a href="#[1d]">gapm_activity_create_cmd_handler_patch</a> from gapm_actv_patch.o(i.gapm_activity_create_cmd_handler_patch) referenced 2 times from platform_gr55xx.o(.data)
 <LI><a href="#[8b]">gapm_adv_check_param_func_patch</a> from gapm_adv_patch.o(i.gapm_adv_check_param_func_patch) referenced from gapm_adv_patch.o(i.gapm_adv_replace)
 <LI><a href="#[0]">gapm_cmp_evt_handler_patch</a> from ble_sdk_gapm_patch.o(i.gapm_cmp_evt_handler_patch) referenced 2 times from platform_gr55xx.o(.data)
 <LI><a href="#[1e]">gapm_hci_handler_patch</a> from gapm_task_patch.o(i.gapm_hci_handler_patch) referenced 2 times from platform_gr55xx.o(.data)
 <LI><a href="#[8f]">gapm_init_connection_ind_func_patch</a> from gapm_init_patch.o(i.gapm_init_connection_ind_func_patch) referenced from gapm_init_patch.o(i.gapm_init_replace)
 <LI><a href="#[8e]">gapm_init_delete</a> from rom_symbol.txt(ABSOLUTE) referenced from gapm_init_patch.o(i.gapm_init_create_patch)
 <LI><a href="#[8c]">gapm_init_start_patch</a> from gapm_init_patch.o(i.gapm_init_start_patch) referenced from gapm_init_patch.o(i.gapm_init_create_patch)
 <LI><a href="#[8d]">gapm_init_stop_patch</a> from gapm_init_patch.o(i.gapm_init_stop_patch) referenced from gapm_init_patch.o(i.gapm_init_create_patch)
 <LI><a href="#[90]">gatt_on_disconnection_func_patch</a> from ble_sdk_gatts_patch.o(i.gatt_on_disconnection_func_patch) referenced from ble_sdk_gatts_patch.o(i.gatt_on_disconnection_replace)
 <LI><a href="#[ca]">gattc_write_req_ind_handler_patch</a> from ble_sdk_prf_patch.o(i.gattc_write_req_ind_handler_patch) referenced from ble_sdk_prf_patch.o(i.sdk_prf_msg_handler_tab_replace)
 <LI><a href="#[88]">get_info</a> from dfu_cmd_handler_patch.o(i.get_info) referenced from dfu_cmd_handler_patch.o(i.dfu_cmd_handler_replace)
 <LI><a href="#[d3]">hal_exflash_erase</a> from gr55xx_hal_exflash_patch.o(RAM_CODE) referenced from fpb_patch_init.o(.constdata)
 <LI><a href="#[d2]">hal_exflash_write</a> from gr55xx_hal_exflash_patch.o(RAM_CODE) referenced from fpb_patch_init.o(.constdata)
 <LI><a href="#[32]">hal_flash_erase</a> from hal_flash_patch.o(i.hal_flash_erase) referenced 2 times from dfu_port.o(.data)
 <LI><a href="#[33]">hal_flash_erase_chip</a> from hal_flash_patch.o(i.hal_flash_erase_chip) referenced 2 times from dfu_port.o(.data)
 <LI><a href="#[36]">hal_flash_get_info</a> from rom_symbol.txt(ABSOLUTE) referenced 2 times from dfu_port.o(.data)
 <LI><a href="#[35]">hal_flash_get_security</a> from rom_symbol.txt(ABSOLUTE) referenced 2 times from dfu_port.o(.data)
 <LI><a href="#[30]">hal_flash_read</a> from hal_flash_patch.o(i.hal_flash_read) referenced 2 times from dfu_port.o(.data)
 <LI><a href="#[34]">hal_flash_set_security</a> from rom_symbol.txt(ABSOLUTE) referenced 2 times from dfu_port.o(.data)
 <LI><a href="#[31]">hal_flash_write</a> from hal_flash_patch.o(i.hal_flash_write) referenced 2 times from dfu_port.o(.data)
 <LI><a href="#[26]">hal_gpio_exti_callback</a> from gr55xx_hal_gpio.o(i.hal_gpio_exti_callback) referenced 2 times from gr55xx_hal_gpio.o(.data)
 <LI><a href="#[91]">hal_pwr_sleep_timer_elapsed_callback</a> from app_timer.o(RAM_CODE) referenced from gr55xx_hal_pwr.o(i.hal_pwr_config_timer_wakeup)
 <LI><a href="#[2c]">hal_uart_abort_cplt_callback</a> from gr55xx_hal_uart.o(i.hal_uart_abort_cplt_callback) referenced 2 times from gr55xx_hal_uart.o(.data)
 <LI><a href="#[2e]">hal_uart_abort_rx_cplt_callback</a> from gr55xx_hal_uart.o(i.hal_uart_abort_rx_cplt_callback) referenced 2 times from gr55xx_hal_uart.o(.data)
 <LI><a href="#[2d]">hal_uart_abort_tx_cplt_callback</a> from gr55xx_hal_uart.o(i.hal_uart_abort_tx_cplt_callback) referenced 2 times from gr55xx_hal_uart.o(.data)
 <LI><a href="#[2b]">hal_uart_error_callback</a> from gr55xx_hal_uart.o(i.hal_uart_error_callback) referenced 2 times from gr55xx_hal_uart.o(.data)
 <LI><a href="#[28]">hal_uart_msp_deinit</a> from gr55xx_hal_uart.o(i.hal_uart_msp_deinit) referenced 2 times from gr55xx_hal_uart.o(.data)
 <LI><a href="#[27]">hal_uart_msp_init</a> from gr55xx_hal_uart.o(i.hal_uart_msp_init) referenced 2 times from gr55xx_hal_uart.o(.data)
 <LI><a href="#[2a]">hal_uart_rx_cplt_callback</a> from gr55xx_hal_uart.o(i.hal_uart_rx_cplt_callback) referenced 2 times from gr55xx_hal_uart.o(.data)
 <LI><a href="#[29]">hal_uart_tx_cplt_callback</a> from gr55xx_hal_uart.o(i.hal_uart_tx_cplt_callback) referenced 2 times from gr55xx_hal_uart.o(.data)
 <LI><a href="#[1f]">hci_le_add_dev_to_wlst_cmd_handler_patch</a> from llm_hci_patch.o(i.hci_le_add_dev_to_wlst_cmd_handler_patch) referenced 2 times from platform_gr55xx.o(.data)
 <LI><a href="#[21]">hci_le_clear_wlst_cmd_handler_patch</a> from llm_hci_patch.o(i.hci_le_clear_wlst_cmd_handler_patch) referenced 2 times from platform_gr55xx.o(.data)
 <LI><a href="#[25]">hci_le_cmd_cmp_evt_init_handler_patch</a> from gapm_init_patch.o(i.hci_le_cmd_cmp_evt_init_handler_patch) referenced 2 times from platform_gr55xx.o(.data)
 <LI><a href="#[9b]">hci_le_con_upd_cmd_handler</a> from rom_symbol.txt(ABSOLUTE) referenced from llc_hci_patch.o(i.llc_hci_new_handler_find)
 <LI><a href="#[9c]">hci_le_con_upd_cmd_handler_patch</a> from llc_con_upd_patch.o(i.hci_le_con_upd_cmd_handler_patch) referenced from llc_hci_patch.o(i.llc_hci_new_handler_find)
 <LI><a href="#[22]">hci_le_ext_create_con_cmd_handler_patch</a> from llm_hci_patch.o(i.hci_le_ext_create_con_cmd_handler_patch) referenced 2 times from platform_gr55xx.o(.data)
 <LI><a href="#[20]">hci_le_rmv_dev_from_wlst_cmd_handler_patch</a> from llm_hci_patch.o(i.hci_le_rmv_dev_from_wlst_cmd_handler_patch) referenced 2 times from platform_gr55xx.o(.data)
 <LI><a href="#[24]">hci_le_set_ext_scan_en_cmd_handler_patch</a> from llm_scan_patch.o(i.hci_le_set_ext_scan_en_cmd_handler_patch) referenced 2 times from platform_gr55xx.o(.data)
 <LI><a href="#[23]">hci_le_set_ext_scan_param_cmd_handler_patch</a> from llm_scan_patch.o(i.hci_le_set_ext_scan_param_cmd_handler_patch) referenced 2 times from platform_gr55xx.o(.data)
 <LI><a href="#[13]">hci_nb_cmp_pkts_evt_handler_patch</a> from l2cc_task_patch.o(i.hci_nb_cmp_pkts_evt_handler_patch) referenced 2 times from platform_gr55xx.o(.data)
 <LI><a href="#[d1]">hci_send_2_controller_patch</a> from hci_patch.o(i.hci_send_2_controller_patch) referenced from fpb_patch_init.o(.constdata)
 <LI><a href="#[5]">host_to_sdk_msg_handler_patch</a> from ble_sdk_task_patch.o(i.host_to_sdk_msg_handler_patch) referenced 2 times from platform_gr55xx.o(.data)
 <LI><a href="#[d5]">ke_task_schedule_patch</a> from ke_task_patch.o(i.ke_task_schedule_patch) referenced from fpb_patch_init.o(.constdata)
 <LI><a href="#[6]">l2cc_pdu_recv_ind_handler_patch</a> from gattc_task_patch.o(i.l2cc_pdu_recv_ind_handler_patch) referenced 2 times from platform_gr55xx.o(.data)
 <LI><a href="#[94]">l2cm_l2cap_tx_handler_patch</a> from l2cm_patch.o(i.l2cm_l2cap_tx_handler_patch) referenced from l2cm_patch.o(i.l2cm_l2cap_tx_handler_replace)
 <LI><a href="#[a0]">ll_channel_map_ind_handler_patch</a> from llc_chmap_upd_patch.o(i.ll_channel_map_ind_handler_patch) referenced from llc_llcp_patch.o(i.llcp_pdu_handler_tab_replace)
 <LI><a href="#[a2]">ll_connection_param_req_handler_patch</a> from llc_con_upd_patch.o(i.ll_connection_param_req_handler_patch) referenced from llc_llcp_patch.o(i.llcp_pdu_handler_tab_replace)
 <LI><a href="#[a1]">ll_connection_update_ind_handler_patch</a> from llc_con_upd_patch.o(i.ll_connection_update_ind_handler_patch) referenced from llc_llcp_patch.o(i.llcp_pdu_handler_tab_replace)
 <LI><a href="#[a3]">ll_phy_req_handler_patch</a> from llc_phy_upd_patch.o(i.ll_phy_req_handler_patch) referenced from llc_llcp_patch.o(i.llcp_pdu_handler_tab_replace)
 <LI><a href="#[10]">llc_auth_payl_nearly_to_handler_patch</a> from llc_le_ping_patch.o(i.llc_auth_payl_nearly_to_handler_patch) referenced 2 times from platform_gr55xx.o(.data)
 <LI><a href="#[11]">llc_auth_payl_real_to_handler_patch</a> from llc_le_ping_patch.o(i.llc_auth_payl_real_to_handler_patch) referenced 2 times from platform_gr55xx.o(.data)
 <LI><a href="#[95]">llc_ch_map_up_proc_err_cb</a> from rom_symbol.txt(ABSOLUTE) referenced from llc_chmap_upd_patch.o(i.ll_channel_map_ind_handler_patch)
 <LI><a href="#[4]">llc_hci_command_handler_patch</a> from llc_hci_patch.o(i.llc_hci_command_handler_patch) referenced 2 times from platform_gr55xx.o(.data)
 <LI><a href="#[9e]">llc_ll_enc_rsp_ack_handler</a> from rom_symbol.txt(ABSOLUTE) referenced from llc_encrypt_patch.o(i.llc_rem_encrypt_proc_continue_patch)
 <LI><a href="#[9d]">llc_ll_reject_ind_ack_handler</a> from rom_symbol.txt(ABSOLUTE) referenced from llc_encrypt_patch.o(i.llc_rem_encrypt_proc_continue_patch)
 <LI><a href="#[9f]">llc_ll_start_enc_rsp_ack_handler</a> from rom_symbol.txt(ABSOLUTE) referenced from llc_encrypt_patch.o(i.llc_rem_encrypt_proc_continue_patch)
 <LI><a href="#[92]">llc_loc_con_upd_proc_err_cb</a> from rom_symbol.txt(ABSOLUTE) referenced from llc_con_upd_patch.o(i.hci_le_con_upd_cmd_handler_patch)
 <LI><a href="#[92]">llc_loc_con_upd_proc_err_cb</a> from rom_symbol.txt(ABSOLUTE) referenced from llc_con_upd_patch.o(i.llc_rem_con_upd_proc_continue_patch)
 <LI><a href="#[7]">llc_loc_llcp_rsp_to_handler_patch</a> from llc_task_patch.o(i.llc_loc_llcp_rsp_to_handler_patch) referenced 2 times from platform_gr55xx.o(.data)
 <LI><a href="#[12]">llc_op_dl_upd_ind_handler_patch</a> from llc_dl_upd_patch.o(i.llc_op_dl_upd_ind_handler_patch) referenced 2 times from platform_gr55xx.o(.data)
 <LI><a href="#[98]">llc_pref_param_compute_func_patch</a> from llc_con_upd_patch.o(i.llc_pref_param_compute_func_patch) referenced from llc_con_upd_patch.o(i.llc_con_upd_replace)
 <LI><a href="#[99]">llc_rem_con_upd_proc_continue_patch</a> from llc_con_upd_patch.o(i.llc_rem_con_upd_proc_continue_patch) referenced from llc_con_upd_patch.o(i.llc_con_upd_replace)
 <LI><a href="#[96]">llc_rem_con_upd_proc_err_cb</a> from rom_symbol.txt(ABSOLUTE) referenced from llc_con_upd_patch.o(i.ll_connection_param_req_handler_patch)
 <LI><a href="#[96]">llc_rem_con_upd_proc_err_cb</a> from rom_symbol.txt(ABSOLUTE) referenced from llc_con_upd_patch.o(i.ll_connection_update_ind_handler_patch)
 <LI><a href="#[9a]">llc_rem_encrypt_proc_continue_patch</a> from llc_encrypt_patch.o(i.llc_rem_encrypt_proc_continue_patch) referenced from llc_encrypt_patch.o(i.llc_encrypt_replace)
 <LI><a href="#[8]">llc_rem_llcp_rsp_to_handler_patch</a> from llc_task_patch.o(i.llc_rem_llcp_rsp_to_handler_patch) referenced 2 times from platform_gr55xx.o(.data)
 <LI><a href="#[97]">llc_rem_phy_upd_proc_err_cb</a> from rom_symbol.txt(ABSOLUTE) referenced from llc_phy_upd_patch.o(i.ll_phy_req_handler_patch)
 <LI><a href="#[b]">lld_acl_rx_ind_handler_patch</a> from llc_task_patch.o(i.lld_acl_rx_ind_handler_patch) referenced 2 times from platform_gr55xx.o(.data)
 <LI><a href="#[a4]">lld_adv_frm_cbk_func_patch</a> from lld_adv_patch.o(i.lld_adv_frm_cbk_func_patch) referenced from lld_adv_patch.o(i.lld_adv_replace)
 <LI><a href="#[b0]">lld_adv_start_func_patch</a> from lld_scan_patch.o(i.lld_adv_start_func_patch) referenced from lld_scan_patch.o(i.lld_scan_frm_cbk_replace)
 <LI><a href="#[e5]">lld_bi_frm_cbk</a> from rom_symbol.txt(ABSOLUTE) referenced from sch_prog_patch.o(RAM_CODE)
 <LI><a href="#[d]">lld_ch_map_upd_cfm_handler_patch</a> from llc_chmap_upd_patch.o(i.lld_ch_map_upd_cfm_handler_patch) referenced 2 times from platform_gr55xx.o(.data)
 <LI><a href="#[e6]">lld_ci_frm_cbk</a> from rom_symbol.txt(ABSOLUTE) referenced from sch_prog_patch.o(RAM_CODE)
 <LI><a href="#[a9]">lld_con_evt_start_cbk_patch</a> from lld_con_patch.o(RAM_CODE) referenced from lld_con_patch.o(i.lld_con_start_patch)
 <LI><a href="#[a7]">lld_con_frm_cbk_patch</a> from lld_con_patch.o(RAM_CODE) referenced from lld_con_patch.o(i.lld_con_replace)
 <LI><a href="#[f]">lld_con_offset_upd_ind_handler_patch</a> from llc_con_upd_patch.o(i.lld_con_offset_upd_ind_handler_patch) referenced 2 times from platform_gr55xx.o(.data)
 <LI><a href="#[c]">lld_con_param_upd_cfm_handler_patch</a> from llc_con_upd_patch.o(i.lld_con_param_upd_cfm_handler_patch) referenced 2 times from platform_gr55xx.o(.data)
 <LI><a href="#[a5]">lld_con_sched_patch</a> from lld_con_patch.o(RAM_CODE) referenced from lld_con_patch.o(i.lld_con_replace)
 <LI><a href="#[a6]">lld_con_start_patch</a> from lld_con_patch.o(i.lld_con_start_patch) referenced from lld_con_patch.o(i.lld_con_replace)
 <LI><a href="#[a8]">lld_con_tx_prog_patch</a> from lld_con_patch.o(i.lld_con_tx_prog_patch) referenced from lld_con_patch.o(i.lld_con_replace)
 <LI><a href="#[ab]">lld_init_evt_canceled_cbk</a> from rom_symbol.txt(ABSOLUTE) referenced from lld_init_patch.o(i.lld_init_start_patch)
 <LI><a href="#[ac]">lld_init_evt_start_cbk_patch</a> from lld_init_patch.o(RAM_CODE) referenced from lld_init_patch.o(i.lld_init_start_patch)
 <LI><a href="#[aa]">lld_init_patch</a> from lld_patch.o(i.lld_init_patch) referenced from lld_patch.o(i.lld_init_replace)
 <LI><a href="#[ad]">lld_init_start_patch</a> from lld_init_patch.o(i.lld_init_start_patch) referenced from lld_init_patch.o(i.lld_init_start_replace)
 <LI><a href="#[9]">lld_llcp_rx_ind_handler_patch</a> from llc_llcp_patch.o(i.lld_llcp_rx_ind_handler_patch) referenced 2 times from platform_gr55xx.o(.data)
 <LI><a href="#[a]">lld_llcp_tx_cfm_handler_patch</a> from llc_llcp_patch.o(i.lld_llcp_tx_cfm_handler_patch) referenced 2 times from platform_gr55xx.o(.data)
 <LI><a href="#[e]">lld_phy_upd_cfm_handler_patch</a> from llc_phy_upd_patch.o(i.lld_phy_upd_cfm_handler_patch) referenced 2 times from platform_gr55xx.o(.data)
 <LI><a href="#[b1]">lld_scan_evt_start_cbk_patch</a> from lld_scan_patch.o(RAM_CODE) referenced from lld_scan_patch.o(i.lld_scan_start_func_patch)
 <LI><a href="#[ae]">lld_scan_frm_cbk_func_patch</a> from lld_scan_patch.o(RAM_CODE) referenced from lld_scan_patch.o(i.lld_scan_frm_cbk_replace)
 <LI><a href="#[af]">lld_scan_start_func_patch</a> from lld_scan_patch.o(i.lld_scan_start_func_patch) referenced from lld_scan_patch.o(i.lld_scan_frm_cbk_replace)
 <LI><a href="#[e7]">lld_supervision_to_cb</a> from rom_symbol.txt(ABSOLUTE) referenced from lld_con_patch.o(RAM_CODE)
 <LI><a href="#[e4]">lld_test_frm_cbk</a> from rom_symbol.txt(ABSOLUTE) referenced from sch_prog_patch.o(RAM_CODE)
 <LI><a href="#[3]">llm_hci_command_handler_patch</a> from llm_hci_patch.o(i.llm_hci_command_handler_patch) referenced 2 times from platform_gr55xx.o(.data)
 <LI><a href="#[e3]">lp_cali_watch_alarm_cb</a> from sch_prog_patch.o(RAM_CODE) referenced from sch_prog_patch.o(RAM_CODE)
 <LI><a href="#[71]">main</a> from platform_gr55xx.o(i.$Sub$$main) referenced from entry9a.o(.ARM.Collect$$$$0000000B)
 <LI><a href="#[74]">main_init</a> from system_gr55xx.o(i.main_init) referenced from startup_gr55xx.o(.text)
 <LI><a href="#[44]">maxeye_srvc_cccd_set_cb</a> from maxeye_services.o(i.maxeye_srvc_cccd_set_cb) referenced 2 times from maxeye_services.o(.data)
 <LI><a href="#[40]">maxeye_srvc_db_create</a> from maxeye_services.o(i.maxeye_srvc_db_create) referenced 2 times from maxeye_services.o(.data)
 <LI><a href="#[b2]">maxeye_srvc_event_handler</a> from maxeye_services.o(i.maxeye_srvc_event_handler) referenced from maxeye_services.o(i.maxeye_service_init)
 <LI><a href="#[43]">maxeye_srvc_ntf_ind_cb</a> from maxeye_services.o(i.maxeye_srvc_ntf_ind_cb) referenced 2 times from maxeye_services.o(.data)
 <LI><a href="#[41]">maxeye_srvc_read_att_cb</a> from maxeye_services.o(i.maxeye_srvc_read_att_cb) referenced 2 times from maxeye_services.o(.data)
 <LI><a href="#[42]">maxeye_srvc_write_att_cb</a> from maxeye_services.o(i.maxeye_srvc_write_att_cb) referenced 2 times from maxeye_services.o(.data)
 <LI><a href="#[3b]">otas_cccd_set_cb</a> from otas.o(i.otas_cccd_set_cb) referenced 2 times from otas.o(.data)
 <LI><a href="#[8a]">otas_evt_process</a> from dfu_port.o(i.otas_evt_process) referenced from dfu_port.o(i.dfu_service_init)
 <LI><a href="#[3a]">otas_gatts_cmpl_cb</a> from otas.o(i.otas_gatts_cmpl_cb) referenced 2 times from otas.o(.data)
 <LI><a href="#[37]">otas_init</a> from otas.o(i.otas_init) referenced 2 times from otas.o(.data)
 <LI><a href="#[38]">otas_read_att_cb</a> from otas.o(i.otas_read_att_cb) referenced 2 times from otas.o(.data)
 <LI><a href="#[39]">otas_write_att_cb</a> from otas.o(i.otas_write_att_cb) referenced 2 times from otas.o(.data)
 <LI><a href="#[cc]">pmu_calibration</a> from pmu_calibration.o(i.pmu_calibration) referenced from pmu_calibration.o(i.system_pmu_calibration_init)
 <LI><a href="#[89]">program_end_replace</a> from dfu_port.o(i.program_end_replace) referenced from dfu_port.o(i.dfu_port_init)
 <LI><a href="#[b8]">pwr_mgmt_shutdown_patch</a> from sdk_pwr_mgmt_patch.o(TINY_RAM_SPACE) referenced from sdk_pwr_mgmt_patch.o(i.pwr_mgmt_shutdown_replace)
 <LI><a href="#[b9]">rf_init_patch</a> from rf_gdx_patch.o(i.rf_init_patch) referenced from rf_gdx_patch.o(i.rf_gdx_replace)
 <LI><a href="#[87]">rf_recalibrate</a> from rom_symbol.txt(ABSOLUTE) referenced from system_sdk_patch.o(i.ble_stack_init)
 <LI><a href="#[bc]">rf_txpwr_cs_get_patch</a> from rf_gdx_patch.o(i.rf_txpwr_cs_get_patch) referenced from rf_gdx_patch.o(i.rf_init_patch)
 <LI><a href="#[bb]">rf_txpwr_dbm_get_patch</a> from rf_gdx_patch.o(i.rf_txpwr_dbm_get_patch) referenced from rf_gdx_patch.o(i.rf_init_patch)
 <LI><a href="#[ba]">rf_wakeup_init_patch</a> from rf_gdx_patch.o(RAM_CODE) referenced from rf_gdx_patch.o(i.rf_gdx_replace)
 <LI><a href="#[bd]">rom_callback_patch</a> from rwip_sleep_common.o(RAM_CODE) referenced from rwip_sleep_common.o(i.rom_callback_replace)
 <LI><a href="#[80]">rwip_us_2_lpcycles</a> from rom_symbol.txt(ABSOLUTE) referenced from system_sdk_patch.o(i.ble_stack_init)
 <LI><a href="#[c6]">sch_arb_event_start_isr_patch</a> from sch_arb_patch.o(RAM_CODE) referenced from sch_arb_patch.o(i.sch_arb_replace)
 <LI><a href="#[c5]">sch_arb_insert_patch</a> from sch_arb_patch.o(RAM_CODE) referenced from sch_arb_patch.o(i.sch_arb_replace)
 <LI><a href="#[c8]">sch_prog_activity_isr_patch</a> from sch_prog_patch.o(RAM_CODE) referenced from sch_prog_patch.o(i.sch_prog_frm_cbk_replace)
 <LI><a href="#[19]">sec_rcv_encrypt_req_ind_handler_patch</a> from ble_sdk_sec_patch.o(i.sec_rcv_encrypt_req_ind_handler_patch) referenced 2 times from platform_gr55xx.o(.data)
 <LI><a href="#[17]">sec_rcv_sec_req_ind_handler_patch</a> from ble_sdk_sec_patch.o(i.sec_rcv_sec_req_ind_handler_patch) referenced 2 times from platform_gr55xx.o(.data)
 <LI><a href="#[72]">set_msp</a> from system_gr55xx.o(i.set_msp) referenced from startup_gr55xx.o(.text)
 <LI><a href="#[83]">set_sdk_schedule_event</a> from rom_symbol.txt(ABSOLUTE) referenced from system_sdk_patch.o(i.ble_stack_init)
 <LI><a href="#[cb]">smpc_handle_enc_change_evt_func_patch</a> from smpc_patch.o(i.smpc_handle_enc_change_evt_func_patch) referenced from smpc_patch.o(i.smpc_handle_enc_change_evt_func_replace)
 <LI><a href="#[b5]">sys_context_restore_func</a> from platform_sys_context.o(RAM_CODE) referenced from platform_sdk.o(i.platform_sdk_init)
 <LI><a href="#[b4]">sys_context_save_func</a> from platform_sys_context.o(RAM_CODE) referenced from platform_sdk.o(i.platform_sdk_init)
 <LI><a href="#[b6]">ultra_wfi</a> from rom_symbol.txt(ABSOLUTE) referenced from platform_sdk.o(i.platform_sdk_init)
</UL>
<P>
<H3>
Global Symbols
</H3>
<P><STRONG><a name="[15d]"></a>bl_rsa_rsassa_pss_verify</STRONG> (Thumb, 0 bytes, Stack size 0 bytes, rom_symbol.txt(ABSOLUTE))
<BR><BR>[Called By]<UL><LI><a href="#[15b]">&gt;&gt;</a>&nbsp;&nbsp;&nbsp;bl_check_fw_security (via Veneer)
</UL>

<P><STRONG><a name="[15c]"></a>gm_drv_sha_encrypt</STRONG> (Thumb, 0 bytes, Stack size 0 bytes, rom_symbol.txt(ABSOLUTE))
<BR><BR>[Called By]<UL><LI><a href="#[15b]">&gt;&gt;</a>&nbsp;&nbsp;&nbsp;bl_check_fw_security (via Veneer)
</UL>

<P><STRONG><a name="[34c]"></a>bl1_srand</STRONG> (Thumb, 0 bytes, Stack size 0 bytes, rom_symbol.txt(ABSOLUTE))
<BR><BR>[Called By]<UL><LI><a href="#[19e]">&gt;&gt;</a>&nbsp;&nbsp;&nbsp;rand_seed_gen (via Veneer)
</UL>

<P><STRONG><a name="[10b]"></a>assert_err</STRONG> (Thumb, 0 bytes, Stack size 0 bytes, rom_symbol.txt(ABSOLUTE))
<BR><BR>[Called By]<UL><LI><a href="#[22]">&gt;&gt;</a>&nbsp;&nbsp;&nbsp;hci_le_ext_create_con_cmd_handler_patch (via Veneer)
<LI><a href="#[7e]">&gt;&gt;</a>&nbsp;&nbsp;&nbsp;gap_init_fsm_next_func_patch (via Veneer)
<LI><a href="#[8f]">&gt;&gt;</a>&nbsp;&nbsp;&nbsp;gapm_init_connection_ind_func_patch (via Veneer)
<LI><a href="#[98]">&gt;&gt;</a>&nbsp;&nbsp;&nbsp;llc_pref_param_compute_func_patch (via Veneer)
<LI><a href="#[d5]">&gt;&gt;</a>&nbsp;&nbsp;&nbsp;ke_task_schedule_patch (via Veneer)
<LI><a href="#[d1]">&gt;&gt;</a>&nbsp;&nbsp;&nbsp;hci_send_2_controller_patch (via Veneer)
<LI><a href="#[10a]">&gt;&gt;</a>&nbsp;&nbsp;&nbsp;BLESLP_Handler_without_stack_init (via Veneer)
<LI><a href="#[a8]">&gt;&gt;</a>&nbsp;&nbsp;&nbsp;lld_con_tx_prog_patch (via Veneer)
<LI><a href="#[a9]">&gt;&gt;</a>&nbsp;&nbsp;&nbsp;lld_con_evt_start_cbk_patch
<LI><a href="#[af]">&gt;&gt;</a>&nbsp;&nbsp;&nbsp;lld_scan_start_func_patch (via Veneer)
<LI><a href="#[b0]">&gt;&gt;</a>&nbsp;&nbsp;&nbsp;lld_adv_start_func_patch (via Veneer)
<LI><a href="#[3e2]">&gt;&gt;</a>&nbsp;&nbsp;&nbsp;lld_scan_frm_rx_isr_patch
<LI><a href="#[3dc]">&gt;&gt;</a>&nbsp;&nbsp;&nbsp;lld_scan_process_pkt_rx_patch
<LI><a href="#[15a]">&gt;&gt;</a>&nbsp;&nbsp;&nbsp;rwble_reset_recovery (via Veneer)
<LI><a href="#[c6]">&gt;&gt;</a>&nbsp;&nbsp;&nbsp;sch_arb_event_start_isr_patch
<LI><a href="#[2c9]">&gt;&gt;</a>&nbsp;&nbsp;&nbsp;lld_adv_frm_isr_patch (via Veneer)
<LI><a href="#[ad]">&gt;&gt;</a>&nbsp;&nbsp;&nbsp;lld_init_start_patch (via Veneer)
<LI><a href="#[ac]">&gt;&gt;</a>&nbsp;&nbsp;&nbsp;lld_init_evt_start_cbk_patch
<LI><a href="#[cb]">&gt;&gt;</a>&nbsp;&nbsp;&nbsp;smpc_handle_enc_change_evt_func_patch (via Veneer)
<LI><a href="#[c0]">&gt;&gt;</a>&nbsp;&nbsp;&nbsp;BLESLEEP_IRQHandler_patch
<LI><a href="#[402]">&gt;&gt;</a>&nbsp;&nbsp;&nbsp;ble_rwip_wakeup_patch
</UL>

<P><STRONG><a name="[269]"></a>assert_param</STRONG> (Thumb, 0 bytes, Stack size 0 bytes, rom_symbol.txt(ABSOLUTE))
<BR><BR>[Called By]<UL><LI><a href="#[13]">&gt;&gt;</a>&nbsp;&nbsp;&nbsp;hci_nb_cmp_pkts_evt_handler_patch (via Veneer)
<LI><a href="#[22]">&gt;&gt;</a>&nbsp;&nbsp;&nbsp;hci_le_ext_create_con_cmd_handler_patch (via Veneer)
<LI><a href="#[99]">&gt;&gt;</a>&nbsp;&nbsp;&nbsp;llc_rem_con_upd_proc_continue_patch (via Veneer)
<LI><a href="#[d5]">&gt;&gt;</a>&nbsp;&nbsp;&nbsp;ke_task_schedule_patch (via Veneer)
<LI><a href="#[ae]">&gt;&gt;</a>&nbsp;&nbsp;&nbsp;lld_scan_frm_cbk_func_patch
<LI><a href="#[3e3]">&gt;&gt;</a>&nbsp;&nbsp;&nbsp;lld_scan_frm_eof_isr_patch
<LI><a href="#[9a]">&gt;&gt;</a>&nbsp;&nbsp;&nbsp;llc_rem_encrypt_proc_continue_patch (via Veneer)
<LI><a href="#[2c9]">&gt;&gt;</a>&nbsp;&nbsp;&nbsp;lld_adv_frm_isr_patch (via Veneer)
<LI><a href="#[a4]">&gt;&gt;</a>&nbsp;&nbsp;&nbsp;lld_adv_frm_cbk_func_patch (via Veneer)
<LI><a href="#[427]">&gt;&gt;</a>&nbsp;&nbsp;&nbsp;rwble_isr_patch
</UL>

<P><STRONG><a name="[27d]"></a>assert_warn</STRONG> (Thumb, 0 bytes, Stack size 0 bytes, rom_symbol.txt(ABSOLUTE))
<BR><BR>[Called By]<UL><LI><a href="#[99]">&gt;&gt;</a>&nbsp;&nbsp;&nbsp;llc_rem_con_upd_proc_continue_patch (via Veneer)
<LI><a href="#[d5]">&gt;&gt;</a>&nbsp;&nbsp;&nbsp;ke_task_schedule_patch (via Veneer)
<LI><a href="#[d1]">&gt;&gt;</a>&nbsp;&nbsp;&nbsp;hci_send_2_controller_patch (via Veneer)
</UL>

<P><STRONG><a name="[292]"></a>attc_l2cc_pdu_recv_handler</STRONG> (Thumb, 0 bytes, Stack size 0 bytes, rom_symbol.txt(ABSOLUTE))
<BR><BR>[Called By]<UL><LI><a href="#[6]">&gt;&gt;</a>&nbsp;&nbsp;&nbsp;l2cc_pdu_recv_ind_handler_patch (via Veneer)
</UL>

<P><STRONG><a name="[147]"></a>attmdb_get_attribute</STRONG> (Thumb, 0 bytes, Stack size 0 bytes, rom_symbol.txt(ABSOLUTE))
<BR><BR>[Called By]<UL><LI><a href="#[146]">&gt;&gt;</a>&nbsp;&nbsp;&nbsp;attm_update_max_len (via Veneer)
</UL>

<P><STRONG><a name="[148]"></a>attmdb_uuid16_comp</STRONG> (Thumb, 0 bytes, Stack size 0 bytes, rom_symbol.txt(ABSOLUTE))
<BR><BR>[Called By]<UL><LI><a href="#[146]">&gt;&gt;</a>&nbsp;&nbsp;&nbsp;attm_update_max_len (via Veneer)
</UL>

<P><STRONG><a name="[153]"></a>atts_clear_read_cache</STRONG> (Thumb, 0 bytes, Stack size 0 bytes, rom_symbol.txt(ABSOLUTE))
<BR><BR>[Called By]<UL><LI><a href="#[dd]">&gt;&gt;</a>&nbsp;&nbsp;&nbsp;atts_read_mult_req_patch (via Veneer)
</UL>

<P><STRONG><a name="[e2]"></a>atts_execute_write_req</STRONG> (Thumb, 0 bytes, Stack size 0 bytes, rom_symbol.txt(ABSOLUTE), UNUSED)
<BR>[Address Reference Count : 1]<UL><LI> atts_patch.o(.constdata)
</UL>
<P><STRONG><a name="[d8]"></a>atts_find_by_type_req</STRONG> (Thumb, 0 bytes, Stack size 0 bytes, rom_symbol.txt(ABSOLUTE), UNUSED)
<BR>[Address Reference Count : 1]<UL><LI> atts_patch.o(.constdata)
</UL>
<P><STRONG><a name="[d7]"></a>atts_find_info_req</STRONG> (Thumb, 0 bytes, Stack size 0 bytes, rom_symbol.txt(ABSOLUTE), UNUSED)
<BR>[Address Reference Count : 1]<UL><LI> atts_patch.o(.constdata)
</UL>
<P><STRONG><a name="[150]"></a>atts_get_att_chk_perm</STRONG> (Thumb, 0 bytes, Stack size 0 bytes, rom_symbol.txt(ABSOLUTE))
<BR><BR>[Called By]<UL><LI><a href="#[dd]">&gt;&gt;</a>&nbsp;&nbsp;&nbsp;atts_read_mult_req_patch (via Veneer)
</UL>

<P><STRONG><a name="[151]"></a>atts_get_value</STRONG> (Thumb, 0 bytes, Stack size 0 bytes, rom_symbol.txt(ABSOLUTE))
<BR><BR>[Called By]<UL><LI><a href="#[dd]">&gt;&gt;</a>&nbsp;&nbsp;&nbsp;atts_read_mult_req_patch (via Veneer)
</UL>

<P><STRONG><a name="[14a]"></a>atts_hdl_value_cfm</STRONG> (Thumb, 0 bytes, Stack size 0 bytes, rom_symbol.txt(ABSOLUTE))
<BR><BR>[Called By]<UL><LI><a href="#[149]">&gt;&gt;</a>&nbsp;&nbsp;&nbsp;atts_l2cc_pdu_recv_handler_patch (via Veneer)
</UL>

<P><STRONG><a name="[d6]"></a>atts_mtu_exc_req</STRONG> (Thumb, 0 bytes, Stack size 0 bytes, rom_symbol.txt(ABSOLUTE), UNUSED)
<BR>[Address Reference Count : 1]<UL><LI> atts_patch.o(.constdata)
</UL>
<P><STRONG><a name="[e1]"></a>atts_prepare_write_req</STRONG> (Thumb, 0 bytes, Stack size 0 bytes, rom_symbol.txt(ABSOLUTE), UNUSED)
<BR>[Address Reference Count : 1]<UL><LI> atts_patch.o(.constdata)
</UL>
<P><STRONG><a name="[14d]"></a>atts_process_pdu</STRONG> (Thumb, 0 bytes, Stack size 0 bytes, rom_symbol.txt(ABSOLUTE))
<BR><BR>[Called By]<UL><LI><a href="#[149]">&gt;&gt;</a>&nbsp;&nbsp;&nbsp;atts_l2cc_pdu_recv_handler_patch (via Veneer)
</UL>

<P><STRONG><a name="[dc]"></a>atts_read_blob_req</STRONG> (Thumb, 0 bytes, Stack size 0 bytes, rom_symbol.txt(ABSOLUTE), UNUSED)
<BR>[Address Reference Count : 1]<UL><LI> atts_patch.o(.constdata)
</UL>
<P><STRONG><a name="[da]"></a>atts_read_by_grp_type_req</STRONG> (Thumb, 0 bytes, Stack size 0 bytes, rom_symbol.txt(ABSOLUTE), UNUSED)
<BR>[Address Reference Count : 1]<UL><LI> atts_patch.o(.constdata)
</UL>
<P><STRONG><a name="[d9]"></a>atts_read_by_type_req</STRONG> (Thumb, 0 bytes, Stack size 0 bytes, rom_symbol.txt(ABSOLUTE), UNUSED)
<BR>[Address Reference Count : 1]<UL><LI> atts_patch.o(.constdata)
</UL>
<P><STRONG><a name="[db]"></a>atts_read_req</STRONG> (Thumb, 0 bytes, Stack size 0 bytes, rom_symbol.txt(ABSOLUTE), UNUSED)
<BR>[Address Reference Count : 1]<UL><LI> atts_patch.o(.constdata)
</UL>
<P><STRONG><a name="[156]"></a>atts_send_error</STRONG> (Thumb, 0 bytes, Stack size 0 bytes, rom_symbol.txt(ABSOLUTE))
<BR><BR>[Called By]<UL><LI><a href="#[dd]">&gt;&gt;</a>&nbsp;&nbsp;&nbsp;atts_read_mult_req_patch (via Veneer)
</UL>

<P><STRONG><a name="[155]"></a>atts_send_pdu</STRONG> (Thumb, 0 bytes, Stack size 0 bytes, rom_symbol.txt(ABSOLUTE))
<BR><BR>[Called By]<UL><LI><a href="#[dd]">&gt;&gt;</a>&nbsp;&nbsp;&nbsp;atts_read_mult_req_patch (via Veneer)
</UL>

<P><STRONG><a name="[de]"></a>atts_write_cmd</STRONG> (Thumb, 0 bytes, Stack size 0 bytes, rom_symbol.txt(ABSOLUTE), UNUSED)
<BR>[Address Reference Count : 1]<UL><LI> atts_patch.o(.constdata)
</UL>
<P><STRONG><a name="[df]"></a>atts_write_req</STRONG> (Thumb, 0 bytes, Stack size 0 bytes, rom_symbol.txt(ABSOLUTE), UNUSED)
<BR>[Address Reference Count : 1]<UL><LI> atts_patch.o(.constdata)
</UL>
<P><STRONG><a name="[e0]"></a>atts_write_signed</STRONG> (Thumb, 0 bytes, Stack size 0 bytes, rom_symbol.txt(ABSOLUTE), UNUSED)
<BR>[Address Reference Count : 1]<UL><LI> atts_patch.o(.constdata)
</UL>
<P><STRONG><a name="[3d6]"></a>ble_get_role_and_cs_idx_from_et</STRONG> (Thumb, 0 bytes, Stack size 0 bytes, rom_symbol.txt(ABSOLUTE))
<BR><BR>[Called By]<UL><LI><a href="#[c8]">&gt;&gt;</a>&nbsp;&nbsp;&nbsp;sch_prog_activity_isr_patch
</UL>

<P><STRONG><a name="[27c]"></a>ble_util_buf_acl_tx_free</STRONG> (Thumb, 0 bytes, Stack size 0 bytes, rom_symbol.txt(ABSOLUTE))
<BR><BR>[Called By]<UL><LI><a href="#[d1]">&gt;&gt;</a>&nbsp;&nbsp;&nbsp;hci_send_2_controller_patch (via Veneer)
</UL>

<P><STRONG><a name="[2e8]"></a>ble_util_buf_adv_tx_free</STRONG> (Thumb, 0 bytes, Stack size 0 bytes, rom_symbol.txt(ABSOLUTE))
<BR><BR>[Called By]<UL><LI><a href="#[2d0]">&gt;&gt;</a>&nbsp;&nbsp;&nbsp;lld_try_to_free_old_buffer (via Veneer)
</UL>

<P><STRONG><a name="[2c7]"></a>ble_util_buf_rx_free</STRONG> (Thumb, 0 bytes, Stack size 0 bytes, rom_symbol.txt(ABSOLUTE))
<BR><BR>[Called By]<UL><LI><a href="#[9]">&gt;&gt;</a>&nbsp;&nbsp;&nbsp;lld_llcp_rx_ind_handler_patch (via Veneer)
<LI><a href="#[b]">&gt;&gt;</a>&nbsp;&nbsp;&nbsp;lld_acl_rx_ind_handler_patch (via Veneer)
</UL>

<P><STRONG><a name="[1bd]"></a>check_image_crc</STRONG> (Thumb, 0 bytes, Stack size 0 bytes, rom_symbol.txt(ABSOLUTE))
<BR><BR>[Called By]<UL><LI><a href="#[1bc]">&gt;&gt;</a>&nbsp;&nbsp;&nbsp;boot_fw_valid_check (via Veneer)
</UL>

<P><STRONG><a name="[266]"></a>co_bdaddr_compare</STRONG> (Thumb, 0 bytes, Stack size 0 bytes, rom_symbol.txt(ABSOLUTE))
<BR><BR>[Called By]<UL><LI><a href="#[24]">&gt;&gt;</a>&nbsp;&nbsp;&nbsp;hci_le_set_ext_scan_en_cmd_handler_patch (via Veneer)
<LI><a href="#[22]">&gt;&gt;</a>&nbsp;&nbsp;&nbsp;hci_le_ext_create_con_cmd_handler_patch (via Veneer)
</UL>

<P><STRONG><a name="[2e6]"></a>co_list_extract</STRONG> (Thumb, 0 bytes, Stack size 0 bytes, rom_symbol.txt(ABSOLUTE))
<BR><BR>[Called By]<UL><LI><a href="#[2db]">&gt;&gt;</a>&nbsp;&nbsp;&nbsp;lld_scan_discard_last_rx_buff (via Veneer)
</UL>

<P><STRONG><a name="[2e5]"></a>co_list_find</STRONG> (Thumb, 0 bytes, Stack size 0 bytes, rom_symbol.txt(ABSOLUTE))
<BR><BR>[Called By]<UL><LI><a href="#[2db]">&gt;&gt;</a>&nbsp;&nbsp;&nbsp;lld_scan_discard_last_rx_buff (via Veneer)
<LI><a href="#[3cd]">&gt;&gt;</a>&nbsp;&nbsp;&nbsp;lp_cali_watch_alarm_start
</UL>

<P><STRONG><a name="[28e]"></a>co_list_pop_front</STRONG> (Thumb, 0 bytes, Stack size 0 bytes, rom_symbol.txt(ABSOLUTE))
<BR><BR>[Called By]<UL><LI><a href="#[d5]">&gt;&gt;</a>&nbsp;&nbsp;&nbsp;ke_task_schedule_patch (via Veneer)
<LI><a href="#[c6]">&gt;&gt;</a>&nbsp;&nbsp;&nbsp;sch_arb_event_start_isr_patch
</UL>

<P><STRONG><a name="[14c]"></a>co_list_push_back</STRONG> (Thumb, 0 bytes, Stack size 0 bytes, rom_symbol.txt(ABSOLUTE))
<BR><BR>[Called By]<UL><LI><a href="#[149]">&gt;&gt;</a>&nbsp;&nbsp;&nbsp;atts_l2cc_pdu_recv_handler_patch (via Veneer)
<LI><a href="#[d5]">&gt;&gt;</a>&nbsp;&nbsp;&nbsp;ke_task_schedule_patch (via Veneer)
<LI><a href="#[dd]">&gt;&gt;</a>&nbsp;&nbsp;&nbsp;atts_read_mult_req_patch (via Veneer)
<LI><a href="#[c6]">&gt;&gt;</a>&nbsp;&nbsp;&nbsp;sch_arb_event_start_isr_patch
</UL>

<P><STRONG><a name="[14e]"></a>co_list_size</STRONG> (Thumb, 0 bytes, Stack size 0 bytes, rom_symbol.txt(ABSOLUTE))
<BR><BR>[Called By]<UL><LI><a href="#[dd]">&gt;&gt;</a>&nbsp;&nbsp;&nbsp;atts_read_mult_req_patch (via Veneer)
</UL>

<P><STRONG><a name="[120]"></a>dbg_log_printf</STRONG> (Thumb, 0 bytes, Stack size 0 bytes, rom_symbol.txt(ABSOLUTE))
<BR><BR>[Called By]<UL><LI><a href="#[17]">&gt;&gt;</a>&nbsp;&nbsp;&nbsp;sec_rcv_sec_req_ind_handler_patch (via Veneer)
<LI><a href="#[19]">&gt;&gt;</a>&nbsp;&nbsp;&nbsp;sec_rcv_encrypt_req_ind_handler_patch (via Veneer)
<LI><a href="#[6]">&gt;&gt;</a>&nbsp;&nbsp;&nbsp;l2cc_pdu_recv_ind_handler_patch (via Veneer)
<LI><a href="#[16]">&gt;&gt;</a>&nbsp;&nbsp;&nbsp;gap_disconnect_ind_handler_patch (via Veneer)
<LI><a href="#[15]">&gt;&gt;</a>&nbsp;&nbsp;&nbsp;gap_connection_req_ind_handler_patch (via Veneer)
<LI><a href="#[18]">&gt;&gt;</a>&nbsp;&nbsp;&nbsp;gap_cmp_evt_handler_patch (via Veneer)
<LI><a href="#[1]">&gt;&gt;</a>&nbsp;&nbsp;&nbsp;gap_activity_stopped_ind_handler_patch (via Veneer)
<LI><a href="#[1b]">&gt;&gt;</a>&nbsp;&nbsp;&nbsp;ble_sdk_gatts_svc_changed_cfg_ind_handler_patch (via Veneer)
<LI><a href="#[162]">&gt;&gt;</a>&nbsp;&nbsp;&nbsp;nvds_put (via Veneer)
<LI><a href="#[145]">&gt;&gt;</a>&nbsp;&nbsp;&nbsp;write_item (via Veneer)
<LI><a href="#[1d2]">&gt;&gt;</a>&nbsp;&nbsp;&nbsp;write_compacted_items (via Veneer)
<LI><a href="#[315]">&gt;&gt;</a>&nbsp;&nbsp;&nbsp;replace_item (via Veneer)
<LI><a href="#[144]">&gt;&gt;</a>&nbsp;&nbsp;&nbsp;compact_nvds (via Veneer)
<LI><a href="#[142]">&gt;&gt;</a>&nbsp;&nbsp;&nbsp;append_item (via Veneer)
<LI><a href="#[202]">&gt;&gt;</a>&nbsp;&nbsp;&nbsp;gatt_on_connection_func_patch (via Veneer)
<LI><a href="#[20b]">&gt;&gt;</a>&nbsp;&nbsp;&nbsp;init_ltk_list (via Veneer)
<LI><a href="#[7e]">&gt;&gt;</a>&nbsp;&nbsp;&nbsp;gap_init_fsm_next_func_patch (via Veneer)
<LI><a href="#[19b]">&gt;&gt;</a>&nbsp;&nbsp;&nbsp;sec_check_conn_bond_patch (via Veneer)
<LI><a href="#[149]">&gt;&gt;</a>&nbsp;&nbsp;&nbsp;atts_l2cc_pdu_recv_handler_patch (via Veneer)
<LI><a href="#[dd]">&gt;&gt;</a>&nbsp;&nbsp;&nbsp;atts_read_mult_req_patch (via Veneer)
<LI><a href="#[198]">&gt;&gt;</a>&nbsp;&nbsp;&nbsp;gatt_find_item_patch (via Veneer)
<LI><a href="#[ca]">&gt;&gt;</a>&nbsp;&nbsp;&nbsp;gattc_write_req_ind_handler_patch (via Veneer)
<LI><a href="#[8b]">&gt;&gt;</a>&nbsp;&nbsp;&nbsp;gapm_adv_check_param_func_patch (via Veneer)
<LI><a href="#[cb]">&gt;&gt;</a>&nbsp;&nbsp;&nbsp;smpc_handle_enc_change_evt_func_patch (via Veneer)
<LI><a href="#[11e]">&gt;&gt;</a>&nbsp;&nbsp;&nbsp;add_ltk_item (via Veneer)
<LI><a href="#[90]">&gt;&gt;</a>&nbsp;&nbsp;&nbsp;gatt_on_disconnection_func_patch (via Veneer)
<LI><a href="#[23a]">&gt;&gt;</a>&nbsp;&nbsp;&nbsp;gatt_remove_item_patch (via Veneer)
</UL>

<P><STRONG><a name="[3a9]"></a>exflash_check_id</STRONG> (Thumb, 0 bytes, Stack size 0 bytes, rom_symbol.txt(ABSOLUTE))
<BR><BR>[Called By]<UL><LI><a href="#[3a5]">&gt;&gt;</a>&nbsp;&nbsp;&nbsp;hal_exflash_warm_init
<LI><a href="#[d2]">&gt;&gt;</a>&nbsp;&nbsp;&nbsp;hal_exflash_write
<LI><a href="#[d3]">&gt;&gt;</a>&nbsp;&nbsp;&nbsp;hal_exflash_erase
<LI><a href="#[326]">&gt;&gt;</a>&nbsp;&nbsp;&nbsp;platform_exflash_enable_quad
</UL>

<P><STRONG><a name="[3c5]"></a>exflash_deepsleep</STRONG> (Thumb, 0 bytes, Stack size 0 bytes, rom_symbol.txt(ABSOLUTE))
<BR><BR>[Called By]<UL><LI><a href="#[3f5]">&gt;&gt;</a>&nbsp;&nbsp;&nbsp;hal_exflash_deepsleep_patch
<LI><a href="#[d2]">&gt;&gt;</a>&nbsp;&nbsp;&nbsp;hal_exflash_write
<LI><a href="#[d3]">&gt;&gt;</a>&nbsp;&nbsp;&nbsp;hal_exflash_erase
<LI><a href="#[326]">&gt;&gt;</a>&nbsp;&nbsp;&nbsp;platform_exflash_enable_quad
</UL>

<P><STRONG><a name="[3bf]"></a>exflash_enable_write</STRONG> (Thumb, 0 bytes, Stack size 0 bytes, rom_symbol.txt(ABSOLUTE))
<BR><BR>[Called By]<UL><LI><a href="#[3c0]">&gt;&gt;</a>&nbsp;&nbsp;&nbsp;enable_quad_mode1
<LI><a href="#[3be]">&gt;&gt;</a>&nbsp;&nbsp;&nbsp;enable_quad_mode2
</UL>

<P><STRONG><a name="[3f3]"></a>exflash_erase_chip</STRONG> (Thumb, 0 bytes, Stack size 0 bytes, rom_symbol.txt(ABSOLUTE))
<BR><BR>[Called By]<UL><LI><a href="#[d3]">&gt;&gt;</a>&nbsp;&nbsp;&nbsp;hal_exflash_erase
</UL>

<P><STRONG><a name="[3f4]"></a>exflash_erase_sector</STRONG> (Thumb, 0 bytes, Stack size 0 bytes, rom_symbol.txt(ABSOLUTE))
<BR><BR>[Called By]<UL><LI><a href="#[d3]">&gt;&gt;</a>&nbsp;&nbsp;&nbsp;hal_exflash_erase
</UL>

<P><STRONG><a name="[3f2]"></a>exflash_page_program</STRONG> (Thumb, 0 bytes, Stack size 0 bytes, rom_symbol.txt(ABSOLUTE))
<BR><BR>[Called By]<UL><LI><a href="#[d2]">&gt;&gt;</a>&nbsp;&nbsp;&nbsp;hal_exflash_write
</UL>

<P><STRONG><a name="[3f8]"></a>exflash_resume</STRONG> (Thumb, 0 bytes, Stack size 0 bytes, rom_symbol.txt(ABSOLUTE))
<BR><BR>[Called By]<UL><LI><a href="#[3c9]">&gt;&gt;</a>&nbsp;&nbsp;&nbsp;hal_exflash_resume
</UL>

<P><STRONG><a name="[3f7]"></a>exflash_suspend</STRONG> (Thumb, 0 bytes, Stack size 0 bytes, rom_symbol.txt(ABSOLUTE))
<BR><BR>[Called By]<UL><LI><a href="#[3c7]">&gt;&gt;</a>&nbsp;&nbsp;&nbsp;hal_exflash_suspend
</UL>

<P><STRONG><a name="[3bd]"></a>exflash_wait_busy</STRONG> (Thumb, 0 bytes, Stack size 0 bytes, rom_symbol.txt(ABSOLUTE))
<BR><BR>[Called By]<UL><LI><a href="#[3c0]">&gt;&gt;</a>&nbsp;&nbsp;&nbsp;enable_quad_mode1
<LI><a href="#[3be]">&gt;&gt;</a>&nbsp;&nbsp;&nbsp;enable_quad_mode2
<LI><a href="#[3bb]">&gt;&gt;</a>&nbsp;&nbsp;&nbsp;enable_quad_xmc
</UL>

<P><STRONG><a name="[3a7]"></a>exflash_wakeup</STRONG> (Thumb, 0 bytes, Stack size 0 bytes, rom_symbol.txt(ABSOLUTE))
<BR><BR>[Called By]<UL><LI><a href="#[3a5]">&gt;&gt;</a>&nbsp;&nbsp;&nbsp;hal_exflash_warm_init
<LI><a href="#[3f6]">&gt;&gt;</a>&nbsp;&nbsp;&nbsp;hal_exflash_wakeup_patch
<LI><a href="#[d2]">&gt;&gt;</a>&nbsp;&nbsp;&nbsp;hal_exflash_write
<LI><a href="#[d3]">&gt;&gt;</a>&nbsp;&nbsp;&nbsp;hal_exflash_erase
<LI><a href="#[326]">&gt;&gt;</a>&nbsp;&nbsp;&nbsp;platform_exflash_enable_quad
</UL>

<P><STRONG><a name="[3c2]"></a>exflash_write_status</STRONG> (Thumb, 0 bytes, Stack size 0 bytes, rom_symbol.txt(ABSOLUTE))
<BR><BR>[Called By]<UL><LI><a href="#[3c1]">&gt;&gt;</a>&nbsp;&nbsp;&nbsp;enable_quad_mode0
</UL>

<P><STRONG><a name="[419]"></a>force_dpad_le_high</STRONG> (Thumb, 0 bytes, Stack size 0 bytes, rom_symbol.txt(ABSOLUTE))
<BR><BR>[Called By]<UL><LI><a href="#[b5]">&gt;&gt;</a>&nbsp;&nbsp;&nbsp;sys_context_restore_func
</UL>

<P><STRONG><a name="[26c]"></a>gapc_get_conidx</STRONG> (Thumb, 0 bytes, Stack size 0 bytes, rom_symbol.txt(ABSOLUTE))
<BR><BR>[Called By]<UL><LI><a href="#[13]">&gt;&gt;</a>&nbsp;&nbsp;&nbsp;hci_nb_cmp_pkts_evt_handler_patch (via Veneer)
<LI><a href="#[21d]">&gt;&gt;</a>&nbsp;&nbsp;&nbsp;hci_le_ltk_request_evt_handler_patch (via Veneer)
</UL>

<P><STRONG><a name="[377]"></a>gapc_get_dest_task</STRONG> (Thumb, 0 bytes, Stack size 0 bytes, rom_symbol.txt(ABSOLUTE))
<BR><BR>[Called By]<UL><LI><a href="#[cb]">&gt;&gt;</a>&nbsp;&nbsp;&nbsp;smpc_handle_enc_change_evt_func_patch (via Veneer)
</UL>

<P><STRONG><a name="[26d]"></a>gapc_get_operation</STRONG> (Thumb, 0 bytes, Stack size 0 bytes, rom_symbol.txt(ABSOLUTE))
<BR><BR>[Called By]<UL><LI><a href="#[21d]">&gt;&gt;</a>&nbsp;&nbsp;&nbsp;hci_le_ltk_request_evt_handler_patch (via Veneer)
<LI><a href="#[cb]">&gt;&gt;</a>&nbsp;&nbsp;&nbsp;smpc_handle_enc_change_evt_func_patch (via Veneer)
</UL>

<P><STRONG><a name="[378]"></a>gapc_link_encrypted</STRONG> (Thumb, 0 bytes, Stack size 0 bytes, rom_symbol.txt(ABSOLUTE))
<BR><BR>[Called By]<UL><LI><a href="#[cb]">&gt;&gt;</a>&nbsp;&nbsp;&nbsp;smpc_handle_enc_change_evt_func_patch (via Veneer)
</UL>

<P><STRONG><a name="[376]"></a>gapc_send_complete_evt</STRONG> (Thumb, 0 bytes, Stack size 0 bytes, rom_symbol.txt(ABSOLUTE))
<BR><BR>[Called By]<UL><LI><a href="#[cb]">&gt;&gt;</a>&nbsp;&nbsp;&nbsp;smpc_handle_enc_change_evt_func_patch (via Veneer)
</UL>

<P><STRONG><a name="[22b]"></a>gapc_set_local_addr</STRONG> (Thumb, 0 bytes, Stack size 0 bytes, rom_symbol.txt(ABSOLUTE))
<BR><BR>[Called By]<UL><LI><a href="#[8f]">&gt;&gt;</a>&nbsp;&nbsp;&nbsp;gapm_init_connection_ind_func_patch (via Veneer)
</UL>

<P><STRONG><a name="[375]"></a>gapc_update_state</STRONG> (Thumb, 0 bytes, Stack size 0 bytes, rom_symbol.txt(ABSOLUTE))
<BR><BR>[Called By]<UL><LI><a href="#[cb]">&gt;&gt;</a>&nbsp;&nbsp;&nbsp;smpc_handle_enc_change_evt_func_patch (via Veneer)
</UL>

<P><STRONG><a name="[232]"></a>gapm_actv_alloc</STRONG> (Thumb, 0 bytes, Stack size 0 bytes, rom_symbol.txt(ABSOLUTE))
<BR><BR>[Called By]<UL><LI><a href="#[224]">&gt;&gt;</a>&nbsp;&nbsp;&nbsp;gapm_init_create_patch (via Veneer)
</UL>

<P><STRONG><a name="[21f]"></a>gapm_actv_check_create_param</STRONG> (Thumb, 0 bytes, Stack size 0 bytes, rom_symbol.txt(ABSOLUTE))
<BR><BR>[Called By]<UL><LI><a href="#[1d]">&gt;&gt;</a>&nbsp;&nbsp;&nbsp;gapm_activity_create_cmd_handler_patch (via Veneer)
</UL>

<P><STRONG><a name="[234]"></a>gapm_actv_created</STRONG> (Thumb, 0 bytes, Stack size 0 bytes, rom_symbol.txt(ABSOLUTE))
<BR><BR>[Called By]<UL><LI><a href="#[224]">&gt;&gt;</a>&nbsp;&nbsp;&nbsp;gapm_init_create_patch (via Veneer)
</UL>

<P><STRONG><a name="[220]"></a>gapm_actv_get_free_idx</STRONG> (Thumb, 0 bytes, Stack size 0 bytes, rom_symbol.txt(ABSOLUTE))
<BR><BR>[Called By]<UL><LI><a href="#[1d]">&gt;&gt;</a>&nbsp;&nbsp;&nbsp;gapm_activity_create_cmd_handler_patch (via Veneer)
</UL>

<P><STRONG><a name="[25e]"></a>gapm_actv_retrieve_cmd_cmp_evt</STRONG> (Thumb, 0 bytes, Stack size 0 bytes, rom_symbol.txt(ABSOLUTE))
<BR><BR>[Called By]<UL><LI><a href="#[25]">&gt;&gt;</a>&nbsp;&nbsp;&nbsp;hci_le_cmd_cmp_evt_init_handler_patch (via Veneer)
</UL>

<P><STRONG><a name="[285]"></a>gapm_actv_started</STRONG> (Thumb, 0 bytes, Stack size 0 bytes, rom_symbol.txt(ABSOLUTE))
<BR><BR>[Called By]<UL><LI><a href="#[25f]">&gt;&gt;</a>&nbsp;&nbsp;&nbsp;init_hci_le_cmd_cmp_evt_starting_handler_patch (via Veneer)
</UL>

<P><STRONG><a name="[221]"></a>gapm_adv_create</STRONG> (Thumb, 0 bytes, Stack size 0 bytes, rom_symbol.txt(ABSOLUTE))
<BR><BR>[Called By]<UL><LI><a href="#[1d]">&gt;&gt;</a>&nbsp;&nbsp;&nbsp;gapm_activity_create_cmd_handler_patch (via Veneer)
</UL>

<P><STRONG><a name="[22a]"></a>gapm_get_address_type</STRONG> (Thumb, 0 bytes, Stack size 0 bytes, rom_symbol.txt(ABSOLUTE))
<BR><BR>[Called By]<UL><LI><a href="#[224]">&gt;&gt;</a>&nbsp;&nbsp;&nbsp;gapm_init_create_patch
<LI><a href="#[8f]">&gt;&gt;</a>&nbsp;&nbsp;&nbsp;gapm_init_connection_ind_func_patch
</UL>

<P><STRONG><a name="[225]"></a>gapm_get_att_handle</STRONG> (Thumb, 0 bytes, Stack size 0 bytes, rom_symbol.txt(ABSOLUTE))
<BR><BR>[Called By]<UL><LI><a href="#[0]">&gt;&gt;</a>&nbsp;&nbsp;&nbsp;gapm_cmp_evt_handler_patch
</UL>

<P><STRONG><a name="[233]"></a>gapm_get_requester</STRONG> (Thumb, 0 bytes, Stack size 0 bytes, rom_symbol.txt(ABSOLUTE))
<BR><BR>[Called By]<UL><LI><a href="#[224]">&gt;&gt;</a>&nbsp;&nbsp;&nbsp;gapm_init_create_patch
</UL>

<P><STRONG><a name="[235]"></a>gapm_init_check_param</STRONG> (Thumb, 0 bytes, Stack size 0 bytes, rom_symbol.txt(ABSOLUTE))
<BR><BR>[Called By]<UL><LI><a href="#[8c]">&gt;&gt;</a>&nbsp;&nbsp;&nbsp;gapm_init_start_patch
</UL>

<P><STRONG><a name="[8e]"></a>gapm_init_delete</STRONG> (Thumb, 0 bytes, Stack size 0 bytes, rom_symbol.txt(ABSOLUTE), UNUSED)
<BR>[Address Reference Count : 1]<UL><LI> gapm_init_patch.o(i.gapm_init_create_patch)
</UL>
<P><STRONG><a name="[237]"></a>gapm_init_send_hci_le_create_con_cancel_cmd</STRONG> (Thumb, 0 bytes, Stack size 0 bytes, rom_symbol.txt(ABSOLUTE))
<BR><BR>[Called By]<UL><LI><a href="#[8d]">&gt;&gt;</a>&nbsp;&nbsp;&nbsp;gapm_init_stop_patch
</UL>

<P><STRONG><a name="[22f]"></a>gapm_init_send_hci_le_ext_create_con_cmd</STRONG> (Thumb, 0 bytes, Stack size 0 bytes, rom_symbol.txt(ABSOLUTE))
<BR><BR>[Called By]<UL><LI><a href="#[8c]">&gt;&gt;</a>&nbsp;&nbsp;&nbsp;gapm_init_start_patch
<LI><a href="#[8f]">&gt;&gt;</a>&nbsp;&nbsp;&nbsp;gapm_init_connection_ind_func_patch
</UL>

<P><STRONG><a name="[230]"></a>gapm_init_stopped</STRONG> (Thumb, 0 bytes, Stack size 0 bytes, rom_symbol.txt(ABSOLUTE))
<BR><BR>[Called By]<UL><LI><a href="#[8f]">&gt;&gt;</a>&nbsp;&nbsp;&nbsp;gapm_init_connection_ind_func_patch
<LI><a href="#[25f]">&gt;&gt;</a>&nbsp;&nbsp;&nbsp;init_hci_le_cmd_cmp_evt_starting_handler_patch
</UL>

<P><STRONG><a name="[231]"></a>gapm_is_addr_type_valid</STRONG> (Thumb, 0 bytes, Stack size 0 bytes, rom_symbol.txt(ABSOLUTE))
<BR><BR>[Called By]<UL><LI><a href="#[224]">&gt;&gt;</a>&nbsp;&nbsp;&nbsp;gapm_init_create_patch
</UL>

<P><STRONG><a name="[223]"></a>gapm_per_sync_create</STRONG> (Thumb, 0 bytes, Stack size 0 bytes, rom_symbol.txt(ABSOLUTE))
<BR><BR>[Called By]<UL><LI><a href="#[1d]">&gt;&gt;</a>&nbsp;&nbsp;&nbsp;gapm_activity_create_cmd_handler_patch
</UL>

<P><STRONG><a name="[21e]"></a>gapm_process_op</STRONG> (Thumb, 0 bytes, Stack size 0 bytes, rom_symbol.txt(ABSOLUTE))
<BR><BR>[Called By]<UL><LI><a href="#[1d]">&gt;&gt;</a>&nbsp;&nbsp;&nbsp;gapm_activity_create_cmd_handler_patch
</UL>

<P><STRONG><a name="[222]"></a>gapm_scan_create</STRONG> (Thumb, 0 bytes, Stack size 0 bytes, rom_symbol.txt(ABSOLUTE))
<BR><BR>[Called By]<UL><LI><a href="#[1d]">&gt;&gt;</a>&nbsp;&nbsp;&nbsp;gapm_activity_create_cmd_handler_patch
</UL>

<P><STRONG><a name="[14f]"></a>gattc_get_mtu</STRONG> (Thumb, 0 bytes, Stack size 0 bytes, rom_symbol.txt(ABSOLUTE))
<BR><BR>[Called By]<UL><LI><a href="#[dd]">&gt;&gt;</a>&nbsp;&nbsp;&nbsp;atts_read_mult_req_patch
</UL>

<P><STRONG><a name="[37f]"></a>hal_efuse_read</STRONG> (Thumb, 0 bytes, Stack size 0 bytes, rom_symbol.txt(ABSOLUTE))
<BR><BR>[Called By]<UL><LI><a href="#[281]">&gt;&gt;</a>&nbsp;&nbsp;&nbsp;sys_get_efuse_io_ldo
<LI><a href="#[37b]">&gt;&gt;</a>&nbsp;&nbsp;&nbsp;sys_efuse_info_sync
</UL>

<P><STRONG><a name="[247]"></a>hal_exflash_init_ext</STRONG> (Thumb, 0 bytes, Stack size 0 bytes, rom_symbol.txt(ABSOLUTE))
<BR><BR>[Called By]<UL><LI><a href="#[246]">&gt;&gt;</a>&nbsp;&nbsp;&nbsp;hal_flash_init
</UL>

<P><STRONG><a name="[390]"></a>hal_exflash_read_rom</STRONG> (Thumb, 0 bytes, Stack size 0 bytes, rom_symbol.txt(ABSOLUTE))
<BR><BR>[Called By]<UL><LI><a href="#[248]">&gt;&gt;</a>&nbsp;&nbsp;&nbsp;hal_exflash_read
</UL>

<P><STRONG><a name="[3a6]"></a>hal_exflash_set_retry</STRONG> (Thumb, 0 bytes, Stack size 0 bytes, rom_symbol.txt(ABSOLUTE))
<BR><BR>[Called By]<UL><LI><a href="#[3a5]">&gt;&gt;</a>&nbsp;&nbsp;&nbsp;hal_exflash_warm_init
</UL>

<P><STRONG><a name="[24c]"></a>hal_gpio_init_ext</STRONG> (Thumb, 0 bytes, Stack size 0 bytes, rom_symbol.txt(ABSOLUTE))
<BR><BR>[Called By]<UL><LI><a href="#[1c3]">&gt;&gt;</a>&nbsp;&nbsp;&nbsp;hal_gpio_init
</UL>

<P><STRONG><a name="[24b]"></a>hal_gpio_register_callback</STRONG> (Thumb, 0 bytes, Stack size 0 bytes, rom_symbol.txt(ABSOLUTE))
<BR><BR>[Called By]<UL><LI><a href="#[1c3]">&gt;&gt;</a>&nbsp;&nbsp;&nbsp;hal_gpio_init
</UL>

<P><STRONG><a name="[24e]"></a>hal_pwr_config_timer_wakeup_ext</STRONG> (Thumb, 0 bytes, Stack size 0 bytes, rom_symbol.txt(ABSOLUTE))
<BR><BR>[Called By]<UL><LI><a href="#[140]">&gt;&gt;</a>&nbsp;&nbsp;&nbsp;hal_pwr_config_timer_wakeup
</UL>

<P><STRONG><a name="[431]"></a>hal_pwr_enter_chip_deepsleep</STRONG> (Thumb, 0 bytes, Stack size 0 bytes, rom_symbol.txt(ABSOLUTE))
<BR><BR>[Called By]<UL><LI><a href="#[b8]">&gt;&gt;</a>&nbsp;&nbsp;&nbsp;pwr_mgmt_shutdown_patch (via Veneer)
</UL>

<P><STRONG><a name="[24d]"></a>hal_pwr_register_timer_elaspsed_handler</STRONG> (Thumb, 0 bytes, Stack size 0 bytes, rom_symbol.txt(ABSOLUTE))
<BR><BR>[Called By]<UL><LI><a href="#[140]">&gt;&gt;</a>&nbsp;&nbsp;&nbsp;hal_pwr_config_timer_wakeup
</UL>

<P><STRONG><a name="[38d]"></a>hal_pwr_sleep_timer_irq_handler</STRONG> (Thumb, 0 bytes, Stack size 0 bytes, rom_symbol.txt(ABSOLUTE))
<BR><BR>[Called By]<UL><LI><a href="#[69]">&gt;&gt;</a>&nbsp;&nbsp;&nbsp;SLPTIMER_IRQHandler
</UL>

<P><STRONG><a name="[255]"></a>hal_uart_deinit_ext</STRONG> (Thumb, 0 bytes, Stack size 0 bytes, rom_symbol.txt(ABSOLUTE))
<BR><BR>[Called By]<UL><LI><a href="#[1c4]">&gt;&gt;</a>&nbsp;&nbsp;&nbsp;hal_uart_deinit
</UL>

<P><STRONG><a name="[256]"></a>hal_uart_init_ext</STRONG> (Thumb, 0 bytes, Stack size 0 bytes, rom_symbol.txt(ABSOLUTE))
<BR><BR>[Called By]<UL><LI><a href="#[1c5]">&gt;&gt;</a>&nbsp;&nbsp;&nbsp;hal_uart_init
</UL>

<P><STRONG><a name="[254]"></a>hal_uart_register_callback</STRONG> (Thumb, 0 bytes, Stack size 0 bytes, rom_symbol.txt(ABSOLUTE))
<BR><BR>[Called By]<UL><LI><a href="#[1c4]">&gt;&gt;</a>&nbsp;&nbsp;&nbsp;hal_uart_deinit
<LI><a href="#[1c5]">&gt;&gt;</a>&nbsp;&nbsp;&nbsp;hal_uart_init
</UL>

<P><STRONG><a name="[1c6]"></a>hal_uart_transmit</STRONG> (Thumb, 0 bytes, Stack size 0 bytes, rom_symbol.txt(ABSOLUTE))
<BR><BR>[Called By]<UL><LI><a href="#[78]">&gt;&gt;</a>&nbsp;&nbsp;&nbsp;bsp_uart_send
</UL>

<P><STRONG><a name="[3ba]"></a>hal_xqspi_command_receive</STRONG> (Thumb, 0 bytes, Stack size 0 bytes, rom_symbol.txt(ABSOLUTE))
<BR><BR>[Called By]<UL><LI><a href="#[3a8]">&gt;&gt;</a>&nbsp;&nbsp;&nbsp;exflash_check_id_patch
<LI><a href="#[3b9]">&gt;&gt;</a>&nbsp;&nbsp;&nbsp;enable_quad_stat
</UL>

<P><STRONG><a name="[39b]"></a>hal_xqspi_msp_init</STRONG> (Thumb, 0 bytes, Stack size 0 bytes, rom_symbol.txt(ABSOLUTE))
<BR><BR>[Called By]<UL><LI><a href="#[38f]">&gt;&gt;</a>&nbsp;&nbsp;&nbsp;hal_xqspi_init_ext_patch
</UL>

<P><STRONG><a name="[39c]"></a>hal_xqspi_set_retry</STRONG> (Thumb, 0 bytes, Stack size 0 bytes, rom_symbol.txt(ABSOLUTE))
<BR><BR>[Called By]<UL><LI><a href="#[38f]">&gt;&gt;</a>&nbsp;&nbsp;&nbsp;hal_xqspi_init_ext_patch
</UL>

<P><STRONG><a name="[3bc]"></a>hal_xqspi_transmit</STRONG> (Thumb, 0 bytes, Stack size 0 bytes, rom_symbol.txt(ABSOLUTE))
<BR><BR>[Called By]<UL><LI><a href="#[3c0]">&gt;&gt;</a>&nbsp;&nbsp;&nbsp;enable_quad_mode1
<LI><a href="#[3be]">&gt;&gt;</a>&nbsp;&nbsp;&nbsp;enable_quad_mode2
<LI><a href="#[3bb]">&gt;&gt;</a>&nbsp;&nbsp;&nbsp;enable_quad_xmc
</UL>

<P><STRONG><a name="[260]"></a>init_hci_le_cmd_cmp_evt_started_handler</STRONG> (Thumb, 0 bytes, Stack size 0 bytes, rom_symbol.txt(ABSOLUTE))
<BR><BR>[Called By]<UL><LI><a href="#[25]">&gt;&gt;</a>&nbsp;&nbsp;&nbsp;hci_le_cmd_cmp_evt_init_handler_patch
</UL>

<P><STRONG><a name="[261]"></a>init_hci_le_cmd_cmp_evt_stopping_handler</STRONG> (Thumb, 0 bytes, Stack size 0 bytes, rom_symbol.txt(ABSOLUTE))
<BR><BR>[Called By]<UL><LI><a href="#[25]">&gt;&gt;</a>&nbsp;&nbsp;&nbsp;hci_le_cmd_cmp_evt_init_handler_patch
</UL>

<P><STRONG><a name="[9b]"></a>hci_le_con_upd_cmd_handler</STRONG> (Thumb, 0 bytes, Stack size 0 bytes, rom_symbol.txt(ABSOLUTE), UNUSED)
<BR>[Address Reference Count : 1]<UL><LI> llc_hci_patch.o(i.llc_hci_new_handler_find)
</UL>
<P><STRONG><a name="[27b]"></a>hci_look_for_cmd_desc</STRONG> (Thumb, 0 bytes, Stack size 0 bytes, rom_symbol.txt(ABSOLUTE))
<BR><BR>[Called By]<UL><LI><a href="#[d1]">&gt;&gt;</a>&nbsp;&nbsp;&nbsp;hci_send_2_controller_patch
</UL>

<P><STRONG><a name="[381]"></a>jump_app</STRONG> (Thumb, 0 bytes, Stack size 0 bytes, rom_symbol.txt(ABSOLUTE))
<BR><BR>[Called By]<UL><LI><a href="#[36f]">&gt;&gt;</a>&nbsp;&nbsp;&nbsp;sys_firmware_jump
<LI><a href="#[3aa]">&gt;&gt;</a>&nbsp;&nbsp;&nbsp;warm_boot_patch
</UL>

<P><STRONG><a name="[295]"></a>ke_event_callback_set</STRONG> (Thumb, 0 bytes, Stack size 0 bytes, rom_symbol.txt(ABSOLUTE))
<BR><BR>[Called By]<UL><LI><a href="#[177]">&gt;&gt;</a>&nbsp;&nbsp;&nbsp;l2cm_l2cap_tx_handler_replace
</UL>

<P><STRONG><a name="[291]"></a>ke_event_clear</STRONG> (Thumb, 0 bytes, Stack size 0 bytes, rom_symbol.txt(ABSOLUTE))
<BR><BR>[Called By]<UL><LI><a href="#[d5]">&gt;&gt;</a>&nbsp;&nbsp;&nbsp;ke_task_schedule_patch
<LI><a href="#[94]">&gt;&gt;</a>&nbsp;&nbsp;&nbsp;l2cm_l2cap_tx_handler_patch
</UL>

<P><STRONG><a name="[27a]"></a>ke_event_set</STRONG> (Thumb, 0 bytes, Stack size 0 bytes, rom_symbol.txt(ABSOLUTE))
<BR><BR>[Called By]<UL><LI><a href="#[13]">&gt;&gt;</a>&nbsp;&nbsp;&nbsp;hci_nb_cmp_pkts_evt_handler_patch
<LI><a href="#[94]">&gt;&gt;</a>&nbsp;&nbsp;&nbsp;l2cm_l2cap_tx_handler_patch
</UL>

<P><STRONG><a name="[3e1]"></a>ke_free</STRONG> (Thumb, 0 bytes, Stack size 0 bytes, rom_symbol.txt(ABSOLUTE))
<BR><BR>[Called By]<UL><LI><a href="#[3dc]">&gt;&gt;</a>&nbsp;&nbsp;&nbsp;lld_scan_process_pkt_rx_patch
</UL>

<P><STRONG><a name="[28f]"></a>ke_is_free</STRONG> (Thumb, 0 bytes, Stack size 0 bytes, rom_symbol.txt(ABSOLUTE))
<BR><BR>[Called By]<UL><LI><a href="#[d5]">&gt;&gt;</a>&nbsp;&nbsp;&nbsp;ke_task_schedule_patch
</UL>

<P><STRONG><a name="[152]"></a>ke_malloc</STRONG> (Thumb, 0 bytes, Stack size 0 bytes, rom_symbol.txt(ABSOLUTE))
<BR><BR>[Called By]<UL><LI><a href="#[dd]">&gt;&gt;</a>&nbsp;&nbsp;&nbsp;atts_read_mult_req_patch
<LI><a href="#[ad]">&gt;&gt;</a>&nbsp;&nbsp;&nbsp;lld_init_start_patch
</UL>

<P><STRONG><a name="[22c]"></a>ke_msg_alloc</STRONG> (Thumb, 0 bytes, Stack size 0 bytes, rom_symbol.txt(ABSOLUTE))
<BR><BR>[Called By]<UL><LI><a href="#[21d]">&gt;&gt;</a>&nbsp;&nbsp;&nbsp;hci_le_ltk_request_evt_handler_patch
<LI><a href="#[8f]">&gt;&gt;</a>&nbsp;&nbsp;&nbsp;gapm_init_connection_ind_func_patch
<LI><a href="#[99]">&gt;&gt;</a>&nbsp;&nbsp;&nbsp;llc_rem_con_upd_proc_continue_patch
<LI><a href="#[9c]">&gt;&gt;</a>&nbsp;&nbsp;&nbsp;hci_le_con_upd_cmd_handler_patch
<LI><a href="#[a3]">&gt;&gt;</a>&nbsp;&nbsp;&nbsp;ll_phy_req_handler_patch
<LI><a href="#[a1]">&gt;&gt;</a>&nbsp;&nbsp;&nbsp;ll_connection_update_ind_handler_patch
<LI><a href="#[a2]">&gt;&gt;</a>&nbsp;&nbsp;&nbsp;ll_connection_param_req_handler_patch
<LI><a href="#[a0]">&gt;&gt;</a>&nbsp;&nbsp;&nbsp;ll_channel_map_ind_handler_patch
<LI><a href="#[3dc]">&gt;&gt;</a>&nbsp;&nbsp;&nbsp;lld_scan_process_pkt_rx_patch
<LI><a href="#[cb]">&gt;&gt;</a>&nbsp;&nbsp;&nbsp;smpc_handle_enc_change_evt_func_patch
</UL>

<P><STRONG><a name="[26a]"></a>ke_msg_free</STRONG> (Thumb, 0 bytes, Stack size 0 bytes, rom_symbol.txt(ABSOLUTE))
<BR><BR>[Called By]<UL><LI><a href="#[22]">&gt;&gt;</a>&nbsp;&nbsp;&nbsp;hci_le_ext_create_con_cmd_handler_patch
<LI><a href="#[d5]">&gt;&gt;</a>&nbsp;&nbsp;&nbsp;ke_task_schedule_patch
<LI><a href="#[d1]">&gt;&gt;</a>&nbsp;&nbsp;&nbsp;hci_send_2_controller_patch
<LI><a href="#[3dc]">&gt;&gt;</a>&nbsp;&nbsp;&nbsp;lld_scan_process_pkt_rx_patch
</UL>

<P><STRONG><a name="[22d]"></a>ke_msg_send</STRONG> (Thumb, 0 bytes, Stack size 0 bytes, rom_symbol.txt(ABSOLUTE))
<BR><BR>[Called By]<UL><LI><a href="#[21d]">&gt;&gt;</a>&nbsp;&nbsp;&nbsp;hci_le_ltk_request_evt_handler_patch
<LI><a href="#[8f]">&gt;&gt;</a>&nbsp;&nbsp;&nbsp;gapm_init_connection_ind_func_patch
<LI><a href="#[99]">&gt;&gt;</a>&nbsp;&nbsp;&nbsp;llc_rem_con_upd_proc_continue_patch
<LI><a href="#[9c]">&gt;&gt;</a>&nbsp;&nbsp;&nbsp;hci_le_con_upd_cmd_handler_patch
<LI><a href="#[d1]">&gt;&gt;</a>&nbsp;&nbsp;&nbsp;hci_send_2_controller_patch
<LI><a href="#[3dc]">&gt;&gt;</a>&nbsp;&nbsp;&nbsp;lld_scan_process_pkt_rx_patch
<LI><a href="#[cb]">&gt;&gt;</a>&nbsp;&nbsp;&nbsp;smpc_handle_enc_change_evt_func_patch
</UL>

<P><STRONG><a name="[14b]"></a>ke_state_get</STRONG> (Thumb, 0 bytes, Stack size 0 bytes, rom_symbol.txt(ABSOLUTE))
<BR><BR>[Called By]<UL><LI><a href="#[6]">&gt;&gt;</a>&nbsp;&nbsp;&nbsp;l2cc_pdu_recv_ind_handler_patch
<LI><a href="#[149]">&gt;&gt;</a>&nbsp;&nbsp;&nbsp;atts_l2cc_pdu_recv_handler_patch
</UL>

<P><STRONG><a name="[290]"></a>ke_task_handler_get</STRONG> (Thumb, 0 bytes, Stack size 0 bytes, rom_symbol.txt(ABSOLUTE))
<BR><BR>[Called By]<UL><LI><a href="#[d5]">&gt;&gt;</a>&nbsp;&nbsp;&nbsp;ke_task_schedule_patch
</UL>

<P><STRONG><a name="[22e]"></a>ke_timer_clear</STRONG> (Thumb, 0 bytes, Stack size 0 bytes, rom_symbol.txt(ABSOLUTE))
<BR><BR>[Called By]<UL><LI><a href="#[24]">&gt;&gt;</a>&nbsp;&nbsp;&nbsp;hci_le_set_ext_scan_en_cmd_handler_patch
<LI><a href="#[8d]">&gt;&gt;</a>&nbsp;&nbsp;&nbsp;gapm_init_stop_patch
<LI><a href="#[8f]">&gt;&gt;</a>&nbsp;&nbsp;&nbsp;gapm_init_connection_ind_func_patch
<LI><a href="#[25f]">&gt;&gt;</a>&nbsp;&nbsp;&nbsp;init_hci_le_cmd_cmp_evt_starting_handler_patch
</UL>

<P><STRONG><a name="[236]"></a>ke_timer_set</STRONG> (Thumb, 0 bytes, Stack size 0 bytes, rom_symbol.txt(ABSOLUTE))
<BR><BR>[Called By]<UL><LI><a href="#[8c]">&gt;&gt;</a>&nbsp;&nbsp;&nbsp;gapm_init_start_patch
</UL>

<P><STRONG><a name="[293]"></a>l2cc_pdu_send</STRONG> (Thumb, 0 bytes, Stack size 0 bytes, rom_symbol.txt(ABSOLUTE))
<BR><BR>[Called By]<UL><LI><a href="#[6]">&gt;&gt;</a>&nbsp;&nbsp;&nbsp;l2cc_pdu_recv_ind_handler_patch
</UL>

<P><STRONG><a name="[154]"></a>l2cc_pdu_alloc</STRONG> (Thumb, 0 bytes, Stack size 0 bytes, rom_symbol.txt(ABSOLUTE))
<BR><BR>[Called By]<UL><LI><a href="#[6]">&gt;&gt;</a>&nbsp;&nbsp;&nbsp;l2cc_pdu_recv_ind_handler_patch
<LI><a href="#[dd]">&gt;&gt;</a>&nbsp;&nbsp;&nbsp;atts_read_mult_req_patch
</UL>

<P><STRONG><a name="[278]"></a>l2cm_get_nb_buffer_available</STRONG> (Thumb, 0 bytes, Stack size 0 bytes, rom_symbol.txt(ABSOLUTE))
<BR><BR>[Called By]<UL><LI><a href="#[13]">&gt;&gt;</a>&nbsp;&nbsp;&nbsp;hci_nb_cmp_pkts_evt_handler_patch
</UL>

<P><STRONG><a name="[250]"></a>ll_rng_deinit</STRONG> (Thumb, 0 bytes, Stack size 0 bytes, rom_symbol.txt(ABSOLUTE))
<BR><BR>[Called By]<UL><LI><a href="#[24f]">&gt;&gt;</a>&nbsp;&nbsp;&nbsp;hal_rng_deinit_ext
</UL>

<P><STRONG><a name="[252]"></a>ll_rng_init</STRONG> (Thumb, 0 bytes, Stack size 0 bytes, rom_symbol.txt(ABSOLUTE))
<BR><BR>[Called By]<UL><LI><a href="#[251]">&gt;&gt;</a>&nbsp;&nbsp;&nbsp;hal_rng_generate_random_number
</UL>

<P><STRONG><a name="[2a2]"></a>llc_auth_payl_nearly_to_handler</STRONG> (Thumb, 0 bytes, Stack size 0 bytes, rom_symbol.txt(ABSOLUTE))
<BR><BR>[Called By]<UL><LI><a href="#[10]">&gt;&gt;</a>&nbsp;&nbsp;&nbsp;llc_auth_payl_nearly_to_handler_patch
</UL>

<P><STRONG><a name="[2a3]"></a>llc_auth_payl_real_to_handler</STRONG> (Thumb, 0 bytes, Stack size 0 bytes, rom_symbol.txt(ABSOLUTE))
<BR><BR>[Called By]<UL><LI><a href="#[11]">&gt;&gt;</a>&nbsp;&nbsp;&nbsp;llc_auth_payl_real_to_handler_patch
</UL>

<P><STRONG><a name="[95]"></a>llc_ch_map_up_proc_err_cb</STRONG> (Thumb, 0 bytes, Stack size 0 bytes, rom_symbol.txt(ABSOLUTE), UNUSED)
<BR>[Address Reference Count : 1]<UL><LI> llc_chmap_upd_patch.o(i.ll_channel_map_ind_handler_patch)
</UL>
<P><STRONG><a name="[264]"></a>llc_cmd_stat_send</STRONG> (Thumb, 0 bytes, Stack size 0 bytes, rom_symbol.txt(ABSOLUTE))
<BR><BR>[Called By]<UL><LI><a href="#[9c]">&gt;&gt;</a>&nbsp;&nbsp;&nbsp;hci_le_con_upd_cmd_handler_patch
</UL>

<P><STRONG><a name="[262]"></a>llc_con_upd_param_in_range</STRONG> (Thumb, 0 bytes, Stack size 0 bytes, rom_symbol.txt(ABSOLUTE))
<BR><BR>[Called By]<UL><LI><a href="#[9c]">&gt;&gt;</a>&nbsp;&nbsp;&nbsp;hci_le_con_upd_cmd_handler_patch
<LI><a href="#[a1]">&gt;&gt;</a>&nbsp;&nbsp;&nbsp;ll_connection_update_ind_handler_patch
<LI><a href="#[a2]">&gt;&gt;</a>&nbsp;&nbsp;&nbsp;ll_connection_param_req_handler_patch
</UL>

<P><STRONG><a name="[2a7]"></a>llc_disconnect</STRONG> (Thumb, 0 bytes, Stack size 0 bytes, rom_symbol.txt(ABSOLUTE))
<BR><BR>[Called By]<UL><LI><a href="#[2a5]">&gt;&gt;</a>&nbsp;&nbsp;&nbsp;llc_llcp_rsp_to
<LI><a href="#[9a]">&gt;&gt;</a>&nbsp;&nbsp;&nbsp;llc_rem_encrypt_proc_continue_patch
</UL>

<P><STRONG><a name="[2b4]"></a>llc_hci_con_param_req_evt_send</STRONG> (Thumb, 0 bytes, Stack size 0 bytes, rom_symbol.txt(ABSOLUTE))
<BR><BR>[Called By]<UL><LI><a href="#[99]">&gt;&gt;</a>&nbsp;&nbsp;&nbsp;llc_rem_con_upd_proc_continue_patch
</UL>

<P><STRONG><a name="[2b6]"></a>llc_hci_con_upd_info_send</STRONG> (Thumb, 0 bytes, Stack size 0 bytes, rom_symbol.txt(ABSOLUTE))
<BR><BR>[Called By]<UL><LI><a href="#[99]">&gt;&gt;</a>&nbsp;&nbsp;&nbsp;llc_rem_con_upd_proc_continue_patch
</UL>

<P><STRONG><a name="[2c5]"></a>llc_hci_enc_evt_send</STRONG> (Thumb, 0 bytes, Stack size 0 bytes, rom_symbol.txt(ABSOLUTE))
<BR><BR>[Called By]<UL><LI><a href="#[1f4]">&gt;&gt;</a>&nbsp;&nbsp;&nbsp;llc_rem_encrypt_proc_finish
</UL>

<P><STRONG><a name="[2c0]"></a>llc_hci_ltk_request_evt_send</STRONG> (Thumb, 0 bytes, Stack size 0 bytes, rom_symbol.txt(ABSOLUTE))
<BR><BR>[Called By]<UL><LI><a href="#[9a]">&gt;&gt;</a>&nbsp;&nbsp;&nbsp;llc_rem_encrypt_proc_continue_patch
</UL>

<P><STRONG><a name="[2bd]"></a>llc_iv_skd_rand_gen</STRONG> (Thumb, 0 bytes, Stack size 0 bytes, rom_symbol.txt(ABSOLUTE))
<BR><BR>[Called By]<UL><LI><a href="#[9a]">&gt;&gt;</a>&nbsp;&nbsp;&nbsp;llc_rem_encrypt_proc_continue_patch
</UL>

<P><STRONG><a name="[2c6]"></a>llc_le_ping_restart</STRONG> (Thumb, 0 bytes, Stack size 0 bytes, rom_symbol.txt(ABSOLUTE))
<BR><BR>[Called By]<UL><LI><a href="#[1f4]">&gt;&gt;</a>&nbsp;&nbsp;&nbsp;llc_rem_encrypt_proc_finish
</UL>

<P><STRONG><a name="[2b5]"></a>llc_ll_connection_param_rsp_pdu_send</STRONG> (Thumb, 0 bytes, Stack size 0 bytes, rom_symbol.txt(ABSOLUTE))
<BR><BR>[Called By]<UL><LI><a href="#[99]">&gt;&gt;</a>&nbsp;&nbsp;&nbsp;llc_rem_con_upd_proc_continue_patch
</UL>

<P><STRONG><a name="[9e]"></a>llc_ll_enc_rsp_ack_handler</STRONG> (Thumb, 0 bytes, Stack size 0 bytes, rom_symbol.txt(ABSOLUTE), UNUSED)
<BR>[Address Reference Count : 1]<UL><LI> llc_encrypt_patch.o(i.llc_rem_encrypt_proc_continue_patch)
</UL>
<P><STRONG><a name="[2bf]"></a>llc_ll_enc_rsp_pdu_send</STRONG> (Thumb, 0 bytes, Stack size 0 bytes, rom_symbol.txt(ABSOLUTE))
<BR><BR>[Called By]<UL><LI><a href="#[9a]">&gt;&gt;</a>&nbsp;&nbsp;&nbsp;llc_rem_encrypt_proc_continue_patch
</UL>

<P><STRONG><a name="[2bc]"></a>llc_ll_pause_enc_rsp_pdu_send</STRONG> (Thumb, 0 bytes, Stack size 0 bytes, rom_symbol.txt(ABSOLUTE))
<BR><BR>[Called By]<UL><LI><a href="#[9a]">&gt;&gt;</a>&nbsp;&nbsp;&nbsp;llc_rem_encrypt_proc_continue_patch
</UL>

<P><STRONG><a name="[9d]"></a>llc_ll_reject_ind_ack_handler</STRONG> (Thumb, 0 bytes, Stack size 0 bytes, rom_symbol.txt(ABSOLUTE), UNUSED)
<BR>[Address Reference Count : 1]<UL><LI> llc_encrypt_patch.o(i.llc_rem_encrypt_proc_continue_patch)
</UL>
<P><STRONG><a name="[2b3]"></a>llc_ll_reject_ind_pdu_send</STRONG> (Thumb, 0 bytes, Stack size 0 bytes, rom_symbol.txt(ABSOLUTE))
<BR><BR>[Called By]<UL><LI><a href="#[99]">&gt;&gt;</a>&nbsp;&nbsp;&nbsp;llc_rem_con_upd_proc_continue_patch
<LI><a href="#[9a]">&gt;&gt;</a>&nbsp;&nbsp;&nbsp;llc_rem_encrypt_proc_continue_patch
</UL>

<P><STRONG><a name="[2c3]"></a>llc_ll_start_enc_req_pdu_send</STRONG> (Thumb, 0 bytes, Stack size 0 bytes, rom_symbol.txt(ABSOLUTE))
<BR><BR>[Called By]<UL><LI><a href="#[9a]">&gt;&gt;</a>&nbsp;&nbsp;&nbsp;llc_rem_encrypt_proc_continue_patch
</UL>

<P><STRONG><a name="[9f]"></a>llc_ll_start_enc_rsp_ack_handler</STRONG> (Thumb, 0 bytes, Stack size 0 bytes, rom_symbol.txt(ABSOLUTE), UNUSED)
<BR>[Address Reference Count : 1]<UL><LI> llc_encrypt_patch.o(i.llc_rem_encrypt_proc_continue_patch)
</UL>
<P><STRONG><a name="[2c4]"></a>llc_ll_start_enc_rsp_pdu_send</STRONG> (Thumb, 0 bytes, Stack size 0 bytes, rom_symbol.txt(ABSOLUTE))
<BR><BR>[Called By]<UL><LI><a href="#[9a]">&gt;&gt;</a>&nbsp;&nbsp;&nbsp;llc_rem_encrypt_proc_continue_patch
</UL>

<P><STRONG><a name="[2bb]"></a>llc_llcp_state_set</STRONG> (Thumb, 0 bytes, Stack size 0 bytes, rom_symbol.txt(ABSOLUTE))
<BR><BR>[Called By]<UL><LI><a href="#[9a]">&gt;&gt;</a>&nbsp;&nbsp;&nbsp;llc_rem_encrypt_proc_continue_patch
<LI><a href="#[1f4]">&gt;&gt;</a>&nbsp;&nbsp;&nbsp;llc_rem_encrypt_proc_finish
</UL>

<P><STRONG><a name="[92]"></a>llc_loc_con_upd_proc_err_cb</STRONG> (Thumb, 0 bytes, Stack size 0 bytes, rom_symbol.txt(ABSOLUTE), UNUSED)
<BR>[Address Reference Count : 2]<UL><LI> llc_con_upd_patch.o(i.llc_rem_con_upd_proc_continue_patch)
<LI> llc_con_upd_patch.o(i.hci_le_con_upd_cmd_handler_patch)
</UL>
<P><STRONG><a name="[2a8]"></a>llc_op_dl_upd_ind_handler</STRONG> (Thumb, 0 bytes, Stack size 0 bytes, rom_symbol.txt(ABSOLUTE))
<BR><BR>[Called By]<UL><LI><a href="#[12]">&gt;&gt;</a>&nbsp;&nbsp;&nbsp;llc_op_dl_upd_ind_handler_patch
</UL>

<P><STRONG><a name="[29f]"></a>llc_proc_collision_check</STRONG> (Thumb, 0 bytes, Stack size 0 bytes, rom_symbol.txt(ABSOLUTE))
<BR><BR>[Called By]<UL><LI><a href="#[a3]">&gt;&gt;</a>&nbsp;&nbsp;&nbsp;ll_phy_req_handler_patch
<LI><a href="#[a2]">&gt;&gt;</a>&nbsp;&nbsp;&nbsp;ll_connection_param_req_handler_patch
</UL>

<P><STRONG><a name="[2a0]"></a>llc_proc_get</STRONG> (Thumb, 0 bytes, Stack size 0 bytes, rom_symbol.txt(ABSOLUTE))
<BR><BR>[Called By]<UL><LI><a href="#[99]">&gt;&gt;</a>&nbsp;&nbsp;&nbsp;llc_rem_con_upd_proc_continue_patch
<LI><a href="#[a1]">&gt;&gt;</a>&nbsp;&nbsp;&nbsp;ll_connection_update_ind_handler_patch
<LI><a href="#[9a]">&gt;&gt;</a>&nbsp;&nbsp;&nbsp;llc_rem_encrypt_proc_continue_patch
<LI><a href="#[1f4]">&gt;&gt;</a>&nbsp;&nbsp;&nbsp;llc_rem_encrypt_proc_finish
</UL>

<P><STRONG><a name="[29a]"></a>llc_proc_id_get</STRONG> (Thumb, 0 bytes, Stack size 0 bytes, rom_symbol.txt(ABSOLUTE))
<BR><BR>[Called By]<UL><LI><a href="#[29b]">&gt;&gt;</a>&nbsp;&nbsp;&nbsp;llc_proc_collision_check_slave
<LI><a href="#[a3]">&gt;&gt;</a>&nbsp;&nbsp;&nbsp;ll_phy_req_handler_patch
<LI><a href="#[a1]">&gt;&gt;</a>&nbsp;&nbsp;&nbsp;ll_connection_update_ind_handler_patch
<LI><a href="#[a2]">&gt;&gt;</a>&nbsp;&nbsp;&nbsp;ll_connection_param_req_handler_patch
<LI><a href="#[a0]">&gt;&gt;</a>&nbsp;&nbsp;&nbsp;ll_channel_map_ind_handler_patch
</UL>

<P><STRONG><a name="[29c]"></a>llc_proc_reg</STRONG> (Thumb, 0 bytes, Stack size 0 bytes, rom_symbol.txt(ABSOLUTE))
[...]
<BR><BR>[Stack]<UL><LI>Max Depth = 168<LI>Call Chain = vbatt_calibrations &rArr; update_io_ldo_to_prevent_leakage &rArr; internal_3p3_ioldo_update &rArr; i0nd_ioldo_3v_get &rArr; sys_get_efuse_io_ldo &rArr; sys_efuse_info_sync &rArr; hal_efuse_init_ext
</UL>
<BR>[Calls]<UL><LI><a href="#[387]">&gt;&gt;</a>&nbsp;&nbsp;&nbsp;update_io_ldo_to_prevent_leakage
<LI><a href="#[386]">&gt;&gt;</a>&nbsp;&nbsp;&nbsp;ton_value_set
<LI><a href="#[103]">&gt;&gt;</a>&nbsp;&nbsp;&nbsp;__aeabi_d2iz
</UL>
<BR>[Called By]<UL><LI><a href="#[335]">&gt;&gt;</a>&nbsp;&nbsp;&nbsp;pmu_calibration_handler
</UL>

<P><STRONG><a name="[324]"></a>ll_pwr_req_excute_psc_command</STRONG> (Thumb, 18 bytes, Stack size 0 bytes, platform_clock.o(RAM_CODE))
<BR><BR>[Called By]<UL><LI><a href="#[322]">&gt;&gt;</a>&nbsp;&nbsp;&nbsp;platform_disable_sleep_timer
<LI><a href="#[321]">&gt;&gt;</a>&nbsp;&nbsp;&nbsp;platform_set_psc_clk
</UL>

<P><STRONG><a name="[323]"></a>ll_pwr_is_active_flag_psc_cmd_busy</STRONG> (Thumb, 12 bytes, Stack size 0 bytes, platform_clock.o(RAM_CODE))
<BR><BR>[Called By]<UL><LI><a href="#[322]">&gt;&gt;</a>&nbsp;&nbsp;&nbsp;platform_disable_sleep_timer
<LI><a href="#[321]">&gt;&gt;</a>&nbsp;&nbsp;&nbsp;platform_set_psc_clk
</UL>

<P><STRONG><a name="[320]"></a>platform_set_ble_rtc_clk</STRONG> (Thumb, 162 bytes, Stack size 40 bytes, platform_clock.o(i.platform_set_ble_rtc_clk))
<BR><BR>[Stack]<UL><LI>Max Depth = 1248<LI>Call Chain = platform_set_ble_rtc_clk &rArr; nvds_put &rArr; replace_item &rArr; append_item &rArr; compact_nvds &rArr; write_compacted_items &rArr; write_incr &rArr; dec_flash_write &rArr; hal_flash_write_r &rArr; hal_exflash_write &rArr; hal_xqspi_init_ext &rArr; hal_xqspi_init_ext_patch &rArr; ll_xqspi_init_patch
</UL>
<BR>[Calls]<UL><LI><a href="#[1d8]">&gt;&gt;</a>&nbsp;&nbsp;&nbsp;hal_dwt_enable
<LI><a href="#[1d9]">&gt;&gt;</a>&nbsp;&nbsp;&nbsp;hal_dwt_disable
<LI><a href="#[162]">&gt;&gt;</a>&nbsp;&nbsp;&nbsp;nvds_put
</UL>
<BR>[Called By]<UL><LI><a href="#[31d]">&gt;&gt;</a>&nbsp;&nbsp;&nbsp;platform_clock_init
</UL>

<P><STRONG><a name="[321]"></a>platform_set_psc_clk</STRONG> (Thumb, 76 bytes, Stack size 8 bytes, platform_clock.o(i.platform_set_psc_clk))
<BR><BR>[Stack]<UL><LI>Max Depth = 8<LI>Call Chain = platform_set_psc_clk
</UL>
<BR>[Calls]<UL><LI><a href="#[33a]">&gt;&gt;</a>&nbsp;&nbsp;&nbsp;sys_lpclk_set
<LI><a href="#[323]">&gt;&gt;</a>&nbsp;&nbsp;&nbsp;ll_pwr_is_active_flag_psc_cmd_busy
<LI><a href="#[324]">&gt;&gt;</a>&nbsp;&nbsp;&nbsp;ll_pwr_req_excute_psc_command
</UL>
<BR>[Called By]<UL><LI><a href="#[31d]">&gt;&gt;</a>&nbsp;&nbsp;&nbsp;platform_clock_init
</UL>

<P><STRONG><a name="[31f]"></a>rf_xo_offset_init</STRONG> (Thumb, 96 bytes, Stack size 24 bytes, platform_clock.o(i.rf_xo_offset_init))
<BR><BR>[Stack]<UL><LI>Max Depth = 1232<LI>Call Chain = rf_xo_offset_init &rArr; nvds_put &rArr; replace_item &rArr; append_item &rArr; compact_nvds &rArr; write_compacted_items &rArr; write_incr &rArr; dec_flash_write &rArr; hal_flash_write_r &rArr; hal_exflash_write &rArr; hal_xqspi_init_ext &rArr; hal_xqspi_init_ext_patch &rArr; ll_xqspi_init_patch
</UL>
<BR>[Calls]<UL><LI><a href="#[162]">&gt;&gt;</a>&nbsp;&nbsp;&nbsp;nvds_put
<LI><a href="#[309]">&gt;&gt;</a>&nbsp;&nbsp;&nbsp;nvds_get
<LI><a href="#[364]">&gt;&gt;</a>&nbsp;&nbsp;&nbsp;work_xo_bias_set
</UL>
<BR>[Called By]<UL><LI><a href="#[31d]">&gt;&gt;</a>&nbsp;&nbsp;&nbsp;platform_clock_init
</UL>

<P><STRONG><a name="[31e]"></a>system_clk_mgmt_init</STRONG> (Thumb, 44 bytes, Stack size 0 bytes, platform_clock.o(i.system_clk_mgmt_init))
<BR><BR>[Called By]<UL><LI><a href="#[31d]">&gt;&gt;</a>&nbsp;&nbsp;&nbsp;platform_clock_init
</UL>

<P><STRONG><a name="[1f4]"></a>llc_rem_encrypt_proc_finish</STRONG> (Thumb, 168 bytes, Stack size 24 bytes, llc_encrypt_patch.o(i.llc_rem_encrypt_proc_finish))
<BR><BR>[Stack]<UL><LI>Max Depth = 24<LI>Call Chain = llc_rem_encrypt_proc_finish
</UL>
<BR>[Calls]<UL><LI><a href="#[2b8]">&gt;&gt;</a>&nbsp;&nbsp;&nbsp;lld_con_data_flow_set
<LI><a href="#[2b7]">&gt;&gt;</a>&nbsp;&nbsp;&nbsp;llc_proc_unreg
<LI><a href="#[2b9]">&gt;&gt;</a>&nbsp;&nbsp;&nbsp;llc_proc_timer_pause_set
<LI><a href="#[2a0]">&gt;&gt;</a>&nbsp;&nbsp;&nbsp;llc_proc_get
<LI><a href="#[2bb]">&gt;&gt;</a>&nbsp;&nbsp;&nbsp;llc_llcp_state_set
<LI><a href="#[2c6]">&gt;&gt;</a>&nbsp;&nbsp;&nbsp;llc_le_ping_restart
<LI><a href="#[2c5]">&gt;&gt;</a>&nbsp;&nbsp;&nbsp;llc_hci_enc_evt_send
</UL>
<BR>[Called By]<UL><LI><a href="#[1f3]">&gt;&gt;</a>&nbsp;&nbsp;&nbsp;finish_encryt_check_by_llcp
<LI><a href="#[9a]">&gt;&gt;</a>&nbsp;&nbsp;&nbsp;llc_rem_encrypt_proc_continue_patch
</UL>

<P><STRONG><a name="[b1]"></a>lld_scan_evt_start_cbk_patch</STRONG> (Thumb, 10 bytes, Stack size 0 bytes, lld_scan_patch.o(RAM_CODE))
<BR><BR>[Calls]<UL><LI><a href="#[3db]">&gt;&gt;</a>&nbsp;&nbsp;&nbsp;lld_scan_evt_start_cbk
</UL>
<BR>[Address Reference Count : 1]<UL><LI> lld_scan_patch.o(i.lld_scan_start_func_patch)
</UL>
<P><STRONG><a name="[3dc]"></a>lld_scan_process_pkt_rx_patch</STRONG> (Thumb, 2664 bytes, Stack size 80 bytes, lld_scan_patch.o(RAM_CODE))
<BR><BR>[Stack]<UL><LI>Max Depth = 92<LI>Call Chain = lld_scan_process_pkt_rx_patch &rArr; memcmp
</UL>
<BR>[Calls]<UL><LI><a href="#[10b]">&gt;&gt;</a>&nbsp;&nbsp;&nbsp;assert_err
<LI><a href="#[3e0]">&gt;&gt;</a>&nbsp;&nbsp;&nbsp;lld_scan_sync_info_unpack
<LI><a href="#[3de]">&gt;&gt;</a>&nbsp;&nbsp;&nbsp;lld_scan_sync_accept
<LI><a href="#[3dd]">&gt;&gt;</a>&nbsp;&nbsp;&nbsp;lld_scan_get_adv_data_len
<LI><a href="#[2cc]">&gt;&gt;</a>&nbsp;&nbsp;&nbsp;lld_rxdesc_free
<LI><a href="#[2cd]">&gt;&gt;</a>&nbsp;&nbsp;&nbsp;lld_rxdesc_check
<LI><a href="#[3df]">&gt;&gt;</a>&nbsp;&nbsp;&nbsp;lld_calc_aux_rx
<LI><a href="#[22d]">&gt;&gt;</a>&nbsp;&nbsp;&nbsp;ke_msg_send
<LI><a href="#[26a]">&gt;&gt;</a>&nbsp;&nbsp;&nbsp;ke_msg_free
<LI><a href="#[22c]">&gt;&gt;</a>&nbsp;&nbsp;&nbsp;ke_msg_alloc
<LI><a href="#[3e1]">&gt;&gt;</a>&nbsp;&nbsp;&nbsp;ke_free
<LI><a href="#[11f]">&gt;&gt;</a>&nbsp;&nbsp;&nbsp;memcmp
<LI><a href="#[ef]">&gt;&gt;</a>&nbsp;&nbsp;&nbsp;__aeabi_memclr
<LI><a href="#[121]">&gt;&gt;</a>&nbsp;&nbsp;&nbsp;__aeabi_memcpy
</UL>
<BR>[Called By]<UL><LI><a href="#[3e3]">&gt;&gt;</a>&nbsp;&nbsp;&nbsp;lld_scan_frm_eof_isr_patch
<LI><a href="#[3e2]">&gt;&gt;</a>&nbsp;&nbsp;&nbsp;lld_scan_frm_rx_isr_patch
</UL>

<P><STRONG><a name="[3e2]"></a>lld_scan_frm_rx_isr_patch</STRONG> (Thumb, 86 bytes, Stack size 24 bytes, lld_scan_patch.o(RAM_CODE))
<BR><BR>[Stack]<UL><LI>Max Depth = 116<LI>Call Chain = lld_scan_frm_rx_isr_patch &rArr; lld_scan_process_pkt_rx_patch &rArr; memcmp
</UL>
<BR>[Calls]<UL><LI><a href="#[10b]">&gt;&gt;</a>&nbsp;&nbsp;&nbsp;assert_err
<LI><a href="#[3dc]">&gt;&gt;</a>&nbsp;&nbsp;&nbsp;lld_scan_process_pkt_rx_patch
</UL>
<BR>[Called By]<UL><LI><a href="#[ae]">&gt;&gt;</a>&nbsp;&nbsp;&nbsp;lld_scan_frm_cbk_func_patch
</UL>

<P><STRONG><a name="[3e3]"></a>lld_scan_frm_eof_isr_patch</STRONG> (Thumb, 290 bytes, Stack size 48 bytes, lld_scan_patch.o(RAM_CODE))
<BR><BR>[Stack]<UL><LI>Max Depth = 140<LI>Call Chain = lld_scan_frm_eof_isr_patch &rArr; lld_scan_process_pkt_rx_patch &rArr; memcmp
</UL>
<BR>[Calls]<UL><LI><a href="#[269]">&gt;&gt;</a>&nbsp;&nbsp;&nbsp;assert_param
<LI><a href="#[2cb]">&gt;&gt;</a>&nbsp;&nbsp;&nbsp;sch_arb_remove
<LI><a href="#[3e5]">&gt;&gt;</a>&nbsp;&nbsp;&nbsp;lld_scan_trunc_ind
<LI><a href="#[3e4]">&gt;&gt;</a>&nbsp;&nbsp;&nbsp;lld_scan_end
<LI><a href="#[2cc]">&gt;&gt;</a>&nbsp;&nbsp;&nbsp;lld_rxdesc_free
<LI><a href="#[2cd]">&gt;&gt;</a>&nbsp;&nbsp;&nbsp;lld_rxdesc_check
<LI><a href="#[3dc]">&gt;&gt;</a>&nbsp;&nbsp;&nbsp;lld_scan_process_pkt_rx_patch
</UL>
<BR>[Called By]<UL><LI><a href="#[ae]">&gt;&gt;</a>&nbsp;&nbsp;&nbsp;lld_scan_frm_cbk_func_patch
</UL>

<P><STRONG><a name="[ae]"></a>lld_scan_frm_cbk_func_patch</STRONG> (Thumb, 150 bytes, Stack size 16 bytes, lld_scan_patch.o(RAM_CODE))
<BR><BR>[Stack]<UL><LI>Max Depth = 156<LI>Call Chain = lld_scan_frm_cbk_func_patch &rArr; lld_scan_frm_eof_isr_patch &rArr; lld_scan_process_pkt_rx_patch &rArr; memcmp
</UL>
<BR>[Calls]<UL><LI><a href="#[269]">&gt;&gt;</a>&nbsp;&nbsp;&nbsp;assert_param
<LI><a href="#[3e6]">&gt;&gt;</a>&nbsp;&nbsp;&nbsp;lld_scan_frm_skip_isr
<LI><a href="#[3e3]">&gt;&gt;</a>&nbsp;&nbsp;&nbsp;lld_scan_frm_eof_isr_patch
<LI><a href="#[3e2]">&gt;&gt;</a>&nbsp;&nbsp;&nbsp;lld_scan_frm_rx_isr_patch
</UL>
<BR>[Address Reference Count : 1]<UL><LI> lld_scan_patch.o(i.lld_scan_frm_cbk_replace)
</UL>
<P><STRONG><a name="[dd]"></a>atts_read_mult_req_patch</STRONG> (Thumb, 376 bytes, Stack size 56 bytes, atts_patch.o(i.atts_read_mult_req_patch))
<BR><BR>[Stack]<UL><LI>Max Depth = 56<LI>Call Chain = atts_read_mult_req_patch
</UL>
<BR>[Calls]<UL><LI><a href="#[120]">&gt;&gt;</a>&nbsp;&nbsp;&nbsp;dbg_log_printf (via Veneer)
<LI><a href="#[152]">&gt;&gt;</a>&nbsp;&nbsp;&nbsp;ke_malloc
<LI><a href="#[14f]">&gt;&gt;</a>&nbsp;&nbsp;&nbsp;gattc_get_mtu
<LI><a href="#[14e]">&gt;&gt;</a>&nbsp;&nbsp;&nbsp;co_list_size (via Veneer)
<LI><a href="#[14c]">&gt;&gt;</a>&nbsp;&nbsp;&nbsp;co_list_push_back (via Veneer)
<LI><a href="#[155]">&gt;&gt;</a>&nbsp;&nbsp;&nbsp;atts_send_pdu (via Veneer)
<LI><a href="#[156]">&gt;&gt;</a>&nbsp;&nbsp;&nbsp;atts_send_error (via Veneer)
<LI><a href="#[151]">&gt;&gt;</a>&nbsp;&nbsp;&nbsp;atts_get_value (via Veneer)
<LI><a href="#[150]">&gt;&gt;</a>&nbsp;&nbsp;&nbsp;atts_get_att_chk_perm (via Veneer)
<LI><a href="#[153]">&gt;&gt;</a>&nbsp;&nbsp;&nbsp;atts_clear_read_cache (via Veneer)
<LI><a href="#[154]">&gt;&gt;</a>&nbsp;&nbsp;&nbsp;l2cc_pdu_alloc
<LI><a href="#[121]">&gt;&gt;</a>&nbsp;&nbsp;&nbsp;__aeabi_memcpy
</UL>
<BR>[Address Reference Count : 1]<UL><LI> atts_patch.o(.constdata)
</UL>
<P><STRONG><a name="[294]"></a>get_conn_idx_by_id</STRONG> (Thumb, 42 bytes, Stack size 12 bytes, l2cm_patch.o(i.get_conn_idx_by_id))
<BR><BR>[Stack]<UL><LI>Max Depth = 12<LI>Call Chain = get_conn_idx_by_id
</UL>
<BR>[Called By]<UL><LI><a href="#[94]">&gt;&gt;</a>&nbsp;&nbsp;&nbsp;l2cm_l2cap_tx_handler_patch
</UL>

<P><STRONG><a name="[94]"></a>l2cm_l2cap_tx_handler_patch</STRONG> (Thumb, 148 bytes, Stack size 32 bytes, l2cm_patch.o(i.l2cm_l2cap_tx_handler_patch))
<BR><BR>[Stack]<UL><LI>Max Depth = 44<LI>Call Chain = l2cm_l2cap_tx_handler_patch &rArr; get_conn_idx_by_id
</UL>
<BR>[Calls]<UL><LI><a href="#[27a]">&gt;&gt;</a>&nbsp;&nbsp;&nbsp;ke_event_set
<LI><a href="#[291]">&gt;&gt;</a>&nbsp;&nbsp;&nbsp;ke_event_clear
<LI><a href="#[294]">&gt;&gt;</a>&nbsp;&nbsp;&nbsp;get_conn_idx_by_id
</UL>
<BR>[Address Reference Count : 1]<UL><LI> l2cm_patch.o(i.l2cm_l2cap_tx_handler_replace)
</UL>
<P><STRONG><a name="[3fa]"></a>ll_xqspi_disable_cache</STRONG> (Thumb, 28 bytes, Stack size 0 bytes, gr55xx_ll_xqspi_patch.o(RAM_CODE))
<BR><BR>[Called By]<UL><LI><a href="#[39e]">&gt;&gt;</a>&nbsp;&nbsp;&nbsp;ll_xqspi_init_patch
</UL>

<P><STRONG><a name="[ba]"></a>rf_wakeup_init_patch</STRONG> (Thumb, 16 bytes, Stack size 8 bytes, rf_gdx_patch.o(RAM_CODE))
<BR><BR>[Stack]<UL><LI>Max Depth = 8<LI>Call Chain = rf_wakeup_init_patch
</UL>
<BR>[Calls]<UL><LI><a href="#[418]">&gt;&gt;</a>&nbsp;&nbsp;&nbsp;rf_wakeup_init
<LI><a href="#[35e]">&gt;&gt;</a>&nbsp;&nbsp;&nbsp;rf_timing_cfg
<LI><a href="#[35f]">&gt;&gt;</a>&nbsp;&nbsp;&nbsp;rf_perform_enhance
</UL>
<BR>[Address Reference Count : 1]<UL><LI> rf_gdx_patch.o(i.rf_gdx_replace)
</UL>
<P><STRONG><a name="[1ed]"></a>get_F_value_patch</STRONG> (Thumb, 32 bytes, Stack size 0 bytes, rf_gdx_patch.o(i.get_F_value_patch))
<BR><BR>[Called By]<UL><LI><a href="#[35a]">&gt;&gt;</a>&nbsp;&nbsp;&nbsp;rf_modulation_accuracy_calibration_patch
<LI><a href="#[1e9]">&gt;&gt;</a>&nbsp;&nbsp;&nbsp;ext_hp_gain_calibration
</UL>

<P><STRONG><a name="[b9]"></a>rf_init_patch</STRONG> (Thumb, 84 bytes, Stack size 8 bytes, rf_gdx_patch.o(i.rf_init_patch))
<BR><BR>[Stack]<UL><LI>Max Depth = 320<LI>Call Chain = rf_init_patch &rArr; rf_modulation_accuracy_calibration_patch &rArr; round &rArr; __aeabi_dadd &rArr; _double_epilogue &rArr; _double_round
</UL>
<BR>[Calls]<UL><LI><a href="#[35d]">&gt;&gt;</a>&nbsp;&nbsp;&nbsp;rf_trim_calibration
<LI><a href="#[35b]">&gt;&gt;</a>&nbsp;&nbsp;&nbsp;rf_misc_init
<LI><a href="#[359]">&gt;&gt;</a>&nbsp;&nbsp;&nbsp;rf_em_init
<LI><a href="#[358]">&gt;&gt;</a>&nbsp;&nbsp;&nbsp;rf_api_init
<LI><a href="#[35c]">&gt;&gt;</a>&nbsp;&nbsp;&nbsp;rf_agc_init
<LI><a href="#[170]">&gt;&gt;</a>&nbsp;&nbsp;&nbsp;ble_communication_core_init
<LI><a href="#[35a]">&gt;&gt;</a>&nbsp;&nbsp;&nbsp;rf_modulation_accuracy_calibration_patch
<LI><a href="#[354]">&gt;&gt;</a>&nbsp;&nbsp;&nbsp;rf_hp_gain_offset_cfg
<LI><a href="#[1e9]">&gt;&gt;</a>&nbsp;&nbsp;&nbsp;ext_hp_gain_calibration
<LI><a href="#[35e]">&gt;&gt;</a>&nbsp;&nbsp;&nbsp;rf_timing_cfg
<LI><a href="#[35f]">&gt;&gt;</a>&nbsp;&nbsp;&nbsp;rf_perform_enhance
</UL>
<BR>[Address Reference Count : 1]<UL><LI> rf_gdx_patch.o(i.rf_gdx_replace)
</UL>
<P><STRONG><a name="[363]"></a>rf_tx_pw_conv_tbl_get</STRONG> (Thumb, 76 bytes, Stack size 0 bytes, rf_gdx_patch.o(i.rf_tx_pw_conv_tbl_get))
<BR><BR>[Called By]<UL><LI><a href="#[bb]">&gt;&gt;</a>&nbsp;&nbsp;&nbsp;rf_txpwr_dbm_get_patch
<LI><a href="#[bc]">&gt;&gt;</a>&nbsp;&nbsp;&nbsp;rf_txpwr_cs_get_patch
</UL>

<P><STRONG><a name="[bc]"></a>rf_txpwr_cs_get_patch</STRONG> (Thumb, 96 bytes, Stack size 16 bytes, rf_gdx_patch.o(i.rf_txpwr_cs_get_patch))
<BR><BR>[Stack]<UL><LI>Max Depth = 16<LI>Call Chain = rf_txpwr_cs_get_patch
</UL>
<BR>[Calls]<UL><LI><a href="#[361]">&gt;&gt;</a>&nbsp;&nbsp;&nbsp;rf_tx_mode_get
<LI><a href="#[362]">&gt;&gt;</a>&nbsp;&nbsp;&nbsp;rf_mat_cir_get
<LI><a href="#[363]">&gt;&gt;</a>&nbsp;&nbsp;&nbsp;rf_tx_pw_conv_tbl_get
</UL>
<BR>[Address Reference Count : 1]<UL><LI> rf_gdx_patch.o(i.rf_init_patch)
</UL>
<P><STRONG><a name="[bb]"></a>rf_txpwr_dbm_get_patch</STRONG> (Thumb, 94 bytes, Stack size 24 bytes, rf_gdx_patch.o(i.rf_txpwr_dbm_get_patch))
<BR><BR>[Stack]<UL><LI>Max Depth = 24<LI>Call Chain = rf_txpwr_dbm_get_patch
</UL>
<BR>[Calls]<UL><LI><a href="#[361]">&gt;&gt;</a>&nbsp;&nbsp;&nbsp;rf_tx_mode_get
<LI><a href="#[362]">&gt;&gt;</a>&nbsp;&nbsp;&nbsp;rf_mat_cir_get
<LI><a href="#[363]">&gt;&gt;</a>&nbsp;&nbsp;&nbsp;rf_tx_pw_conv_tbl_get
</UL>
<BR>[Address Reference Count : 1]<UL><LI> rf_gdx_patch.o(i.rf_init_patch)
</UL>
<P><STRONG><a name="[23a]"></a>gatt_remove_item_patch</STRONG> (Thumb, 52 bytes, Stack size 16 bytes, ble_sdk_gatts_patch.o(i.gatt_remove_item_patch))
<BR><BR>[Stack]<UL><LI>Max Depth = 16<LI>Call Chain = gatt_remove_item_patch
</UL>
<BR>[Calls]<UL><LI><a href="#[120]">&gt;&gt;</a>&nbsp;&nbsp;&nbsp;dbg_log_printf (via Veneer)
<LI><a href="#[ef]">&gt;&gt;</a>&nbsp;&nbsp;&nbsp;__aeabi_memclr
</UL>
<BR>[Called By]<UL><LI><a href="#[202]">&gt;&gt;</a>&nbsp;&nbsp;&nbsp;gatt_on_connection_func_patch
<LI><a href="#[90]">&gt;&gt;</a>&nbsp;&nbsp;&nbsp;gatt_on_disconnection_func_patch
</UL>

<P><STRONG><a name="[1f7]"></a>get_ori_cmd</STRONG> (Thumb, 4 bytes, Stack size 0 bytes, platform_patch.o(i.get_ori_cmd))
<BR><BR>[Called By]<UL><LI><a href="#[1f5]">&gt;&gt;</a>&nbsp;&nbsp;&nbsp;fun_replace_by_svc
</UL>

<P><STRONG><a name="[1f8]"></a>get_svc_cmd</STRONG> (Thumb, 6 bytes, Stack size 0 bytes, platform_patch.o(i.get_svc_cmd))
<BR><BR>[Called By]<UL><LI><a href="#[1f5]">&gt;&gt;</a>&nbsp;&nbsp;&nbsp;fun_replace_by_svc
</UL>

<P><STRONG><a name="[11c]"></a>ll_adc_disable_clock</STRONG> (Thumb, 26 bytes, Stack size 0 bytes, platform_adc.o(i.ll_adc_disable_clock))
<BR><BR>[Called By]<UL><LI><a href="#[11b]">&gt;&gt;</a>&nbsp;&nbsp;&nbsp;adc_conversion
</UL>

<P><STRONG><a name="[2d0]"></a>lld_try_to_free_old_buffer</STRONG> (Thumb, 56 bytes, Stack size 0 bytes, lld_adv_patch.o(i.lld_try_to_free_old_buffer))
<BR><BR>[Calls]<UL><LI><a href="#[2e8]">&gt;&gt;</a>&nbsp;&nbsp;&nbsp;ble_util_buf_adv_tx_free (via Veneer)
</UL>
<BR>[Called By]<UL><LI><a href="#[2c9]">&gt;&gt;</a>&nbsp;&nbsp;&nbsp;lld_adv_frm_isr_patch
</UL>

<P><STRONG><a name="[88]"></a>get_info</STRONG> (Thumb, 70 bytes, Stack size 16 bytes, dfu_cmd_handler_patch.o(i.get_info))
<BR><BR>[Stack]<UL><LI>Max Depth = 16<LI>Call Chain = get_info
</UL>
<BR>[Calls]<UL><LI><a href="#[243]">&gt;&gt;</a>&nbsp;&nbsp;&nbsp;dfu_send_frame
</UL>
<BR>[Address Reference Count : 1]<UL><LI> dfu_cmd_handler_patch.o(i.dfu_cmd_handler_replace)
</UL>
<P><STRONG><a name="[ca]"></a>gattc_write_req_ind_handler_patch</STRONG> (Thumb, 180 bytes, Stack size 40 bytes, ble_sdk_prf_patch.o(i.gattc_write_req_ind_handler_patch))
<BR><BR>[Stack]<UL><LI>Max Depth = 64<LI>Call Chain = gattc_write_req_ind_handler_patch &rArr; sec_check_conn_bond_patch
</UL>
<BR>[Calls]<UL><LI><a href="#[120]">&gt;&gt;</a>&nbsp;&nbsp;&nbsp;dbg_log_printf (via Veneer)
<LI><a href="#[196]">&gt;&gt;</a>&nbsp;&nbsp;&nbsp;fpb_save_state
<LI><a href="#[195]">&gt;&gt;</a>&nbsp;&nbsp;&nbsp;fpb_load_state
<LI><a href="#[19b]">&gt;&gt;</a>&nbsp;&nbsp;&nbsp;sec_check_conn_bond_patch
<LI><a href="#[23e]">&gt;&gt;</a>&nbsp;&nbsp;&nbsp;prf_get_prf_cb_by_task_id
<LI><a href="#[241]">&gt;&gt;</a>&nbsp;&nbsp;&nbsp;ble_prf_get_id_from_task
<LI><a href="#[240]">&gt;&gt;</a>&nbsp;&nbsp;&nbsp;ble_attmdb_uuid16_comp
<LI><a href="#[23f]">&gt;&gt;</a>&nbsp;&nbsp;&nbsp;ble_attmdb_get_attribute
<LI><a href="#[197]">&gt;&gt;</a>&nbsp;&nbsp;&nbsp;sec_get_bond_dev_addr
<LI><a href="#[19a]">&gt;&gt;</a>&nbsp;&nbsp;&nbsp;gatt_add_bond_cccd
<LI><a href="#[19c]">&gt;&gt;</a>&nbsp;&nbsp;&nbsp;ble_bm_set_gatt_info
<LI><a href="#[198]">&gt;&gt;</a>&nbsp;&nbsp;&nbsp;gatt_find_item_patch
</UL>
<BR>[Address Reference Count : 1]<UL><LI> ble_sdk_prf_patch.o(i.sdk_prf_msg_handler_tab_replace)
</UL>
<P><STRONG><a name="[116]"></a>_fp_digits</STRONG> (Thumb, 334 bytes, Stack size 56 bytes, printfa.o(i._fp_digits), UNUSED)
<BR><BR>[Calls]<UL><LI><a href="#[fe]">&gt;&gt;</a>&nbsp;&nbsp;&nbsp;__aeabi_dmul
<LI><a href="#[ff]">&gt;&gt;</a>&nbsp;&nbsp;&nbsp;__aeabi_ddiv
<LI><a href="#[f8]">&gt;&gt;</a>&nbsp;&nbsp;&nbsp;__aeabi_dadd
<LI><a href="#[105]">&gt;&gt;</a>&nbsp;&nbsp;&nbsp;__aeabi_d2ulz
<LI><a href="#[117]">&gt;&gt;</a>&nbsp;&nbsp;&nbsp;__aeabi_cdrcmple
<LI><a href="#[ec]">&gt;&gt;</a>&nbsp;&nbsp;&nbsp;__aeabi_uldivmod
</UL>
<BR>[Called By]<UL><LI><a href="#[112]">&gt;&gt;</a>&nbsp;&nbsp;&nbsp;_printf_core
</UL>

<P><STRONG><a name="[112]"></a>_printf_core</STRONG> (Thumb, 1744 bytes, Stack size 136 bytes, printfa.o(i._printf_core), UNUSED)
<BR><BR>[Calls]<UL><LI><a href="#[ec]">&gt;&gt;</a>&nbsp;&nbsp;&nbsp;__aeabi_uldivmod
<LI><a href="#[11a]">&gt;&gt;</a>&nbsp;&nbsp;&nbsp;__aeabi_uidivmod
<LI><a href="#[118]">&gt;&gt;</a>&nbsp;&nbsp;&nbsp;_printf_pre_padding
<LI><a href="#[119]">&gt;&gt;</a>&nbsp;&nbsp;&nbsp;_printf_post_padding
<LI><a href="#[116]">&gt;&gt;</a>&nbsp;&nbsp;&nbsp;_fp_digits
</UL>
<BR>[Called By]<UL><LI><a href="#[115]">&gt;&gt;</a>&nbsp;&nbsp;&nbsp;__0vsnprintf
<LI><a href="#[114]">&gt;&gt;</a>&nbsp;&nbsp;&nbsp;__0sprintf
<LI><a href="#[113]">&gt;&gt;</a>&nbsp;&nbsp;&nbsp;__0snprintf
<LI><a href="#[111]">&gt;&gt;</a>&nbsp;&nbsp;&nbsp;__0printf
</UL>

<P><STRONG><a name="[119]"></a>_printf_post_padding</STRONG> (Thumb, 36 bytes, Stack size 24 bytes, printfa.o(i._printf_post_padding), UNUSED)
<BR><BR>[Called By]<UL><LI><a href="#[112]">&gt;&gt;</a>&nbsp;&nbsp;&nbsp;_printf_core
</UL>

<P><STRONG><a name="[118]"></a>_printf_pre_padding</STRONG> (Thumb, 46 bytes, Stack size 24 bytes, printfa.o(i._printf_pre_padding), UNUSED)
<BR><BR>[Called By]<UL><LI><a href="#[112]">&gt;&gt;</a>&nbsp;&nbsp;&nbsp;_printf_core
</UL>

<P><STRONG><a name="[76]"></a>_snputc</STRONG> (Thumb, 22 bytes, Stack size 0 bytes, printfa.o(i._snputc))
<BR>[Address Reference Count : 2]<UL><LI> printfa.o(i.__0snprintf)
<LI> printfa.o(i.__0vsnprintf)
</UL>
<P><STRONG><a name="[77]"></a>_sputc</STRONG> (Thumb, 10 bytes, Stack size 0 bytes, printfa.o(i._sputc))
<BR><BR>[Called By]<UL><LI><a href="#[114]">&gt;&gt;</a>&nbsp;&nbsp;&nbsp;__0sprintf
</UL>
<BR>[Address Reference Count : 1]<UL><LI> printfa.o(i.__0sprintf)
</UL><P>
<H3>
Undefined Global Symbols
</H3><HR></body></html>
