<html>
<body>
<pre>
<h1>µVision Build Log</h1>
<h2>Tool Versions:</h2>
IDE-Version: ¦ÌVision V5.15
Copyright (C) 2015 ARM Ltd and ARM Germany GmbH. All rights reserved.
License Information: Z work, Z, LIC=IK1BF-62ERZ-12WLE-54WVP-ELB2M-G4C9E
 
Tool Versions:
Toolchain:       MDK-ARM Standard  Version: 5.15.0
Toolchain Path:  D:\Keil_v5\ARM\ARMCC\Bin
C Compiler:      Armcc.exe V5.05 update 2 (build 169)
Assembler:       Armasm.exe V5.05 update 2 (build 169)
Linker/Locator:  ArmLink.exe V5.05 update 2 (build 169)
Library Manager: ArmAr.exe V5.05 update 2 (build 169)
Hex Converter:   FromElf.exe V5.05 update 2 (build 169)
CPU DLL:         SARMCM3.DLL V5.15.0
Dialog DLL:      DCM.DLL V1.13.2.0
Target DLL:      UL2CM3.DLL V1.155.8.0
Dialog DLL:      TCM.DLL V1.14.5.0
 
<h2>Project:</h2>
F:\project\Maxeye\check_1F\USI216_time_opt\ble\application\Keil_5\app_216.uvprojx
Project File Date:  05/24/2023

<h2>Output:</h2>
*** Using Compiler 'V5.05 update 2 (build 169)', folder: 'D:\Keil_v5\ARM\ARMCC\Bin'
Build target 'GR5515_SK'
compiling maxeye_sleep.c...
linking...
Program Size: Code=135028 RO-data=18376 RW-data=2404 ZI-data=52368  
FromELF: creating hex file...
After Build - User command #1: fromelf.exe --bin --output ..\..\..\image\application\ble\oppo_pencil.bin Objects\oppo_pencil.axf
After Build - User command #2: ..\..\..\image\application\make_image_216.bat
generate merge image : oppo_pencil_3in1_1.1.1F_Build230530.bin
QPainter::setFont: Painter not active
generate goodix image : oppo_pencil_3in1_1.1.1F_Build230530_goodix.bin
generate success.
generate goodix image : oppo_pencil_3in1_1.1.1F_Build230530_sign.bin
1
2
3
4
5
6
const n: 0x932c9bed
hash:
2543cb728e82830300ce91cbd0a0c63f87a92a8d29758c12b6f41dfe2cef3847
buf: 0xf8,0x0e,0x31,0xb2,0x28,0xb1,0x2f,0x11,0xf5,0x6d,0x90,0xad,0xb8,0xbb,0x8e,0x3a, 
buf: 0x61,0x0e,0xe5,0x31,0xb6,0x3b,0x5d,0x9c,0xe7,0x30,0xcf,0x63,0xf5,0x60,0xfd,0x8a,0x3a,0x8e,0xbb,0xb8,0xad,0x90,0x6d,0xf5,0x11,0x2f,0xb1,0x28,0xb2,0x31,0x0e,0xf8,0x25,0x43,0xcb,0x72,0x8e,0x82,0x83,0x03,0x00,0xce,0x91,0xcb,0xd0,0xa0,0xc6,0x3f,0x87,0xa9,0x2a,0x8d, 
buf: 0xb8,0x5b,0x5f,0xe4,0xba,0xcb,0xca,0x5c,0xf4,0xf3,0xe1,0x5c,0x3b,0x10,0x53,0x71,0xa8,0xfc,0x71,0xbf,0x13,0xb9,0x60,0x57,0x3a,0x5f,0xb7,0xcf,0xb2,0x07,0xe4,0xaf, 
buf: 0x29,0x40,0x7b,0x2e,0xe0,0x2b,0x79,0xe8,0x73,0xed,0xa1,0xac,0x9e,0x2d,0x22,0xbc,0x15,0xe4,0xbd,0xa9,0xe8,0x60,0x45,0x2e,0xd5,0x3e,0x21,0x21,0x96,0x1a,0x4e,0x24, 
".\Objects\oppo_pencil.axf" - 0 Error(s), 0 Warning(s).

<h2>Collection of Component include folders:</h2>
  F:\project\Maxeye\check_1F\USI216_time_opt\ble\application\Keil_5\RTE
  D:\Keil_v5\ARM\PACK\ARM\CMSIS\5.6.0\Device\ARM\ARMCM4\Include

<h2>Collection of Component Files used:</h2>
</pre>
</body>
</html>
