<html>
<body>
<pre>
<h1>µVision Build Log</h1>
<h2>Tool Versions:</h2>
IDE-Version: ¦ÌVision V5.15
Copyright (C) 2015 ARM Ltd and ARM Germany GmbH. All rights reserved.
License Information: Z work, Z, LIC=IK1BF-62ERZ-12WLE-54WVP-ELB2M-G4C9E
 
Tool Versions:
Toolchain:       MDK-ARM Standard  Version: 5.15.0
Toolchain Path:  D:\Keil_v5\ARM\ARMCC\Bin
C Compiler:      Armcc.exe V5.05 update 2 (build 169)
Assembler:       Armasm.exe V5.05 update 2 (build 169)
Linker/Locator:  ArmLink.exe V5.05 update 2 (build 169)
Library Manager: ArmAr.exe V5.05 update 2 (build 169)
Hex Converter:   FromElf.exe V5.05 update 2 (build 169)
CPU DLL:         SARMCM3.DLL V5.15.0
Dialog DLL:      DCM.DLL V1.13.2.0
Target DLL:      UL2CM3.DLL V1.155.8.0
Dialog DLL:      TCM.DLL V1.14.5.0
 
<h2>Project:</h2>
F:\project\Maxeye\check_1F\USI216_²ú²â\ble\application\Keil_5\app_216.uvprojx
Project File Date:  05/24/2023

<h2>Output:</h2>
*** Using Compiler 'V5.05 update 2 (build 169)', folder: 'D:\Keil_v5\ARM\ARMCC\Bin'
Build target 'GR5515_SK'
compiling main.c...
compiling user_app.c...
compiling user_periph_setup.c...
compiling user_gap_callback.c...
compiling user_sm_callback.c...
compiling app_gapc_hci_patch.c...
compiling maxeye_18092D_services.c...
compiling maxeye_180933_services.c...
compiling maxeye_540500_services.c...
compiling maxeye_battery.c...
compiling maxeye_ble.c...
compiling maxeye_ble_cli.c...
compiling maxeye_dfu.c...
compiling maxeye_fatfs.c...
compiling maxeye_gpio.c...
..\Src\maxeye\src\maxeye_gpio.c(254): warning:  #223-D: function "g_sensor_int_event_start" declared implicitly
      g_sensor_int_event_start(5);
..\Src\maxeye\src\maxeye_gpio.c: 1 warning, 0 errors
compiling maxeye_io_it.c...
compiling maxeye_mcu_stylus.c...
compiling maxeye_mcu_upgrade.c...
compiling maxeye_notify.c...
compiling maxeye_public_services.c...
compiling maxeye_sensor.c...
..\Src\maxeye\src\maxeye_sensor.c(320): warning:  #223-D: function "qfy_maxeye_mcu_int_get" declared implicitly
          if (maxeye_g_int_get()||qfy_maxeye_mcu_int_get())
..\Src\maxeye\src\maxeye_sensor.c: 1 warning, 0 errors
compiling maxeye_sleep.c...
compiling maxeye_touch.c...
compiling maxeye_touch_cli.c...
compiling maxeye_touch_upgrade.c...
compiling maxeye_uart.c...
compiling maxeye_wdt.c...
compiling maxeye_wlc.c...
compiling maxeye_nvds.c...
compiling maxeye_product_test.c...
..\Src\maxeye\src\maxeye_product_test.c(153): warning:  #177-D: variable "logstr" was declared but never referenced
      char logstr[36];
..\Src\maxeye\src\maxeye_product_test.c(189): warning:  #177-D: variable "logstr" was declared but never referenced
      char logstr[36];
..\Src\maxeye\src\maxeye_product_test.c(270): warning:  #177-D: variable "logstr" was declared but never referenced
      char logstr[36];
..\Src\maxeye\src\maxeye_product_test.c(348): warning:  #177-D: variable "logstr" was declared but never referenced
      char logstr[36];
..\Src\maxeye\src\maxeye_product_test.c(511): warning:  #177-D: variable "logstr" was declared but never referenced
      char logstr[36];
..\Src\maxeye\src\maxeye_product_test.c(952): warning:  #177-D: variable "logstr" was declared but never referenced
      char logstr[64];
..\Src\maxeye\src\maxeye_product_test.c(954): warning:  #177-D: variable "wAgingCnt_temp" was declared but never referenced
        uint16_t wAgingCnt_temp = 0 ;
..\Src\maxeye\src\maxeye_product_test.c(1218): warning:  #223-D: function "srvc1_rep_rst_voltameter_notify" declared implicitly
              srvc1_rep_rst_voltameter_notify();
..\Src\maxeye\src\maxeye_product_test.c(1126): warning:  #177-D: variable "line" was declared but never referenced
      const char* line;
..\Src\maxeye\src\maxeye_product_test.c(1127): warning:  #177-D: variable "i" was declared but never referenced
      int32_t i,j;
..\Src\maxeye\src\maxeye_product_test.c(1127): warning:  #177-D: variable "j" was declared but never referenced
      int32_t i,j;
..\Src\maxeye\src\maxeye_product_test.c: 11 warnings, 0 errors
compiling maxeye_cw221x_cmd.c...
..\Src\maxeye_drivers\src\maxeye_cw221x_cmd.c(43): warning:  #223-D: function "strncmp" declared implicitly
      if(strncmp(line, "cw221x.get_id", strlen("cw221x.get_id"))==0){
..\Src\maxeye_drivers\src\maxeye_cw221x_cmd.c(43): warning:  #223-D: function "strlen" declared implicitly
      if(strncmp(line, "cw221x.get_id", strlen("cw221x.get_id"))==0){
..\Src\maxeye_drivers\src\maxeye_cw221x_cmd.c: 2 warnings, 0 errors
compiling lis2dh12.c...
compiling maxeye_cw221x.c...
compiling maxeye_ft3308.c...
compiling maxeye_i2c0.c...
compiling maxeye_mp2662.c...
compiling maxeye_ra9520.c...
compiling diskio.c...
compiling ff.c...
compiling ff_gen_drv.c...
compiling flash_diskio.c...
compiling fatfs_flash_drv.c...
assembling startup_gr55xx.s...
compiling interrupt_gr55xx.c...
compiling system_gr55xx.c...
compiling platform_gr55xx.c...
compiling gr55xx_hal.c...
compiling gr55xx_hal_exflash.c...
compiling gr55xx_hal_xqspi.c...
compiling gr55xx_hal_pwr.c...
compiling gr55xx_hal_gpio.c...
compiling gr55xx_hal_aon_gpio.c...
compiling gr55xx_hal_uart.c...
compiling gr55xx_hal_i2c.c...
compiling gr55xx_hal_aon_wdt.c...
compiling gr55xx_hal_tim.c...
compiling gr55xx_hal_calendar.c...
compiling app_dma.c...
compiling app_gpiote.c...
compiling app_io.c...
compiling app_pwr_mgmt.c...
compiling app_uart.c...
compiling app_systick.c...
compiling app_i2c.c...
compiling app_tim.c...
compiling utility.c...
compiling sensorsim.c...
compiling app_timer.c...
compiling ring_buffer.c...
compiling pmu_calibration.c...
compiling app_log.c...
compiling app_error.c...
compiling app_assert.c...
compiling bsp.c...
compiling app_key.c...
compiling app_key_core.c...
compiling dfu_port.c...
compiling app_rtc.c...
compiling app_queue.c...
compiling ble_prf_utils.c...
compiling hids.c...
compiling bas.c...
compiling dis.c...
compiling otas.c...
compiling SEGGER_RTT.c...
compiling user_log.c...
compiling promise.c...
..\Src\user\promise\promise.c(80): warning:  #1-D: last line of file ends without a newline
  }
..\Src\user\promise\promise.c: 1 warning, 0 errors
linking...
Program Size: Code=135052 RO-data=18300 RW-data=2400 ZI-data=52368  
FromELF: creating hex file...
After Build - User command #1: fromelf.exe --bin --output ..\..\..\image\application\ble\oppo_pencil.bin Objects\oppo_pencil.axf
After Build - User command #2: ..\..\..\image\application\make_image_216.bat
generate merge image : oppo_pencil_3in1_1.1.1F_Build230530.bin
QPainter::setFont: Painter not active
generate goodix image : oppo_pencil_3in1_1.1.1F_Build230530_goodix.bin
generate success.
generate goodix image : oppo_pencil_3in1_1.1.1F_Build230530_sign.bin
1
2
3
4
5
6
const n: 0x932c9bed
hash:
2543cb728e82830300ce91cbd0a0c63f87a92a8d29758c12b6f41dfe2cef3847
buf: 0x92,0xb6,0xe0,0x17,0xea,0xb5,0x2a,0x75,0x2e,0x8d,0xdf,0x81,0x72,0x80,0x01,0xac, 
buf: 0x4d,0xd2,0x30,0x9a,0x11,0xc8,0xba,0x8d,0x83,0xec,0xdc,0x12,0x4b,0x44,0x36,0x22,0xac,0x01,0x80,0x72,0x81,0xdf,0x8d,0x2e,0x75,0x2a,0xb5,0xea,0x17,0xe0,0xb6,0x92,0x25,0x43,0xcb,0x72,0x8e,0x82,0x83,0x03,0x00,0xce,0x91,0xcb,0xd0,0xa0,0xc6,0x3f,0x87,0xa9,0x2a,0x8d, 
buf: 0x2e,0x29,0xb5,0xfe,0xc3,0x57,0x93,0xa5,0x80,0x6e,0x92,0x7e,0x45,0xf3,0xe9,0x05,0x08,0x64,0x00,0xe3,0x31,0x71,0x5f,0x21,0x49,0x21,0x11,0x40,0x68,0xe0,0x57,0x7b, 
buf: 0xb6,0x36,0xc7,0x95,0xc0,0xcd,0x2d,0x66,0x7f,0xae,0xce,0x7b,0x51,0x9e,0x90,0x57,0xd9,0x9c,0xfc,0x7a,0xaf,0x84,0x3d,0x92,0x80,0xd4,0x33,0xfe,0x75,0xb1,0x6c,0x94, 
".\Objects\oppo_pencil.axf" - 0 Error(s), 16 Warning(s).

<h2>Collection of Component include folders:</h2>
  F:\project\Maxeye\check_1F\USI216_²ú²â\ble\application\Keil_5\RTE
  D:\Keil_v5\ARM\PACK\ARM\CMSIS\5.6.0\Device\ARM\ARMCM4\Include

<h2>Collection of Component Files used:</h2>
</pre>
</body>
</html>
